Archive member included because of file (symbol)

/home/rodos/Discovery_WorkSpace_Updated/rodos/Debug_STM32F4/librodos.a(debug.o)
                              ./TaskSPI.o (RODOS::ERROR(char const*))
/home/rodos/Discovery_WorkSpace_Updated/rodos/Debug_STM32F4/librodos.a(genericIO.o)
                              ./TaskSPI.o (RODOS::GenericIOInterface::suspendUntilDataReady(long long))
/home/rodos/Discovery_WorkSpace_Updated/rodos/Debug_STM32F4/librodos.a(listelement.o)
                              ./TaskSPI.o (RODOS::ListElement::~ListElement())
/home/rodos/Discovery_WorkSpace_Updated/rodos/Debug_STM32F4/librodos.a(printfverbosity.o)
                              /home/rodos/Discovery_WorkSpace_Updated/rodos/Debug_STM32F4/librodos.a(debug.o) (printfVerbosity)
/home/rodos/Discovery_WorkSpace_Updated/rodos/Debug_STM32F4/librodos.a(string_pico.o)
                              ./TaskSPI.o (RODOS::strlen(char const*))
/home/rodos/Discovery_WorkSpace_Updated/rodos/Debug_STM32F4/librodos.a(subscriber.o)
                              ./TaskSPI.o (vtable for RODOS::Subscriber)
/home/rodos/Discovery_WorkSpace_Updated/rodos/Debug_STM32F4/librodos.a(timemodel.o)
                              ./TaskSPI.o (RODOS::TimeModel::getNanoseconds())
/home/rodos/Discovery_WorkSpace_Updated/rodos/Debug_STM32F4/librodos.a(topic.o)
                              ./TaskSPI.o (RODOS::TopicInterface::TopicInterface(long, long, char const*))
/home/rodos/Discovery_WorkSpace_Updated/rodos/Debug_STM32F4/librodos.a(yprintf.o)
                              /home/rodos/Discovery_WorkSpace_Updated/rodos/Debug_STM32F4/librodos.a(debug.o) (RODOS::Yprintf::vaprintf(char const*))
/home/rodos/Discovery_WorkSpace_Updated/rodos/Debug_STM32F4/librodos.a(call_constructors.o)
                              ./TaskSPI.o (__dso_handle)
/home/rodos/Discovery_WorkSpace_Updated/rodos/Debug_STM32F4/librodos.a(startup_stm32f4xx.o)
                              (Reset_Handler)
/home/rodos/Discovery_WorkSpace_Updated/rodos/Debug_STM32F4/librodos.a(hal_gpio.o)
                              ./TaskSPI.o (RODOS::HAL_GPIO::HAL_GPIO(RODOS::GPIO_PIN))
/home/rodos/Discovery_WorkSpace_Updated/rodos/Debug_STM32F4/librodos.a(hal_spi.o)
                              ./TaskSPI.o (RODOS::HAL_SPI::HAL_SPI(RODOS::SPI_IDX))
/home/rodos/Discovery_WorkSpace_Updated/rodos/Debug_STM32F4/librodos.a(hal_uart.o)
                              ./TaskSPI.o (RODOS::HAL_UART::HAL_UART(RODOS::UART_IDX))
/home/rodos/Discovery_WorkSpace_Updated/rodos/Debug_STM32F4/librodos.a(stm32f4xx_dma.o)
                              /home/rodos/Discovery_WorkSpace_Updated/rodos/Debug_STM32F4/librodos.a(hal_spi.o) (DMA_Init)
/home/rodos/Discovery_WorkSpace_Updated/rodos/Debug_STM32F4/librodos.a(stm32f4xx_gpio.o)
                              /home/rodos/Discovery_WorkSpace_Updated/rodos/Debug_STM32F4/librodos.a(hal_gpio.o) (GPIO_Init)
/home/rodos/Discovery_WorkSpace_Updated/rodos/Debug_STM32F4/librodos.a(stm32f4xx_rcc.o)
                              /home/rodos/Discovery_WorkSpace_Updated/rodos/Debug_STM32F4/librodos.a(hal_spi.o) (RCC_GetClocksFreq)
/home/rodos/Discovery_WorkSpace_Updated/rodos/Debug_STM32F4/librodos.a(stm32f4xx_spi.o)
                              /home/rodos/Discovery_WorkSpace_Updated/rodos/Debug_STM32F4/librodos.a(hal_spi.o) (SPI_Init)
/home/rodos/Discovery_WorkSpace_Updated/rodos/Debug_STM32F4/librodos.a(stm32f4xx_syscfg.o)
                              /home/rodos/Discovery_WorkSpace_Updated/rodos/Debug_STM32F4/librodos.a(hal_gpio.o) (SYSCFG_EXTILineConfig)
/home/rodos/Discovery_WorkSpace_Updated/rodos/Debug_STM32F4/librodos.a(stm32f4xx_usart.o)
                              /home/rodos/Discovery_WorkSpace_Updated/rodos/Debug_STM32F4/librodos.a(hal_uart.o) (USART_DeInit)
/home/rodos/Discovery_WorkSpace_Updated/rodos/Debug_STM32F4/librodos.a(hw_specific.o)
                              /home/rodos/Discovery_WorkSpace_Updated/rodos/Debug_STM32F4/librodos.a(listelement.o) (RODOS::taskRunning)
/home/rodos/Discovery_WorkSpace_Updated/rodos/Debug_STM32F4/librodos.a(hw_timer.o)
                              /home/rodos/Discovery_WorkSpace_Updated/rodos/Debug_STM32F4/librodos.a(hw_specific.o) (RODOS::TIMx_init())
/home/rodos/Discovery_WorkSpace_Updated/rodos/Debug_STM32F4/librodos.a(stm32xxx_it.o)
                              /home/rodos/Discovery_WorkSpace_Updated/rodos/Debug_STM32F4/librodos.a(startup_stm32f4xx.o) (WWDG_IRQHandlerFunc)
/home/rodos/Discovery_WorkSpace_Updated/rodos/Debug_STM32F4/librodos.a(syscalls.o)
                              /home/rodos/Discovery_WorkSpace_Updated/rodos/Debug_STM32F4/librodos.a(debug.o) (putchar)
/home/rodos/Discovery_WorkSpace_Updated/rodos/Debug_STM32F4/librodos.a(system_stm32f4xx.o)
                              /home/rodos/Discovery_WorkSpace_Updated/rodos/Debug_STM32F4/librodos.a(hw_timer.o) (SystemCoreClock)
/home/rodos/Discovery_WorkSpace_Updated/rodos/Debug_STM32F4/librodos.a(scheduler.o)
[...]
Memory Configuration

Name             Origin             Length             Attributes
FLASH            0x08000000         0x00100000         xr
RAM              0x20000000         0x00020000         xrw
CCMRAM           0x10000000         0x00010000         xrw
MEMORY_B1        0x60000000         0x00000000         xr
*default*        0x00000000         0xffffffff

Linker script and memory map

LOAD ./.metadata/.plugins/org.eclipse.cdt.make.core/specs.o
LOAD ./TaskSPI.o
LOAD /home/rodos/Discovery_WorkSpace_Updated/rodos/Debug_STM32F4/librodos.a
LOAD /home/rodos/Discovery_WorkSpace_Updated/support_libs/Debug_STM32F4/libsupport.a
LOAD /opt/gcc-arm-none-eabi-4_7-2013q3/bin/../lib/gcc/arm-none-eabi/4.7.4/../../../../arm-none-eabi/lib/armv7e-m/softfp/libm.a
                0x20020000                _estack = 0x20020000
                0x00001000                _Min_Heap_Size = 0x1000
                0x00000400                _Min_Stack_Size = 0x400

.isr_vector     0x08000000      0x18c
                0x08000000                . = ALIGN (0x4)
                0x08000000                _image_address = .
 *(.isr_vector)
 .isr_vector    0x08000000      0x18c /home/rodos/Discovery_WorkSpace_Updated/rodos/Debug_STM32F4/librodos.a(startup_stm32f4xx.o)
                0x08000000                g_pfnVectors
                0x0800018c                . = ALIGN (0x4)

.text           0x08000190    0x17018
                0x08000190                . = ALIGN (0x4)
 *(.text)
 .text          0x08000190      0x370 /opt/gcc-arm-none-eabi-4_7-2013q3/bin/../lib/gcc/arm-none-eabi/4.7.4/armv7e-m/softfp/libgcc.a(_arm_addsubdf3.o)
                0x08000190                __aeabi_drsub
                0x08000198                __aeabi_dsub
                0x08000198                __subdf3
                0x0800019c                __adddf3
                0x0800019c                __aeabi_dadd
                0x08000414                __aeabi_ui2d
                0x08000414                __floatunsidf
                0x08000434                __floatsidf
                0x08000434                __aeabi_i2d
                0x08000458                __extendsfdf2
                0x08000458                __aeabi_f2d
                0x08000494                __aeabi_ul2d
                0x08000494                __floatundidf
                0x080004a4                __floatdidf
                0x080004a4                __aeabi_l2d
 .text          0x08000500      0x424 /opt/gcc-arm-none-eabi-4_7-2013q3/bin/../lib/gcc/arm-none-eabi/4.7.4/armv7e-m/softfp/libgcc.a(_arm_muldivdf3.o)
                0x08000500                __aeabi_dmul
                0x08000500                __muldf3
                0x08000754                __aeabi_ddiv
                0x08000754                __divdf3
 .text          0x08000924      0x110 /opt/gcc-arm-none-eabi-4_7-2013q3/bin/../lib/gcc/arm-none-eabi/4.7.4/armv7e-m/softfp/libgcc.a(_arm_cmpdf2.o)
                0x08000924                __gtdf2
                0x08000924                __gedf2
                0x0800092c                __ltdf2
                0x0800092c                __ledf2
                0x08000934                __cmpdf2
                0x08000934                __eqdf2
                0x08000934                __nedf2
                0x080009b0                __aeabi_cdrcmple
                0x080009c0                __aeabi_cdcmple
                0x080009c0                __aeabi_cdcmpeq
                0x080009d0                __aeabi_dcmpeq
                0x080009e4                __aeabi_dcmplt
                0x080009f8                __aeabi_dcmple
                0x08000a0c                __aeabi_dcmpge
                0x08000a20                __aeabi_dcmpgt
 .text          0x08000a34       0x50 /opt/gcc-arm-none-eabi-4_7-2013q3/bin/../lib/gcc/arm-none-eabi/4.7.4/armv7e-m/softfp/libgcc.a(_arm_fixdfsi.o)
                0x08000a34                __fixdfsi
                0x08000a34                __aeabi_d2iz
 .text          0x08000a84       0x40 /opt/gcc-arm-none-eabi-4_7-2013q3/bin/../lib/gcc/arm-none-eabi/4.7.4/armv7e-m/softfp/libgcc.a(_arm_fixunsdfsi.o)
                0x08000a84                __fixunsdfsi
                0x08000a84                __aeabi_d2uiz
 .text          0x08000ac4       0xa0 /opt/gcc-arm-none-eabi-4_7-2013q3/bin/../lib/gcc/arm-none-eabi/4.7.4/armv7e-m/softfp/libgcc.a(_arm_truncdfsf2.o)
                0x08000ac4                __aeabi_d2f
                0x08000ac4                __truncdfsf2
 .text          0x08000b64       0x38 /opt/gcc-arm-none-eabi-4_7-2013q3/bin/../lib/gcc/arm-none-eabi/4.7.4/armv7e-m/softfp/libgcc.a(_aeabi_ldivmod.o)
                0x08000b64                __aeabi_ldivmod
 .text          0x08000b9c       0x2c /opt/gcc-arm-none-eabi-4_7-2013q3/bin/../lib/gcc/arm-none-eabi/4.7.4/armv7e-m/softfp/libgcc.a(_aeabi_uldivmod.o)
                0x08000b9c                __aeabi_uldivmod
 .text          0x08000bc8       0x34 /opt/gcc-arm-none-eabi-4_7-2013q3/bin/../lib/gcc/arm-none-eabi/4.7.4/armv7e-m/softfp/libgcc.a(_fixdfdi.o)
                0x08000bc8                __aeabi_d2lz
                0x08000bc8                __fixdfdi
 .text          0x08000bfc       0x44 /opt/gcc-arm-none-eabi-4_7-2013q3/bin/../lib/gcc/arm-none-eabi/4.7.4/armv7e-m/softfp/libgcc.a(_fixunsdfdi.o)
                0x08000bfc                __aeabi_d2ulz
                0x08000bfc                __fixunsdfdi
 .text          0x08000c40       0x58 /opt/gcc-arm-none-eabi-4_7-2013q3/bin/../lib/gcc/arm-none-eabi/4.7.4/armv7e-m/softfp/libgcc.a(bpabi.o)
                0x08000c40                __gnu_ldivmod_helper
                0x08000c6c                __gnu_uldivmod_helper
 .text          0x08000c98        0x4 /opt/gcc-arm-none-eabi-4_7-2013q3/bin/../lib/gcc/arm-none-eabi/4.7.4/armv7e-m/softfp/libgcc.a(_dvmd_tls.o)
                0x08000c98                __aeabi_ldiv0
                0x08000c98                __aeabi_idiv0
 .text          0x08000c9c      0x2bc /opt/gcc-arm-none-eabi-4_7-2013q3/bin/../lib/gcc/arm-none-eabi/4.7.4/armv7e-m/softfp/libgcc.a(_divdi3.o)
                0x08000c9c                __divdi3
 .text          0x08000f58      0x288 /opt/gcc-arm-none-eabi-4_7-2013q3/bin/../lib/gcc/arm-none-eabi/4.7.4/armv7e-m/softfp/libgcc.a(_udivdi3.o)
                0x08000f58                __udivdi3
 *(.text*)
 .text._ZN5RODOS6Thread4initEv
                0x080011e0       0x14 ./TaskSPI.o
                0x080011e0                RODOS::Thread::init()
 .text._ZN5RODOS14TopicInterfaceD2Ev
                0x080011f4       0x48 ./TaskSPI.o
                0x080011f4                RODOS::TopicInterface::~TopicInterface()
                0x080011f4                RODOS::TopicInterface::~TopicInterface()
 .text._ZN5RODOS14TopicInterfaceD0Ev
                0x0800123c       0x20 ./TaskSPI.o
                0x0800123c                RODOS::TopicInterface::~TopicInterface()
 .text._ZN5RODOS10SubscriberD2Ev
                0x0800125c       0x48 ./TaskSPI.o
                0x0800125c                RODOS::Subscriber::~Subscriber()
                0x0800125c                RODOS::Subscriber::~Subscriber()
 .text._ZN5RODOS10SubscriberD0Ev
                0x080012a4       0x20 ./TaskSPI.o
                0x080012a4                RODOS::Subscriber::~Subscriber()
 .text._ZN5RODOS6PutterD2Ev
                0x080012c4       0x30 ./TaskSPI.o
                0x080012c4                RODOS::Putter::~Putter()
                0x080012c4                RODOS::Putter::~Putter()
 .text._ZN5RODOS6PutterD0Ev
                0x080012f4       0x20 ./TaskSPI.o
                0x080012f4                RODOS::Putter::~Putter()
 .text._ZN5RODOS6Putter10putGenericEljPKvRKNS_10NetMsgInfoE
                0x08001314       0x28 ./TaskSPI.o
                0x08001314                RODOS::Putter::putGeneric(long, unsigned int, void const*, RODOS::NetMsgInfo const&)
 .text._ZL9ToggleLEDRN5RODOS8HAL_GPIOEm
                0x0800133c       0x70 ./TaskSPI.o
 .text._ZL9writeUARTRN5RODOS8HAL_UARTEPKc
                0x080013ac       0x58 ./TaskSPI.o
 .text._ZL6initAGRN5RODOS7HAL_SPIERNS_8HAL_GPIOE
                0x08001404       0x8c ./TaskSPI.o
 .text._ZL5initMRN5RODOS7HAL_SPIERNS_8HAL_GPIOE
                0x08001490       0xac ./TaskSPI.o
 .text._ZL16readSensor2BytesRsRN5RODOS8HAL_GPIOEh
                0x0800153c       0x8c ./TaskSPI.o
 .text._ZL16readSensor6BytesRA3_sRN5RODOS8HAL_GPIOEh
                0x080015c8       0xb4 ./TaskSPI.o
 .text._ZL9calibrateRA3_xRN5RODOS8HAL_GPIOEhtm
                0x0800167c       0xf0 ./TaskSPI.o
 *fill*         0x0800176c        0x4 00
 .text._ZL12calibrateAccRA3_s
                0x08001770      0x280 ./TaskSPI.o
 .text._ZL13calibrateGyroRA3_s
                0x080019f0      0x260 ./TaskSPI.o
 .text._ZL12calibrateMagRA3_A2_s
                0x08001c50      0x278 ./TaskSPI.o
 .text._ZL10calcRP_AccRfS_fff
                0x08001ec8       0xa8 ./TaskSPI.o
 .text._ZL7calcYawf
                0x08001f70       0x40 ./TaskSPI.o
 .text._ZN5RODOS18SubscriberReceiverI7CommandED2Ev
                0x08001fb0       0x38 ./TaskSPI.o
                0x08001fb0                RODOS::SubscriberReceiver<Command>::~SubscriberReceiver()
                0x08001fb0                RODOS::SubscriberReceiver<Command>::~SubscriberReceiver()
 .text._ZN5RODOS18SubscriberReceiverI7CommandED0Ev
                0x08001fe8       0x20 ./TaskSPI.o
                0x08001fe8                RODOS::SubscriberReceiver<Command>::~SubscriberReceiver()
 .text._ZN16SignalProcessingC2Ev
                0x08002008       0x7c ./TaskSPI.o
                0x08002008                SignalProcessing::SignalProcessing()
                0x08002008                SignalProcessing::SignalProcessing()
 .text._ZN16SignalProcessing12isCalibratedEv
                0x08002084       0x1c ./TaskSPI.o
                0x08002084                SignalProcessing::isCalibrated()
 .text._ZN16SignalProcessing4initEv
                0x080020a0      0x168 ./TaskSPI.o
                0x080020a0                SignalProcessing::init()
 .text._ZN16SignalProcessing3putER7Command
                0x08002208       0x3c ./TaskSPI.o
                0x08002208                SignalProcessing::put(Command&)
                0x0800223c                non-virtual thunk to SignalProcessing::put(Command&)
 *fill*         0x08002244        0x4 00
 .text._ZN16SignalProcessing3runEv
                0x08002248      0x820 ./TaskSPI.o
                0x08002248                SignalProcessing::run()
 .text._ZN9telemetryC2Ev
                0x08002a68       0x7c ./TaskSPI.o
                0x08002a68                telemetry::telemetry()
                0x08002a68                telemetry::telemetry()
 .text._ZN9telemetry3putER7Command
                0x08002ae4       0x74 ./TaskSPI.o
                0x08002ae4                telemetry::put(Command&)
                0x08002b50                non-virtual thunk to telemetry::put(Command&)
 .text._ZN9telemetry3runEv
                0x08002b58      0x5c0 ./TaskSPI.o
                0x08002b58                telemetry::run()
 .text._ZN5RODOS18SubscriberReceiverI11TelecommandED2Ev
                0x08003118       0x38 ./TaskSPI.o
                0x08003118                RODOS::SubscriberReceiver<Telecommand>::~SubscriberReceiver()
                0x08003118                RODOS::SubscriberReceiver<Telecommand>::~SubscriberReceiver()
 .text._ZN5RODOS18SubscriberReceiverI11TelecommandED0Ev
                0x08003150       0x20 ./TaskSPI.o
                0x08003150                RODOS::SubscriberReceiver<Telecommand>::~SubscriberReceiver()
 .text._ZN11telecommandC2Ev
                0x08003170       0x5c ./TaskSPI.o
                0x08003170                telecommand::telecommand()
                0x08003170                telecommand::telecommand()
 .text._ZN11telecommand3putER11Telecommand
                0x080031cc      0x1c4 ./TaskSPI.o
                0x080031cc                telecommand::put(Telecommand&)
                0x08003388                non-virtual thunk to telecommand::put(Telecommand&)
 .text._ZN11telecommand3runEv
                0x08003390       0x40 ./TaskSPI.o
                0x08003390                telecommand::run()
 .text._ZN9TCDecoder5getIdEPKc
                0x080033d0       0x20 ./TaskSPI.o
                0x080033d0                TCDecoder::getId(char const*)
 .text._ZN9TCDecoder7getDataEPci
                0x080033f0       0xe8 ./TaskSPI.o
                0x080033f0                TCDecoder::getData(char*, int)
 .text._ZN9TCDecoder8validateEPc
                0x080034d8       0x7c ./TaskSPI.o
                0x080034d8                TCDecoder::validate(char*)
 .text._ZN11uartWatcherC2EPN5RODOS8HAL_UARTE
                0x08003554       0x40 ./TaskSPI.o
                0x08003554                uartWatcher::uartWatcher(RODOS::HAL_UART*)
                0x08003554                uartWatcher::uartWatcher(RODOS::HAL_UART*)
 .text._ZN11uartWatcher4initEv
                0x08003594       0x44 ./TaskSPI.o
                0x08003594                uartWatcher::init()
 .text._ZN11uartWatcher3runEv
                0x080035d8      0x290 ./TaskSPI.o
                0x080035d8                uartWatcher::run()
 .text._ZN5RODOS5TopicI11TelecommandEC2ElPKc
                0x08003868       0x34 ./TaskSPI.o
                0x08003868                RODOS::Topic<Telecommand>::Topic(long, char const*)
                0x08003868                RODOS::Topic<Telecommand>::Topic(long, char const*)
 .text._ZN5RODOS5TopicI7CommandEC2ElPKc
                0x0800389c       0x34 ./TaskSPI.o
                0x0800389c                RODOS::Topic<Command>::Topic(long, char const*)
                0x0800389c                RODOS::Topic<Command>::Topic(long, char const*)
 .text._ZN5RODOS6PutterC2Ev
                0x080038d0       0x20 ./TaskSPI.o
                0x080038d0                RODOS::Putter::Putter()
                0x080038d0                RODOS::Putter::Putter()
 .text._ZN5RODOS10CommBufferI4DataEC2Ev
                0x080038f0       0x68 ./TaskSPI.o
                0x080038f0                RODOS::CommBuffer<Data>::CommBuffer()
                0x080038f0                RODOS::CommBuffer<Data>::CommBuffer()
 .text._ZN5RODOS10CommBufferIfEC2Ev
                0x08003958       0x68 ./TaskSPI.o
                0x08003958                RODOS::CommBuffer<float>::CommBuffer()
                0x08003958                RODOS::CommBuffer<float>::CommBuffer()
 .text._ZN5RODOS18SubscriberReceiverI7CommandEC2ERNS_14TopicInterfaceEPKc
                0x080039c0       0x38 ./TaskSPI.o
                0x080039c0                RODOS::SubscriberReceiver<Command>::SubscriberReceiver(RODOS::TopicInterface&, char const*)
                0x080039c0                RODOS::SubscriberReceiver<Command>::SubscriberReceiver(RODOS::TopicInterface&, char const*)
 .text._ZN5RODOS10CommBufferI4DataE3putERS1_
                0x080039f8       0x70 ./TaskSPI.o
                0x080039f8                RODOS::CommBuffer<Data>::put(Data&)
 .text._ZN5RODOS10CommBufferIfE3putERf
                0x08003a68       0x6c ./TaskSPI.o
                0x08003a68                RODOS::CommBuffer<float>::put(float&)
 .text._ZN5RODOS10CommBufferI4DataE3getERS1_
                0x08003ad4       0x54 ./TaskSPI.o
                0x08003ad4                RODOS::CommBuffer<Data>::get(Data&)
 .text._ZN5RODOS10CommBufferIfE3getERf
                0x08003b28       0x4c ./TaskSPI.o
                0x08003b28                RODOS::CommBuffer<float>::get(float&)
 .text._ZN5RODOS18SubscriberReceiverI11TelecommandEC2ERNS_14TopicInterfaceEPKc
                0x08003b74       0x38 ./TaskSPI.o
                0x08003b74                RODOS::SubscriberReceiver<Telecommand>::SubscriberReceiver(RODOS::TopicInterface&, char const*)
                0x08003b74                RODOS::SubscriberReceiver<Telecommand>::SubscriberReceiver(RODOS::TopicInterface&, char const*)
 .text._ZN5RODOS5TopicI7CommandE7publishERS1_b
                0x08003bac       0x2c ./TaskSPI.o
                0x08003bac                RODOS::Topic<Command>::publish(Command&, bool)
 .text._ZN5RODOS5TopicI11TelecommandE7publishERS1_b
                0x08003bd8       0x2c ./TaskSPI.o
                0x08003bd8                RODOS::Topic<Telecommand>::publish(Telecommand&, bool)
 .text._ZN11uartWatcherD2Ev
                0x08003c04       0x38 ./TaskSPI.o
                0x08003c04                uartWatcher::~uartWatcher()
                0x08003c04                uartWatcher::~uartWatcher()
 .text._ZN11uartWatcherD0Ev
                0x08003c3c       0x20 ./TaskSPI.o
                0x08003c3c                uartWatcher::~uartWatcher()
 .text._ZN11telecommandD2Ev
                0x08003c5c       0x50 ./TaskSPI.o
                0x08003c5c                telecommand::~telecommand()
                0x08003c5c                telecommand::~telecommand()
 .text._ZN11telecommandD1Ev
                0x08003cac        0x8 ./TaskSPI.o
                0x08003cac                non-virtual thunk to telecommand::~telecommand()
 .text._ZN11telecommandD0Ev
                0x08003cb4       0x28 ./TaskSPI.o
                0x08003cb4                telecommand::~telecommand()
                0x08003cd4                non-virtual thunk to telecommand::~telecommand()
 .text._ZN9telemetryD2Ev
                0x08003cdc       0x50 ./TaskSPI.o
                0x08003cdc                telemetry::~telemetry()
                0x08003cdc                telemetry::~telemetry()
 .text._ZN9telemetryD1Ev
                0x08003d2c        0x8 ./TaskSPI.o
                0x08003d2c                non-virtual thunk to telemetry::~telemetry()
 .text._ZN9telemetryD0Ev
                0x08003d34       0x28 ./TaskSPI.o
                0x08003d34                telemetry::~telemetry()
                0x08003d54                non-virtual thunk to telemetry::~telemetry()
 .text._ZN16SignalProcessingD2Ev
                0x08003d5c       0x50 ./TaskSPI.o
                0x08003d5c                SignalProcessing::~SignalProcessing()
                0x08003d5c                SignalProcessing::~SignalProcessing()
 .text._ZN16SignalProcessingD1Ev
                0x08003dac        0x8 ./TaskSPI.o
                0x08003dac                non-virtual thunk to SignalProcessing::~SignalProcessing()
 .text._ZN16SignalProcessingD0Ev
                0x08003db4       0x28 ./TaskSPI.o
                0x08003db4                SignalProcessing::~SignalProcessing()
                0x08003dd4                non-virtual thunk to SignalProcessing::~SignalProcessing()
 .text._ZN5RODOS10CommBufferIfED2Ev
                0x08003ddc       0x38 ./TaskSPI.o
                0x08003ddc                RODOS::CommBuffer<float>::~CommBuffer()
                0x08003ddc                RODOS::CommBuffer<float>::~CommBuffer()
 .text._ZN5RODOS10CommBufferIfED0Ev
                0x08003e14       0x20 ./TaskSPI.o
                0x08003e14                RODOS::CommBuffer<float>::~CommBuffer()
 .text._ZN5RODOS10CommBufferI4DataED2Ev
                0x08003e34       0x38 ./TaskSPI.o
                0x08003e34                RODOS::CommBuffer<Data>::~CommBuffer()
                0x08003e34                RODOS::CommBuffer<Data>::~CommBuffer()
 .text._ZN5RODOS10CommBufferI4DataED0Ev
                0x08003e6c       0x20 ./TaskSPI.o
                0x08003e6c                RODOS::CommBuffer<Data>::~CommBuffer()
 .text._Z41__static_initialization_and_destruction_0ii
                0x08003e8c      0x264 ./TaskSPI.o
 .text._ZN5RODOS18SubscriberReceiverI11TelecommandE3putEllPKvRKNS_10NetMsgInfoE
                0x080040f0       0x30 ./TaskSPI.o
                0x080040f0                RODOS::SubscriberReceiver<Telecommand>::put(long, long, void const*, RODOS::NetMsgInfo const&)
 .text._ZN5RODOS18SubscriberReceiverI11TelecommandE3putERS1_RKNS_10NetMsgInfoE
                0x08004120       0x24 ./TaskSPI.o
                0x08004120                RODOS::SubscriberReceiver<Telecommand>::put(Telecommand&, RODOS::NetMsgInfo const&)
 .text._ZN5RODOS18SubscriberReceiverI11TelecommandE3putERS1_
                0x08004144       0x24 ./TaskSPI.o
                0x08004144                RODOS::SubscriberReceiver<Telecommand>::put(Telecommand&)
 .text._ZN5RODOS18SubscriberReceiverI7CommandE3putEllPKvRKNS_10NetMsgInfoE
                0x08004168       0x30 ./TaskSPI.o
                0x08004168                RODOS::SubscriberReceiver<Command>::put(long, long, void const*, RODOS::NetMsgInfo const&)
 .text._ZN5RODOS18SubscriberReceiverI7CommandE3putERS1_RKNS_10NetMsgInfoE
                0x08004198       0x24 ./TaskSPI.o
                0x08004198                RODOS::SubscriberReceiver<Command>::put(Command&, RODOS::NetMsgInfo const&)
 .text._ZN5RODOS18SubscriberReceiverI7CommandE3putERS1_
                0x080041bc       0x24 ./TaskSPI.o
                0x080041bc                RODOS::SubscriberReceiver<Command>::put(Command&)
 .text._ZN5RODOS10CommBufferIfE10putGenericEljPKvRKNS_10NetMsgInfoE
                0x080041e0       0x3c ./TaskSPI.o
                0x080041e0                RODOS::CommBuffer<float>::putGeneric(long, unsigned int, void const*, RODOS::NetMsgInfo const&)
 .text._ZN5RODOS10CommBufferI4DataE10putGenericEljPKvRKNS_10NetMsgInfoE
                0x0800421c       0x3c ./TaskSPI.o
                0x0800421c                RODOS::CommBuffer<Data>::putGeneric(long, unsigned int, void const*, RODOS::NetMsgInfo const&)
 .text._ZN5RODOS5TopicI7CommandED2Ev
                0x08004258       0x44 ./TaskSPI.o
                0x08004258                RODOS::Topic<Command>::~Topic()
                0x08004258                RODOS::Topic<Command>::~Topic()
 .text._ZN5RODOS5TopicI7CommandED0Ev
                0x0800429c       0x20 ./TaskSPI.o
                0x0800429c                RODOS::Topic<Command>::~Topic()
 .text._ZN5RODOS5TopicI11TelecommandED2Ev
                0x080042bc       0x44 ./TaskSPI.o
                0x080042bc                RODOS::Topic<Telecommand>::~Topic()
                0x080042bc                RODOS::Topic<Telecommand>::~Topic()
 .text._ZN5RODOS5TopicI11TelecommandED0Ev
                0x08004300       0x20 ./TaskSPI.o
                0x08004300                RODOS::Topic<Telecommand>::~Topic()
 .text._GLOBAL__sub_I_button
                0x08004320       0x14 ./TaskSPI.o
 .text._ZN5RODOS7YprintfD2Ev
                0x08004334       0x30 /home/rodos/Discovery_WorkSpace_Updated/rodos/Debug_STM32F4/librodos.a(debug.o)
                0x08004334                RODOS::Yprintf::~Yprintf()
                0x08004334                RODOS::Yprintf::~Yprintf()
 .text._ZN5RODOS7YprintfD0Ev
                0x08004364       0x20 /home/rodos/Discovery_WorkSpace_Updated/rodos/Debug_STM32F4/librodos.a(debug.o)
                0x08004364                RODOS::Yprintf::~Yprintf()
 .text._ZN5RODOS7Yprintf5yputcEc
                0x08004384       0x20 /home/rodos/Discovery_WorkSpace_Updated/rodos/Debug_STM32F4/librodos.a(debug.o)
                0x08004384                RODOS::Yprintf::yputc(char)
 .text._ZN5RODOS7YprintfC2Ev
                0x080043a4       0x20 /home/rodos/Discovery_WorkSpace_Updated/rodos/Debug_STM32F4/librodos.a(debug.o)
                0x080043a4                RODOS::Yprintf::Yprintf()
                0x080043a4                RODOS::Yprintf::Yprintf()
 .text._ZN5RODOS6PRINTFEPKcz
                0x080043c4       0xa4 /home/rodos/Discovery_WorkSpace_Updated/rodos/Debug_STM32F4/librodos.a(debug.o)
                0x080043c4                RODOS::PRINTF(char const*, ...)
 .text._ZN5RODOS5ERROREPKc
                0x08004468       0x44 /home/rodos/Discovery_WorkSpace_Updated/rodos/Debug_STM32F4/librodos.a(debug.o)
                0x08004468                RODOS::ERROR(char const*)
 .text._Z41__static_initialization_and_destruction_0ii
                0x080044ac       0x30 /home/rodos/Discovery_WorkSpace_Updated/rodos/Debug_STM32F4/librodos.a(debug.o)
 .text._GLOBAL__sub_I__ZN5RODOS12errorCounterE
                0x080044dc       0x14 /home/rodos/Discovery_WorkSpace_Updated/rodos/Debug_STM32F4/librodos.a(debug.o)
 .text._ZN5RODOS18GenericIOInterface4initEz
                0x080044f0       0x14 /home/rodos/Discovery_WorkSpace_Updated/rodos/Debug_STM32F4/librodos.a(genericIO.o)
                0x080044f0                RODOS::GenericIOInterface::init(...)
 .text._ZN5RODOS18GenericIOInterface5resetEv
                0x08004504       0x14 /home/rodos/Discovery_WorkSpace_Updated/rodos/Debug_STM32F4/librodos.a(genericIO.o)
                0x08004504                RODOS::GenericIOInterface::reset()
 .text._ZN5RODOS18GenericIOInterface6configEz
                0x08004518       0x14 /home/rodos/Discovery_WorkSpace_Updated/rodos/Debug_STM32F4/librodos.a(genericIO.o)
                0x08004518                RODOS::GenericIOInterface::config(...)
 .text._ZN5RODOS18GenericIOInterface6statusEz
                0x0800452c       0x14 /home/rodos/Discovery_WorkSpace_Updated/rodos/Debug_STM32F4/librodos.a(genericIO.o)
                0x0800452c                RODOS::GenericIOInterface::status(...)
 .text._ZN5RODOS18GenericIOInterface14isReadFinishedEv
                0x08004540       0x18 /home/rodos/Discovery_WorkSpace_Updated/rodos/Debug_STM32F4/librodos.a(genericIO.o)
                0x08004540                RODOS::GenericIOInterface::isReadFinished()
 .text._ZN5RODOS18GenericIOInterface11isDataReadyEv
                0x08004558       0x18 /home/rodos/Discovery_WorkSpace_Updated/rodos/Debug_STM32F4/librodos.a(genericIO.o)
                0x08004558                RODOS::GenericIOInterface::isDataReady()
 .text._ZN5RODOS18GenericIOInterface5writeEz
                0x08004570       0x14 /home/rodos/Discovery_WorkSpace_Updated/rodos/Debug_STM32F4/librodos.a(genericIO.o)
                0x08004570                RODOS::GenericIOInterface::write(...)
 .text._ZN5RODOS18GenericIOInterface4readEz
                0x08004584       0x14 /home/rodos/Discovery_WorkSpace_Updated/rodos/Debug_STM32F4/librodos.a(genericIO.o)
                0x08004584                RODOS::GenericIOInterface::read(...)
 .text._ZN5RODOS18GenericIOInterface9writeReadEz
                0x08004598       0x14 /home/rodos/Discovery_WorkSpace_Updated/rodos/Debug_STM32F4/librodos.a(genericIO.o)
                0x08004598                RODOS::GenericIOInterface::writeRead(...)
 .text._ZN5RODOS18GenericIOInterfaceC2Ev
                0x080045ac       0x40 /home/rodos/Discovery_WorkSpace_Updated/rodos/Debug_STM32F4/librodos.a(genericIO.o)
                0x080045ac                RODOS::GenericIOInterface::GenericIOInterface()
                0x080045ac                RODOS::GenericIOInterface::GenericIOInterface()
 .text._ZN5RODOS18GenericIOInterface25suspendUntilWriteFinishedEx
                0x080045ec       0x50 /home/rodos/Discovery_WorkSpace_Updated/rodos/Debug_STM32F4/librodos.a(genericIO.o)
                0x080045ec                RODOS::GenericIOInterface::suspendUntilWriteFinished(long long)
 .text._ZN5RODOS18GenericIOInterface21suspendUntilDataReadyEx
                0x0800463c       0x50 /home/rodos/Discovery_WorkSpace_Updated/rodos/Debug_STM32F4/librodos.a(genericIO.o)
                0x0800463c                RODOS::GenericIOInterface::suspendUntilDataReady(long long)
 .text._ZN5RODOS18GenericIOInterface19upCallWriteFinishedEv
                0x0800468c       0x44 /home/rodos/Discovery_WorkSpace_Updated/rodos/Debug_STM32F4/librodos.a(genericIO.o)
                0x0800468c                RODOS::GenericIOInterface::upCallWriteFinished()
 .text._ZN5RODOS18GenericIOInterface18upCallReadFinishedEv
                0x080046d0       0x48 /home/rodos/Discovery_WorkSpace_Updated/rodos/Debug_STM32F4/librodos.a(genericIO.o)
                0x080046d0                RODOS::GenericIOInterface::upCallReadFinished()
 .text._ZN5RODOS18GenericIOInterface15upCallDataReadyEv
                0x08004718       0x48 /home/rodos/Discovery_WorkSpace_Updated/rodos/Debug_STM32F4/librodos.a(genericIO.o)
                0x08004718                RODOS::GenericIOInterface::upCallDataReady()
 .text._ZN5RODOS11ListElementC2ERPS0_PKcPv
                0x08004760       0x4c /home/rodos/Discovery_WorkSpace_Updated/rodos/Debug_STM32F4/librodos.a(listelement.o)
                0x08004760                RODOS::ListElement::ListElement(RODOS::ListElement*&, char const*, void*)
                0x08004760                RODOS::ListElement::ListElement(RODOS::ListElement*&, char const*, void*)
 .text._ZN5RODOS11ListElement6appendERPS0_
                0x080047ac       0x58 /home/rodos/Discovery_WorkSpace_Updated/rodos/Debug_STM32F4/librodos.a(listelement.o)
                0x080047ac                RODOS::ListElement::append(RODOS::ListElement*&)
 .text._ZN5RODOS11ListElementD2Ev
                0x08004804       0x20 /home/rodos/Discovery_WorkSpace_Updated/rodos/Debug_STM32F4/librodos.a(listelement.o)
                0x08004804                RODOS::ListElement::~ListElement()
                0x08004804                RODOS::ListElement::~ListElement()
 .text._ZN5RODOS6strlenEPKc
                0x08004824       0x4c /home/rodos/Discovery_WorkSpace_Updated/rodos/Debug_STM32F4/librodos.a(string_pico.o)
                0x08004824                RODOS::strlen(char const*)
 .text._ZdlPv   0x08004870       0x14 /home/rodos/Discovery_WorkSpace_Updated/rodos/Debug_STM32F4/librodos.a(string_pico.o)
                0x08004870                operator delete(void*)
 .text._ZN5RODOS10SubscriberC2ERNS_14TopicInterfaceEPKc
                0x08004884       0x74 /home/rodos/Discovery_WorkSpace_Updated/rodos/Debug_STM32F4/librodos.a(subscriber.o)
                0x08004884                RODOS::Subscriber::Subscriber(RODOS::TopicInterface&, char const*)
                0x08004884                RODOS::Subscriber::Subscriber(RODOS::TopicInterface&, char const*)
 .text._ZN5RODOS10Subscriber3putEllPKvl
                0x080048f8       0x24 /home/rodos/Discovery_WorkSpace_Updated/rodos/Debug_STM32F4/librodos.a(subscriber.o)
                0x080048f8                RODOS::Subscriber::put(long, long, void const*, long)
 .text._ZN5RODOS10Subscriber3putEllPKvRKNS_10NetMsgInfoE
                0x0800491c       0xc0 /home/rodos/Discovery_WorkSpace_Updated/rodos/Debug_STM32F4/librodos.a(subscriber.o)
                0x0800491c                RODOS::Subscriber::put(long, long, void const*, RODOS::NetMsgInfo const&)
 .text._ZN5RODOS10Subscriber16putFromInterruptElPKvi
                0x080049dc       0x40 /home/rodos/Discovery_WorkSpace_Updated/rodos/Debug_STM32F4/librodos.a(subscriber.o)
                0x080049dc                RODOS::Subscriber::putFromInterrupt(long, void const*, int)
 .text._ZN5RODOS9TimeModelC2Ev
                0x08004a1c       0x48 /home/rodos/Discovery_WorkSpace_Updated/rodos/Debug_STM32F4/librodos.a(timemodel.o)
                0x08004a1c                RODOS::TimeModel::TimeModel()
                0x08004a1c                RODOS::TimeModel::TimeModel()
 .text._ZN5RODOS9TimeModel14getNanosecondsEv
                0x08004a64       0x14 /home/rodos/Discovery_WorkSpace_Updated/rodos/Debug_STM32F4/librodos.a(timemodel.o)
                0x08004a64                RODOS::TimeModel::getNanoseconds()
 .text._ZN5RODOS9TimeModel15computeNextBeatExxx
                0x08004a78       0x98 /home/rodos/Discovery_WorkSpace_Updated/rodos/Debug_STM32F4/librodos.a(timemodel.o)
                0x08004a78                RODOS::TimeModel::computeNextBeat(long long, long long, long long)
 .text._Z41__static_initialization_and_destruction_0ii
                0x08004b10       0x30 /home/rodos/Discovery_WorkSpace_Updated/rodos/Debug_STM32F4/librodos.a(timemodel.o)
 .text._GLOBAL__sub_I__ZN5RODOS7sysTimeE
                0x08004b40       0x14 /home/rodos/Discovery_WorkSpace_Updated/rodos/Debug_STM32F4/librodos.a(timemodel.o)
 .text._ZNK5RODOS11ListElement7getNextEv
                0x08004b54       0x18 /home/rodos/Discovery_WorkSpace_Updated/rodos/Debug_STM32F4/librodos.a(topic.o)
                0x08004b54                RODOS::ListElement::getNext() const
 .text._ZN5RODOS14TopicInterfaceC2EllPKc
                0x08004b6c      0x110 /home/rodos/Discovery_WorkSpace_Updated/rodos/Debug_STM32F4/librodos.a(topic.o)
                0x08004b6c                RODOS::TopicInterface::TopicInterface(long, long, char const*)
                0x08004b6c                RODOS::TopicInterface::TopicInterface(long, long, char const*)
 .text._ZN5RODOS14TopicInterface7publishEPvbPNS_10NetMsgInfoE
                0x08004c7c       0x30 /home/rodos/Discovery_WorkSpace_Updated/rodos/Debug_STM32F4/librodos.a(topic.o)
                0x08004c7c                RODOS::TopicInterface::publish(void*, bool, RODOS::NetMsgInfo*)
 .text._ZN5RODOS14TopicInterface14publishMsgPartEPvjbPNS_10NetMsgInfoE
                0x08004cac      0x178 /home/rodos/Discovery_WorkSpace_Updated/rodos/Debug_STM32F4/librodos.a(topic.o)
                0x08004cac                RODOS::TopicInterface::publishMsgPart(void*, unsigned int, bool, RODOS::NetMsgInfo*)
 .text._ZN5RODOS5TopicINS_13GenericMsgRefEED2Ev
                0x08004e24       0x44 /home/rodos/Discovery_WorkSpace_Updated/rodos/Debug_STM32F4/librodos.a(topic.o)
                0x08004e24                RODOS::Topic<RODOS::GenericMsgRef>::~Topic()
                0x08004e24                RODOS::Topic<RODOS::GenericMsgRef>::~Topic()
 .text._ZN5RODOS5TopicINS_13GenericMsgRefEED0Ev
                0x08004e68       0x20 /home/rodos/Discovery_WorkSpace_Updated/rodos/Debug_STM32F4/librodos.a(topic.o)
                0x08004e68                RODOS::Topic<RODOS::GenericMsgRef>::~Topic()
 .text._ZN5RODOS5TopicINS_13GenericMsgRefEEC2ElPKc
                0x08004e88       0x34 /home/rodos/Discovery_WorkSpace_Updated/rodos/Debug_STM32F4/librodos.a(topic.o)
                0x08004e88                RODOS::Topic<RODOS::GenericMsgRef>::Topic(long, char const*)
                0x08004e88                RODOS::Topic<RODOS::GenericMsgRef>::Topic(long, char const*)
 .text._ZN5RODOS5TopicINS_14NetworkMessageEEC2ElPKc
                0x08004ebc       0x34 /home/rodos/Discovery_WorkSpace_Updated/rodos/Debug_STM32F4/librodos.a(topic.o)
                0x08004ebc                RODOS::Topic<RODOS::NetworkMessage>::Topic(long, char const*)
                0x08004ebc                RODOS::Topic<RODOS::NetworkMessage>::Topic(long, char const*)
 .text._ZN5RODOS5TopicIPvEC2ElPKc
                0x08004ef0       0x34 /home/rodos/Discovery_WorkSpace_Updated/rodos/Debug_STM32F4/librodos.a(topic.o)
                0x08004ef0                RODOS::Topic<void*>::Topic(long, char const*)
                0x08004ef0                RODOS::Topic<void*>::Topic(long, char const*)
 .text._Z41__static_initialization_and_destruction_0ii
                0x08004f24      0x194 /home/rodos/Discovery_WorkSpace_Updated/rodos/Debug_STM32F4/librodos.a(topic.o)
 .text._ZN5RODOS5TopicIPvED2Ev
                0x080050b8       0x44 /home/rodos/Discovery_WorkSpace_Updated/rodos/Debug_STM32F4/librodos.a(topic.o)
                0x080050b8                RODOS::Topic<void*>::~Topic()
                0x080050b8                RODOS::Topic<void*>::~Topic()
 .text._ZN5RODOS5TopicIPvED0Ev
                0x080050fc       0x20 /home/rodos/Discovery_WorkSpace_Updated/rodos/Debug_STM32F4/librodos.a(topic.o)
                0x080050fc                RODOS::Topic<void*>::~Topic()
 .text._ZN5RODOS5TopicINS_14NetworkMessageEED2Ev
                0x0800511c       0x44 /home/rodos/Discovery_WorkSpace_Updated/rodos/Debug_STM32F4/librodos.a(topic.o)
                0x0800511c                RODOS::Topic<RODOS::NetworkMessage>::~Topic()
                0x0800511c                RODOS::Topic<RODOS::NetworkMessage>::~Topic()
 .text._ZN5RODOS5TopicINS_14NetworkMessageEED0Ev
                0x08005160       0x20 /home/rodos/Discovery_WorkSpace_Updated/rodos/Debug_STM32F4/librodos.a(topic.o)
                0x08005160                RODOS::Topic<RODOS::NetworkMessage>::~Topic()
 .text._GLOBAL__sub_I__ZN5RODOS14TopicInterfaceC2EllPKc
                0x08005180       0x14 /home/rodos/Discovery_WorkSpace_Updated/rodos/Debug_STM32F4/librodos.a(topic.o)
 .text._ZN5RODOS7Yprintf8vaprintfEPKc
                0x08005194      0x584 /home/rodos/Discovery_WorkSpace_Updated/rodos/Debug_STM32F4/librodos.a(yprintf.o)
                0x08005194                RODOS::Yprintf::vaprintf(char const*)
 .text._ZN5RODOS7xprintfEPKcz
                0x08005718       0x44 /home/rodos/Discovery_WorkSpace_Updated/rodos/Debug_STM32F4/librodos.a(yprintf.o)
                0x08005718                RODOS::xprintf(char const*, ...)
 .text.call_constructors
                0x0800575c       0x50 /home/rodos/Discovery_WorkSpace_Updated/rodos/Debug_STM32F4/librodos.a(call_constructors.o)
                0x0800575c                call_constructors
 .text.__cxa_atexit
                0x080057ac       0x1c /home/rodos/Discovery_WorkSpace_Updated/rodos/Debug_STM32F4/librodos.a(call_constructors.o)
                0x080057ac                __cxa_atexit
 .text.__cxa_pure_virtual
                0x080057c8        0x8 /home/rodos/Discovery_WorkSpace_Updated/rodos/Debug_STM32F4/librodos.a(call_constructors.o)
                0x080057c8                __cxa_pure_virtual
 .text.Reset_Handler
                0x080057d0       0x6c /home/rodos/Discovery_WorkSpace_Updated/rodos/Debug_STM32F4/librodos.a(startup_stm32f4xx.o)
                0x080057d0                Reset_Handler
 .text.Default_Handler
                0x0800583c        0x8 /home/rodos/Discovery_WorkSpace_Updated/rodos/Debug_STM32F4/librodos.a(startup_stm32f4xx.o)
                0x0800583c                RTC_Alarm_IRQHandler
                0x0800583c                HASH_RNG_IRQHandler
                0x0800583c                TIM8_CC_IRQHandler
                0x0800583c                DebugMon_Handler
                0x0800583c                TIM1_CC_IRQHandler
                0x0800583c                PVD_IRQHandler
                0x0800583c                SDIO_IRQHandler
                0x0800583c                TAMP_STAMP_IRQHandler
                0x0800583c                CAN2_RX1_IRQHandler
                0x0800583c                TIM8_TRG_COM_TIM14_IRQHandler
                0x0800583c                TIM1_UP_TIM10_IRQHandler
                0x0800583c                TIM8_UP_TIM13_IRQHandler
                0x0800583c                I2C3_ER_IRQHandler
                0x0800583c                I2C2_EV_IRQHandler
                0x0800583c                DMA1_Stream2_IRQHandler
                0x0800583c                CAN1_RX0_IRQHandler
                0x0800583c                FPU_IRQHandler
                0x0800583c                OTG_HS_WKUP_IRQHandler
                0x0800583c                CAN2_SCE_IRQHandler
                0x0800583c                DMA2_Stream2_IRQHandler
                0x0800583c                SPI1_IRQHandler
                0x0800583c                TIM6_DAC_IRQHandler
                0x0800583c                TIM1_BRK_TIM9_IRQHandler
                0x0800583c                DCMI_IRQHandler
                0x0800583c                CAN2_RX0_IRQHandler
                0x0800583c                DMA2_Stream3_IRQHandler
                0x0800583c                CRYP_IRQHandler
                0x0800583c                CAN1_RX1_IRQHandler
                0x0800583c                DMA2_Stream0_IRQHandler
                0x0800583c                TIM4_IRQHandler
                0x0800583c                I2C1_EV_IRQHandler
                0x0800583c                TIM3_IRQHandler
                0x0800583c                RCC_IRQHandler
                0x0800583c                TIM8_BRK_TIM12_IRQHandler
                0x0800583c                Default_Handler
                0x0800583c                ADC_IRQHandler
                0x0800583c                DMA1_Stream7_IRQHandler
                0x0800583c                TIM7_IRQHandler
                0x0800583c                CAN2_TX_IRQHandler
                0x0800583c                I2C3_EV_IRQHandler
                0x0800583c                RTC_WKUP_IRQHandler
                0x0800583c                ETH_WKUP_IRQHandler
                0x0800583c                SPI2_IRQHandler
                0x0800583c                OTG_HS_EP1_IN_IRQHandler
                0x0800583c                DMA1_Stream0_IRQHandler
                0x0800583c                CAN1_TX_IRQHandler
                0x0800583c                FSMC_IRQHandler
                0x0800583c                ETH_IRQHandler
                0x0800583c                OTG_HS_EP1_OUT_IRQHandler
                0x0800583c                WWDG_IRQHandler
                0x0800583c                TIM2_IRQHandler
                0x0800583c                OTG_FS_WKUP_IRQHandler
                0x0800583c                OTG_HS_IRQHandler
                0x0800583c                I2C2_ER_IRQHandler
                0x0800583c                DMA2_Stream1_IRQHandler
                0x0800583c                CAN1_SCE_IRQHandler
                0x0800583c                FLASH_IRQHandler
                0x0800583c                DMA2_Stream4_IRQHandler
                0x0800583c                OTG_FS_IRQHandler
                0x0800583c                SPI3_IRQHandler
                0x0800583c                DMA1_Stream4_IRQHandler
                0x0800583c                I2C1_ER_IRQHandler
                0x0800583c                DMA2_Stream6_IRQHandler
 .text._ZnwjPv  0x08005844       0x18 /home/rodos/Discovery_WorkSpace_Updated/rodos/Debug_STM32F4/librodos.a(hal_gpio.o)
                0x08005844                operator new(unsigned int, void*)
 .text._ZN5RODOS8HAL_GPIO15isWriteFinishedEv
                0x0800585c       0x18 /home/rodos/Discovery_WorkSpace_Updated/rodos/Debug_STM32F4/librodos.a(hal_gpio.o)
                0x0800585c                RODOS::HAL_GPIO::isWriteFinished()
 .text._ZN5RODOS8HAL_GPIO14isReadFinishedEv
                0x08005874       0x18 /home/rodos/Discovery_WorkSpace_Updated/rodos/Debug_STM32F4/librodos.a(hal_gpio.o)
                0x08005874                RODOS::HAL_GPIO::isReadFinished()
 .text.NVIC_EnableIRQ
                0x0800588c       0x38 /home/rodos/Discovery_WorkSpace_Updated/rodos/Debug_STM32F4/librodos.a(hal_gpio.o)
 .text.NVIC_ClearPendingIRQ
                0x080058c4       0x3c /home/rodos/Discovery_WorkSpace_Updated/rodos/Debug_STM32F4/librodos.a(hal_gpio.o)
 .text._ZN5RODOS17initEXTInterruptsEv
                0x08005900       0x6c /home/rodos/Discovery_WorkSpace_Updated/rodos/Debug_STM32F4/librodos.a(hal_gpio.o)
                0x08005900                RODOS::initEXTInterrupts()
 .text._ZN5RODOS11HW_HAL_GPIOC2ENS_8GPIO_PINEhb
                0x0800596c       0x78 /home/rodos/Discovery_WorkSpace_Updated/rodos/Debug_STM32F4/librodos.a(hal_gpio.o)
                0x0800596c                RODOS::HW_HAL_GPIO::HW_HAL_GPIO(RODOS::GPIO_PIN, unsigned char, bool)
                0x0800596c                RODOS::HW_HAL_GPIO::HW_HAL_GPIO(RODOS::GPIO_PIN, unsigned char, bool)
 .text._ZN5RODOS11HW_HAL_GPIO10setPinMaskEv
                0x080059e4       0x74 /home/rodos/Discovery_WorkSpace_Updated/rodos/Debug_STM32F4/librodos.a(hal_gpio.o)
                0x080059e4                RODOS::HW_HAL_GPIO::setPinMask()
 .text._ZN5RODOS11HW_HAL_GPIO13EXTIRQHandlerEv
                0x08005a58       0x64 /home/rodos/Discovery_WorkSpace_Updated/rodos/Debug_STM32F4/librodos.a(hal_gpio.o)
                0x08005a58                RODOS::HW_HAL_GPIO::EXTIRQHandler()
 .text._ZN5RODOS11HW_HAL_GPIO17getGPIO_PinSourceEm
                0x08005abc       0x40 /home/rodos/Discovery_WorkSpace_Updated/rodos/Debug_STM32F4/librodos.a(hal_gpio.o)
                0x08005abc                RODOS::HW_HAL_GPIO::getGPIO_PinSource(unsigned long)
 .text._ZN5RODOS11HW_HAL_GPIO23getRCC_APB1Periph_GPIOxEP12GPIO_TypeDef
                0x08005afc      0x10c /home/rodos/Discovery_WorkSpace_Updated/rodos/Debug_STM32F4/librodos.a(hal_gpio.o)
                0x08005afc                RODOS::HW_HAL_GPIO::getRCC_APB1Periph_GPIOx(GPIO_TypeDef*)
 .text._ZN5RODOS11HW_HAL_GPIO12getSTM32PortENS_8GPIO_PINE
                0x08005c08       0xbc /home/rodos/Discovery_WorkSpace_Updated/rodos/Debug_STM32F4/librodos.a(hal_gpio.o)
                0x08005c08                RODOS::HW_HAL_GPIO::getSTM32Port(RODOS::GPIO_PIN)
 .text._ZN5RODOS11HW_HAL_GPIO11getSTM32PinENS_8GPIO_PINE
                0x08005cc4       0x28 /home/rodos/Discovery_WorkSpace_Updated/rodos/Debug_STM32F4/librodos.a(hal_gpio.o)
                0x08005cc4                RODOS::HW_HAL_GPIO::getSTM32Pin(RODOS::GPIO_PIN)
 .text._ZN5RODOS11HW_HAL_GPIO14configureAFPinENS_8GPIO_PINEh
                0x08005cec       0xa8 /home/rodos/Discovery_WorkSpace_Updated/rodos/Debug_STM32F4/librodos.a(hal_gpio.o)
                0x08005cec                RODOS::HW_HAL_GPIO::configureAFPin(RODOS::GPIO_PIN, unsigned char)
 .text._ZN5RODOS11HW_HAL_GPIO8resetPinENS_8GPIO_PINE
                0x08005d94       0x64 /home/rodos/Discovery_WorkSpace_Updated/rodos/Debug_STM32F4/librodos.a(hal_gpio.o)
                0x08005d94                RODOS::HW_HAL_GPIO::resetPin(RODOS::GPIO_PIN)
 .text._ZN5RODOS8HAL_GPIOC2ENS_8GPIO_PINE
                0x08005df8       0x74 /home/rodos/Discovery_WorkSpace_Updated/rodos/Debug_STM32F4/librodos.a(hal_gpio.o)
                0x08005df8                RODOS::HAL_GPIO::HAL_GPIO(RODOS::GPIO_PIN)
                0x08005df8                RODOS::HAL_GPIO::HAL_GPIO(RODOS::GPIO_PIN)
 .text._ZN5RODOS8HAL_GPIO4initEbmm
                0x08005e6c       0x9c /home/rodos/Discovery_WorkSpace_Updated/rodos/Debug_STM32F4/librodos.a(hal_gpio.o)
                0x08005e6c                RODOS::HAL_GPIO::init(bool, unsigned long, unsigned long)
 .text._ZN5RODOS8HAL_GPIO6configENS_13GPIO_CFG_TYPEEm
                0x08005f08      0x17c /home/rodos/Discovery_WorkSpace_Updated/rodos/Debug_STM32F4/librodos.a(hal_gpio.o)
                0x08005f08                RODOS::HAL_GPIO::config(RODOS::GPIO_CFG_TYPE, unsigned long)
 .text._ZN5RODOS8HAL_GPIO5resetEv
                0x08006084       0x28 /home/rodos/Discovery_WorkSpace_Updated/rodos/Debug_STM32F4/librodos.a(hal_gpio.o)
                0x08006084                RODOS::HAL_GPIO::reset()
 .text._ZN5RODOS8HAL_GPIO7setPinsEm
                0x080060ac       0xb0 /home/rodos/Discovery_WorkSpace_Updated/rodos/Debug_STM32F4/librodos.a(hal_gpio.o)
                0x080060ac                RODOS::HAL_GPIO::setPins(unsigned long)
 .text._ZN5RODOS8HAL_GPIO8readPinsEv
                0x0800615c       0x78 /home/rodos/Discovery_WorkSpace_Updated/rodos/Debug_STM32F4/librodos.a(hal_gpio.o)
                0x0800615c                RODOS::HAL_GPIO::readPins()
 .text._ZN5RODOS8HAL_GPIO11isDataReadyEv
                0x080061d4       0x1c /home/rodos/Discovery_WorkSpace_Updated/rodos/Debug_STM32F4/librodos.a(hal_gpio.o)
                0x080061d4                RODOS::HAL_GPIO::isDataReady()
 .text._ZN5RODOS8HAL_GPIO15interruptEnableEb
                0x080061f0      0x200 /home/rodos/Discovery_WorkSpace_Updated/rodos/Debug_STM32F4/librodos.a(hal_gpio.o)
                0x080061f0                RODOS::HAL_GPIO::interruptEnable(bool)
 .text.EXTI0_IRQHandler
                0x080063f0       0x2c /home/rodos/Discovery_WorkSpace_Updated/rodos/Debug_STM32F4/librodos.a(hal_gpio.o)
                0x080063f0                EXTI0_IRQHandler
 .text.EXTI1_IRQHandler
                0x0800641c       0x2c /home/rodos/Discovery_WorkSpace_Updated/rodos/Debug_STM32F4/librodos.a(hal_gpio.o)
                0x0800641c                EXTI1_IRQHandler
 .text.EXTI2_IRQHandler
                0x08006448       0x2c /home/rodos/Discovery_WorkSpace_Updated/rodos/Debug_STM32F4/librodos.a(hal_gpio.o)
                0x08006448                EXTI2_IRQHandler
 .text.EXTI3_IRQHandler
                0x08006474       0x2c /home/rodos/Discovery_WorkSpace_Updated/rodos/Debug_STM32F4/librodos.a(hal_gpio.o)
                0x08006474                EXTI3_IRQHandler
 .text.EXTI4_IRQHandler
                0x080064a0       0x2c /home/rodos/Discovery_WorkSpace_Updated/rodos/Debug_STM32F4/librodos.a(hal_gpio.o)
                0x080064a0                EXTI4_IRQHandler
 .text.EXTI9_5_IRQHandler
                0x080064cc       0x78 /home/rodos/Discovery_WorkSpace_Updated/rodos/Debug_STM32F4/librodos.a(hal_gpio.o)
                0x080064cc                EXTI9_5_IRQHandler
 .text.EXTI15_10_IRQHandler
                0x08006544       0x78 /home/rodos/Discovery_WorkSpace_Updated/rodos/Debug_STM32F4/librodos.a(hal_gpio.o)
                0x08006544                EXTI15_10_IRQHandler
 .text._ZN5RODOS10HW_HAL_SPIC2Ev
                0x080065bc       0x18 /home/rodos/Discovery_WorkSpace_Updated/rodos/Debug_STM32F4/librodos.a(hal_spi.o)
                0x080065bc                RODOS::HW_HAL_SPI::HW_HAL_SPI()
                0x080065bc                RODOS::HW_HAL_SPI::HW_HAL_SPI()
 .text._ZN5RODOS10HW_HAL_SPIC2ENS_7SPI_IDXE
                0x080065d4       0x80 /home/rodos/Discovery_WorkSpace_Updated/rodos/Debug_STM32F4/librodos.a(hal_spi.o)
                0x080065d4                RODOS::HW_HAL_SPI::HW_HAL_SPI(RODOS::SPI_IDX)
                0x080065d4                RODOS::HW_HAL_SPI::HW_HAL_SPI(RODOS::SPI_IDX)
 .text._ZN5RODOS10HW_HAL_SPI11initMembersENS_7SPI_IDXENS_8GPIO_PINES2_S2_
                0x08006654      0x1f8 /home/rodos/Discovery_WorkSpace_Updated/rodos/Debug_STM32F4/librodos.a(hal_spi.o)
                0x08006654                RODOS::HW_HAL_SPI::initMembers(RODOS::SPI_IDX, RODOS::GPIO_PIN, RODOS::GPIO_PIN, RODOS::GPIO_PIN)
 .text._ZN5RODOS10HW_HAL_SPI19waitOnTransferReadyEv
                0x0800684c       0xa0 /home/rodos/Discovery_WorkSpace_Updated/rodos/Debug_STM32F4/librodos.a(hal_spi.o)
                0x0800684c                RODOS::HW_HAL_SPI::waitOnTransferReady()
 .text._ZN5RODOS10HW_HAL_SPI11setBaudrateEm
                0x080068ec      0x128 /home/rodos/Discovery_WorkSpace_Updated/rodos/Debug_STM32F4/librodos.a(hal_spi.o)
                0x080068ec                RODOS::HW_HAL_SPI::setBaudrate(unsigned long)
 .text._ZN5RODOS7HAL_SPIC2ENS_7SPI_IDXE
                0x08006a14       0x7c /home/rodos/Discovery_WorkSpace_Updated/rodos/Debug_STM32F4/librodos.a(hal_spi.o)
                0x08006a14                RODOS::HAL_SPI::HAL_SPI(RODOS::SPI_IDX)
                0x08006a14                RODOS::HAL_SPI::HAL_SPI(RODOS::SPI_IDX)
 .text._ZN5RODOS7HAL_SPI4initEmb
                0x08006a90      0x42c /home/rodos/Discovery_WorkSpace_Updated/rodos/Debug_STM32F4/librodos.a(hal_spi.o)
                0x08006a90                RODOS::HAL_SPI::init(unsigned long, bool)
 .text._ZN5RODOS7HAL_SPI5resetEv
                0x08006ebc      0x194 /home/rodos/Discovery_WorkSpace_Updated/rodos/Debug_STM32F4/librodos.a(hal_spi.o)
                0x08006ebc                RODOS::HAL_SPI::reset()
 .text._ZN5RODOS7HAL_SPI15isWriteFinishedEv
                0x08007050       0x18 /home/rodos/Discovery_WorkSpace_Updated/rodos/Debug_STM32F4/librodos.a(hal_spi.o)
                0x08007050                RODOS::HAL_SPI::isWriteFinished()
 .text._ZN5RODOS7HAL_SPI14isReadFinishedEv
                0x08007068       0x18 /home/rodos/Discovery_WorkSpace_Updated/rodos/Debug_STM32F4/librodos.a(hal_spi.o)
                0x08007068                RODOS::HAL_SPI::isReadFinished()
 .text._ZN5RODOS7HAL_SPI5writeEPKhm
                0x08007080      0x14c /home/rodos/Discovery_WorkSpace_Updated/rodos/Debug_STM32F4/librodos.a(hal_spi.o)
                0x08007080                RODOS::HAL_SPI::write(unsigned char const*, unsigned long)
 .text._ZN5RODOS7HAL_SPI9writeReadEPKhmPhm
                0x080071cc      0x278 /home/rodos/Discovery_WorkSpace_Updated/rodos/Debug_STM32F4/librodos.a(hal_spi.o)
                0x080071cc                RODOS::HAL_SPI::writeRead(unsigned char const*, unsigned long, unsigned char*, unsigned long)
 .text._Z41__static_initialization_and_destruction_0ii
                0x08007444       0x50 /home/rodos/Discovery_WorkSpace_Updated/rodos/Debug_STM32F4/librodos.a(hal_spi.o)
 .text._GLOBAL__sub_I__ZN5RODOS10HW_HAL_SPI17DMA_InitStructureE
                0x08007494       0x14 /home/rodos/Discovery_WorkSpace_Updated/rodos/Debug_STM32F4/librodos.a(hal_spi.o)
 .text.NVIC_EnableIRQ
                0x080074a8       0x38 /home/rodos/Discovery_WorkSpace_Updated/rodos/Debug_STM32F4/librodos.a(hal_uart.o)
 .text.NVIC_DisableIRQ
                0x080074e0       0x3c /home/rodos/Discovery_WorkSpace_Updated/rodos/Debug_STM32F4/librodos.a(hal_uart.o)
 .text.NVIC_ClearPendingIRQ
                0x0800751c       0x3c /home/rodos/Discovery_WorkSpace_Updated/rodos/Debug_STM32F4/librodos.a(hal_uart.o)
 .text._ZN5RODOS14ReceiveTriggerC2Ev
                0x08007558       0x38 /home/rodos/Discovery_WorkSpace_Updated/rodos/Debug_STM32F4/librodos.a(hal_uart.o)
                0x08007558                RODOS::ReceiveTrigger::ReceiveTrigger()
                0x08007558                RODOS::ReceiveTrigger::ReceiveTrigger()
 .text._ZN5RODOS11HW_HAL_UARTC2Ev
                0x08007590       0x2c /home/rodos/Discovery_WorkSpace_Updated/rodos/Debug_STM32F4/librodos.a(hal_uart.o)
                0x08007590                RODOS::HW_HAL_UART::HW_HAL_UART()
                0x08007590                RODOS::HW_HAL_UART::HW_HAL_UART()
 *fill*         0x080075bc        0x4 00
 .text._ZN5RODOS14ReceiveTrigger3runEv
                0x080075c0       0xe0 /home/rodos/Discovery_WorkSpace_Updated/rodos/Debug_STM32F4/librodos.a(hal_uart.o)
                0x080075c0                RODOS::ReceiveTrigger::run()
 .text._ZN5RODOS8HAL_UARTC2ENS_8UART_IDXENS_8GPIO_PINES2_S2_S2_
                0x080076a0       0x8c /home/rodos/Discovery_WorkSpace_Updated/rodos/Debug_STM32F4/librodos.a(hal_uart.o)
                0x080076a0                RODOS::HAL_UART::HAL_UART(RODOS::UART_IDX, RODOS::GPIO_PIN, RODOS::GPIO_PIN, RODOS::GPIO_PIN, RODOS::GPIO_PIN)
                0x080076a0                RODOS::HAL_UART::HAL_UART(RODOS::UART_IDX, RODOS::GPIO_PIN, RODOS::GPIO_PIN, RODOS::GPIO_PIN, RODOS::GPIO_PIN)
 .text._ZN5RODOS8HAL_UARTC2ENS_8UART_IDXE
                0x0800772c      0x1dc /home/rodos/Discovery_WorkSpace_Updated/rodos/Debug_STM32F4/librodos.a(hal_uart.o)
                0x0800772c                RODOS::HAL_UART::HAL_UART(RODOS::UART_IDX)
                0x0800772c                RODOS::HAL_UART::HAL_UART(RODOS::UART_IDX)
 .text.USART1_IRQHandler
                0x08007908       0x18 /home/rodos/Discovery_WorkSpace_Updated/rodos/Debug_STM32F4/librodos.a(hal_uart.o)
                0x08007908                USART1_IRQHandler
 .text.USART2_IRQHandler
                0x08007920       0x18 /home/rodos/Discovery_WorkSpace_Updated/rodos/Debug_STM32F4/librodos.a(hal_uart.o)
                0x08007920                USART2_IRQHandler
 .text.USART3_IRQHandler
                0x08007938       0x18 /home/rodos/Discovery_WorkSpace_Updated/rodos/Debug_STM32F4/librodos.a(hal_uart.o)
                0x08007938                USART3_IRQHandler
 .text.UART4_IRQHandler
                0x08007950       0x18 /home/rodos/Discovery_WorkSpace_Updated/rodos/Debug_STM32F4/librodos.a(hal_uart.o)
                0x08007950                UART4_IRQHandler
 .text.UART5_IRQHandler
                0x08007968       0x18 /home/rodos/Discovery_WorkSpace_Updated/rodos/Debug_STM32F4/librodos.a(hal_uart.o)
                0x08007968                UART5_IRQHandler
 .text.USART6_IRQHandler
                0x08007980       0x18 /home/rodos/Discovery_WorkSpace_Updated/rodos/Debug_STM32F4/librodos.a(hal_uart.o)
                0x08007980                USART6_IRQHandler
 .text.DMA2_Stream7_IRQHandler
                0x08007998       0x5c /home/rodos/Discovery_WorkSpace_Updated/rodos/Debug_STM32F4/librodos.a(hal_uart.o)
                0x08007998                DMA2_Stream7_IRQHandler
 .text.DMA1_Stream6_IRQHandler
                0x080079f4       0x5c /home/rodos/Discovery_WorkSpace_Updated/rodos/Debug_STM32F4/librodos.a(hal_uart.o)
                0x080079f4                DMA1_Stream6_IRQHandler
 .text.DMA1_Stream3_IRQHandler
                0x08007a50       0x5c /home/rodos/Discovery_WorkSpace_Updated/rodos/Debug_STM32F4/librodos.a(hal_uart.o)
                0x08007a50                DMA1_Stream3_IRQHandler
 .text.DMA2_Stream5_IRQHandler
                0x08007aac       0x5c /home/rodos/Discovery_WorkSpace_Updated/rodos/Debug_STM32F4/librodos.a(hal_uart.o)
                0x08007aac                DMA2_Stream5_IRQHandler
 .text.DMA1_Stream5_IRQHandler
                0x08007b08       0x5c /home/rodos/Discovery_WorkSpace_Updated/rodos/Debug_STM32F4/librodos.a(hal_uart.o)
                0x08007b08                DMA1_Stream5_IRQHandler
 .text.DMA1_Stream1_IRQHandler
                0x08007b64       0x5c /home/rodos/Discovery_WorkSpace_Updated/rodos/Debug_STM32F4/librodos.a(hal_uart.o)
                0x08007b64                DMA1_Stream1_IRQHandler
 .text._ZN5RODOS8HAL_UART4initEj
                0x08007bc0       0x3c /home/rodos/Discovery_WorkSpace_Updated/rodos/Debug_STM32F4/librodos.a(hal_uart.o)
                0x08007bc0                RODOS::HAL_UART::init(unsigned int)
 .text._ZN5RODOS8HAL_UART6configENS_19UART_PARAMETER_TYPEEi
                0x08007bfc      0x1e8 /home/rodos/Discovery_WorkSpace_Updated/rodos/Debug_STM32F4/librodos.a(hal_uart.o)
                0x08007bfc                RODOS::HAL_UART::config(RODOS::UART_PARAMETER_TYPE, int)
 .text._ZN5RODOS8HAL_UART5resetEv
                0x08007de4       0xcc /home/rodos/Discovery_WorkSpace_Updated/rodos/Debug_STM32F4/librodos.a(hal_uart.o)
                0x08007de4                RODOS::HAL_UART::reset()
 .text._ZN5RODOS8HAL_UART4readEPci
                0x08007eb0       0xf8 /home/rodos/Discovery_WorkSpace_Updated/rodos/Debug_STM32F4/librodos.a(hal_uart.o)
                0x08007eb0                RODOS::HAL_UART::read(char*, int)
 .text._ZN5RODOS8HAL_UART5writeEPKci
                0x08007fa8      0x10c /home/rodos/Discovery_WorkSpace_Updated/rodos/Debug_STM32F4/librodos.a(hal_uart.o)
                0x08007fa8                RODOS::HAL_UART::write(char const*, int)
 .text._ZN5RODOS8HAL_UART13getcharNoWaitEv
                0x080080b4       0x90 /home/rodos/Discovery_WorkSpace_Updated/rodos/Debug_STM32F4/librodos.a(hal_uart.o)
                0x080080b4                RODOS::HAL_UART::getcharNoWait()
 .text._ZN5RODOS8HAL_UART13putcharNoWaitEc
                0x08008144       0xb0 /home/rodos/Discovery_WorkSpace_Updated/rodos/Debug_STM32F4/librodos.a(hal_uart.o)
                0x08008144                RODOS::HAL_UART::putcharNoWait(char)
 .text._ZN5RODOS8HAL_UART6statusENS_16UART_STATUS_TYPEE
                0x080081f4       0x68 /home/rodos/Discovery_WorkSpace_Updated/rodos/Debug_STM32F4/librodos.a(hal_uart.o)
                0x080081f4                RODOS::HAL_UART::status(RODOS::UART_STATUS_TYPE)
 .text._ZN5RODOS8HAL_UART15isWriteFinishedEv
                0x0800825c       0x60 /home/rodos/Discovery_WorkSpace_Updated/rodos/Debug_STM32F4/librodos.a(hal_uart.o)
                0x0800825c                RODOS::HAL_UART::isWriteFinished()
 .text._ZN5RODOS8HAL_UART11isDataReadyEv
                0x080082bc       0x44 /home/rodos/Discovery_WorkSpace_Updated/rodos/Debug_STM32F4/librodos.a(hal_uart.o)
                0x080082bc                RODOS::HAL_UART::isDataReady()
 .text._ZN5RODOS11HW_HAL_UART11initMembersEPNS_8HAL_UARTENS_8UART_IDXENS_8GPIO_PINES4_S4_S4_
                0x08008300       0x74 /home/rodos/Discovery_WorkSpace_Updated/rodos/Debug_STM32F4/librodos.a(hal_uart.o)
                0x08008300                RODOS::HW_HAL_UART::initMembers(RODOS::HAL_UART*, RODOS::UART_IDX, RODOS::GPIO_PIN, RODOS::GPIO_PIN, RODOS::GPIO_PIN, RODOS::GPIO_PIN)
 .text._ZN5RODOS11HW_HAL_UART12DMAConfigureEv
                0x08008374      0x1e8 /home/rodos/Discovery_WorkSpace_Updated/rodos/Debug_STM32F4/librodos.a(hal_uart.o)
                0x08008374                RODOS::HW_HAL_UART::DMAConfigure()
 .text._ZN5RODOS11HW_HAL_UART16DMAStartTransferEPvi
                0x0800855c       0x60 /home/rodos/Discovery_WorkSpace_Updated/rodos/Debug_STM32F4/librodos.a(hal_uart.o)
                0x0800855c                RODOS::HW_HAL_UART::DMAStartTransfer(void*, int)
 .text._ZN5RODOS11HW_HAL_UART15DMAStartReceiveEPvi
                0x080085bc       0x78 /home/rodos/Discovery_WorkSpace_Updated/rodos/Debug_STM32F4/librodos.a(hal_uart.o)
                0x080085bc                RODOS::HW_HAL_UART::DMAStartReceive(void*, int)
 .text._ZN5RODOS11HW_HAL_UART26DMATransmitFinishedHandlerEv
                0x08008634       0x94 /home/rodos/Discovery_WorkSpace_Updated/rodos/Debug_STM32F4/librodos.a(hal_uart.o)
                0x08008634                RODOS::HW_HAL_UART::DMATransmitFinishedHandler()
 .text._ZN5RODOS11HW_HAL_UART25DMAReceiveFinishedHandlerEv
                0x080086c8       0x78 /home/rodos/Discovery_WorkSpace_Updated/rodos/Debug_STM32F4/librodos.a(hal_uart.o)
                0x080086c8                RODOS::HW_HAL_UART::DMAReceiveFinishedHandler()
 .text._ZN5RODOS11HW_HAL_UART16SendTxBufWithDMAEv
                0x08008740       0x48 /home/rodos/Discovery_WorkSpace_Updated/rodos/Debug_STM32F4/librodos.a(hal_uart.o)
                0x08008740                RODOS::HW_HAL_UART::SendTxBufWithDMA()
 .text._ZN5RODOS11HW_HAL_UART22RceiveIntoRxBufWithDMAEv
                0x08008788       0x70 /home/rodos/Discovery_WorkSpace_Updated/rodos/Debug_STM32F4/librodos.a(hal_uart.o)
                0x08008788                RODOS::HW_HAL_UART::RceiveIntoRxBufWithDMA()
 .text._ZN5RODOS14EnableDMAClockEv
                0x080087f8       0x40 /home/rodos/Discovery_WorkSpace_Updated/rodos/Debug_STM32F4/librodos.a(hal_uart.o)
                0x080087f8                RODOS::EnableDMAClock()
 .text._ZN5RODOS11HW_HAL_UART14UARTIRQHandlerEv
                0x08008838      0x1a8 /home/rodos/Discovery_WorkSpace_Updated/rodos/Debug_STM32F4/librodos.a(hal_uart.o)
                0x08008838                RODOS::HW_HAL_UART::UARTIRQHandler()
 .text._ZN5RODOS11HW_HAL_UART23getRCC_APBxPeriph_UARTxEv
                0x080089e0       0x7c /home/rodos/Discovery_WorkSpace_Updated/rodos/Debug_STM32F4/librodos.a(hal_uart.o)
                0x080089e0                RODOS::HW_HAL_UART::getRCC_APBxPeriph_UARTx()
 .text._ZN5RODOS11HW_HAL_UART16getGPIO_AF_UARTxEv
                0x08008a5c       0x7c /home/rodos/Discovery_WorkSpace_Updated/rodos/Debug_STM32F4/librodos.a(hal_uart.o)
                0x08008a5c                RODOS::HW_HAL_UART::getGPIO_AF_UARTx()
 .text._ZN5RODOS11HW_HAL_UART13getUARTx_IRQnEv
                0x08008ad8       0x6c /home/rodos/Discovery_WorkSpace_Updated/rodos/Debug_STM32F4/librodos.a(hal_uart.o)
                0x08008ad8                RODOS::HW_HAL_UART::getUARTx_IRQn()
 .text._ZN5RODOS11HW_HAL_UART8getUARTxEv
                0x08008b44       0x9c /home/rodos/Discovery_WorkSpace_Updated/rodos/Debug_STM32F4/librodos.a(hal_uart.o)
                0x08008b44                RODOS::HW_HAL_UART::getUARTx()
 .text._ZN5RODOS11HW_HAL_UART4initEj
                0x08008be0      0x100 /home/rodos/Discovery_WorkSpace_Updated/rodos/Debug_STM32F4/librodos.a(hal_uart.o)
                0x08008be0                RODOS::HW_HAL_UART::init(unsigned int)
 .text._ZN5RODOS4FifoIhLi256EED2Ev
                0x08008ce0       0x38 /home/rodos/Discovery_WorkSpace_Updated/rodos/Debug_STM32F4/librodos.a(hal_uart.o)
                0x08008ce0                RODOS::Fifo<unsigned char, 256>::~Fifo()
                0x08008ce0                RODOS::Fifo<unsigned char, 256>::~Fifo()
 .text._ZN5RODOS4FifoIhLi256EED0Ev
                0x08008d18       0x20 /home/rodos/Discovery_WorkSpace_Updated/rodos/Debug_STM32F4/librodos.a(hal_uart.o)
                0x08008d18                RODOS::Fifo<unsigned char, 256>::~Fifo()
 .text._ZN5RODOS9BlockFifoIhLi256EEC2Ev
                0x08008d38       0x28 /home/rodos/Discovery_WorkSpace_Updated/rodos/Debug_STM32F4/librodos.a(hal_uart.o)
                0x08008d38                RODOS::BlockFifo<unsigned char, 256>::BlockFifo()
                0x08008d38                RODOS::BlockFifo<unsigned char, 256>::BlockFifo()
 .text._ZN5RODOS9BlockFifoIhLi256EE15getBufferToReadERi
                0x08008d60       0x64 /home/rodos/Discovery_WorkSpace_Updated/rodos/Debug_STM32F4/librodos.a(hal_uart.o)
                0x08008d60                RODOS::BlockFifo<unsigned char, 256>::getBufferToRead(int&)
 .text._ZN5RODOS9BlockFifoIhLi256EE13readConcludedEi
                0x08008dc4       0x2c /home/rodos/Discovery_WorkSpace_Updated/rodos/Debug_STM32F4/librodos.a(hal_uart.o)
                0x08008dc4                RODOS::BlockFifo<unsigned char, 256>::readConcluded(int)
 .text._ZN5RODOS9BlockFifoIhLi256EE16getBufferToWriteERi
                0x08008df0       0x8c /home/rodos/Discovery_WorkSpace_Updated/rodos/Debug_STM32F4/librodos.a(hal_uart.o)
                0x08008df0                RODOS::BlockFifo<unsigned char, 256>::getBufferToWrite(int&)
 .text._ZN5RODOS9BlockFifoIhLi256EE14writeConcludedEi
                0x08008e7c       0x2c /home/rodos/Discovery_WorkSpace_Updated/rodos/Debug_STM32F4/librodos.a(hal_uart.o)
                0x08008e7c                RODOS::BlockFifo<unsigned char, 256>::writeConcluded(int)
 .text._ZN5RODOS4FifoIhLi256EE3getERh
                0x08008ea8       0x60 /home/rodos/Discovery_WorkSpace_Updated/rodos/Debug_STM32F4/librodos.a(hal_uart.o)
                0x08008ea8                RODOS::Fifo<unsigned char, 256>::get(unsigned char&)
 .text._ZN5RODOS4FifoIhLi256EE3putERKh
                0x08008f08       0x5c /home/rodos/Discovery_WorkSpace_Updated/rodos/Debug_STM32F4/librodos.a(hal_uart.o)
                0x08008f08                RODOS::Fifo<unsigned char, 256>::put(unsigned char const&)
 .text._ZN5RODOS4FifoIhLi256EE15getElementCountEv
                0x08008f64       0x40 /home/rodos/Discovery_WorkSpace_Updated/rodos/Debug_STM32F4/librodos.a(hal_uart.o)
                0x08008f64                RODOS::Fifo<unsigned char, 256>::getElementCount()
 .text._ZN5RODOS4FifoIhLi256EE7isEmptyEv
                0x08008fa4       0x2c /home/rodos/Discovery_WorkSpace_Updated/rodos/Debug_STM32F4/librodos.a(hal_uart.o)
                0x08008fa4                RODOS::Fifo<unsigned char, 256>::isEmpty()
 .text._ZN5RODOS4FifoIhLi256EEC2Ev
                0x08008fd0       0x3c /home/rodos/Discovery_WorkSpace_Updated/rodos/Debug_STM32F4/librodos.a(hal_uart.o)
                0x08008fd0                RODOS::Fifo<unsigned char, 256>::Fifo()
                0x08008fd0                RODOS::Fifo<unsigned char, 256>::Fifo()
 .text._ZN5RODOS9BlockFifoIhLi256EE14advanceIndexExEii
                0x0800900c       0x3c /home/rodos/Discovery_WorkSpace_Updated/rodos/Debug_STM32F4/librodos.a(hal_uart.o)
                0x0800900c                RODOS::BlockFifo<unsigned char, 256>::advanceIndexEx(int, int)
 .text._ZN5RODOS4FifoIhLi256EE12advanceIndexEi
                0x08009048       0x28 /home/rodos/Discovery_WorkSpace_Updated/rodos/Debug_STM32F4/librodos.a(hal_uart.o)
                0x08009048                RODOS::Fifo<unsigned char, 256>::advanceIndex(int)
 .text._ZN5RODOS9BlockFifoIhLi256EED2Ev
                0x08009070       0x38 /home/rodos/Discovery_WorkSpace_Updated/rodos/Debug_STM32F4/librodos.a(hal_uart.o)
                0x08009070                RODOS::BlockFifo<unsigned char, 256>::~BlockFifo()
                0x08009070                RODOS::BlockFifo<unsigned char, 256>::~BlockFifo()
 .text._ZN5RODOS9BlockFifoIhLi256EED0Ev
                0x080090a8       0x20 /home/rodos/Discovery_WorkSpace_Updated/rodos/Debug_STM32F4/librodos.a(hal_uart.o)
                0x080090a8                RODOS::BlockFifo<unsigned char, 256>::~BlockFifo()
 .text._ZN5RODOS14ReceiveTriggerD2Ev
                0x080090c8       0x38 /home/rodos/Discovery_WorkSpace_Updated/rodos/Debug_STM32F4/librodos.a(hal_uart.o)
                0x080090c8                RODOS::ReceiveTrigger::~ReceiveTrigger()
                0x080090c8                RODOS::ReceiveTrigger::~ReceiveTrigger()
 .text._ZN5RODOS14ReceiveTriggerD0Ev
                0x08009100       0x20 /home/rodos/Discovery_WorkSpace_Updated/rodos/Debug_STM32F4/librodos.a(hal_uart.o)
                0x08009100                RODOS::ReceiveTrigger::~ReceiveTrigger()
 .text._ZN5RODOS11HW_HAL_UARTD2Ev
                0x08009120       0x2c /home/rodos/Discovery_WorkSpace_Updated/rodos/Debug_STM32F4/librodos.a(hal_uart.o)
                0x08009120                RODOS::HW_HAL_UART::~HW_HAL_UART()
                0x08009120                RODOS::HW_HAL_UART::~HW_HAL_UART()
 .text.__tcf_0  0x0800914c       0x30 /home/rodos/Discovery_WorkSpace_Updated/rodos/Debug_STM32F4/librodos.a(hal_uart.o)
 .text._Z41__static_initialization_and_destruction_0ii
                0x0800917c       0x90 /home/rodos/Discovery_WorkSpace_Updated/rodos/Debug_STM32F4/librodos.a(hal_uart.o)
 .text._ZN5RODOS4FifoIhLi256EE10putGenericEljPKvRKNS_10NetMsgInfoE
                0x0800920c       0x3c /home/rodos/Discovery_WorkSpace_Updated/rodos/Debug_STM32F4/librodos.a(hal_uart.o)
                0x0800920c                RODOS::Fifo<unsigned char, 256>::putGeneric(long, unsigned int, void const*, RODOS::NetMsgInfo const&)
 .text._GLOBAL__sub_I__ZN5RODOS17UART_contextArrayE
                0x08009248       0x14 /home/rodos/Discovery_WorkSpace_Updated/rodos/Debug_STM32F4/librodos.a(hal_uart.o)
 .text.DMA_Init
                0x0800925c       0xb0 /home/rodos/Discovery_WorkSpace_Updated/rodos/Debug_STM32F4/librodos.a(stm32f4xx_dma.o)
                0x0800925c                DMA_Init
 .text.DMA_StructInit
                0x0800930c       0x8c /home/rodos/Discovery_WorkSpace_Updated/rodos/Debug_STM32F4/librodos.a(stm32f4xx_dma.o)
                0x0800930c                DMA_StructInit
 .text.DMA_Cmd  0x08009398       0x38 /home/rodos/Discovery_WorkSpace_Updated/rodos/Debug_STM32F4/librodos.a(stm32f4xx_dma.o)
                0x08009398                DMA_Cmd
 .text.DMA_GetCurrDataCounter
                0x080093d0       0x1c /home/rodos/Discovery_WorkSpace_Updated/rodos/Debug_STM32F4/librodos.a(stm32f4xx_dma.o)
                0x080093d0                DMA_GetCurrDataCounter
 .text.DMA_GetCmdStatus
                0x080093ec       0x38 /home/rodos/Discovery_WorkSpace_Updated/rodos/Debug_STM32F4/librodos.a(stm32f4xx_dma.o)
                0x080093ec                DMA_GetCmdStatus
 .text.DMA_GetFlagStatus
                0x08009424       0x84 /home/rodos/Discovery_WorkSpace_Updated/rodos/Debug_STM32F4/librodos.a(stm32f4xx_dma.o)
                0x08009424                DMA_GetFlagStatus
 .text.DMA_ClearFlag
                0x080094a8       0x60 /home/rodos/Discovery_WorkSpace_Updated/rodos/Debug_STM32F4/librodos.a(stm32f4xx_dma.o)
                0x080094a8                DMA_ClearFlag
 .text.DMA_ITConfig
                0x08009508       0x74 /home/rodos/Discovery_WorkSpace_Updated/rodos/Debug_STM32F4/librodos.a(stm32f4xx_dma.o)
                0x08009508                DMA_ITConfig
 .text.DMA_GetITStatus
                0x0800957c       0xc0 /home/rodos/Discovery_WorkSpace_Updated/rodos/Debug_STM32F4/librodos.a(stm32f4xx_dma.o)
                0x0800957c                DMA_GetITStatus
 .text.DMA_ClearITPendingBit
                0x0800963c       0x60 /home/rodos/Discovery_WorkSpace_Updated/rodos/Debug_STM32F4/librodos.a(stm32f4xx_dma.o)
                0x0800963c                DMA_ClearITPendingBit
 .text.GPIO_Init
                0x0800969c      0x144 /home/rodos/Discovery_WorkSpace_Updated/rodos/Debug_STM32F4/librodos.a(stm32f4xx_gpio.o)
                0x0800969c                GPIO_Init
 .text.GPIO_StructInit
                0x080097e0       0x3c /home/rodos/Discovery_WorkSpace_Updated/rodos/Debug_STM32F4/librodos.a(stm32f4xx_gpio.o)
                0x080097e0                GPIO_StructInit
 .text.GPIO_ReadInputData
                0x0800981c       0x1c /home/rodos/Discovery_WorkSpace_Updated/rodos/Debug_STM32F4/librodos.a(stm32f4xx_gpio.o)
                0x0800981c                GPIO_ReadInputData
 .text.GPIO_ReadOutputData
                0x08009838       0x1c /home/rodos/Discovery_WorkSpace_Updated/rodos/Debug_STM32F4/librodos.a(stm32f4xx_gpio.o)
                0x08009838                GPIO_ReadOutputData
 .text.GPIO_Write
                0x08009854       0x1c /home/rodos/Discovery_WorkSpace_Updated/rodos/Debug_STM32F4/librodos.a(stm32f4xx_gpio.o)
                0x08009854                GPIO_Write
 .text.GPIO_PinAFConfig
                0x08009870       0xa8 /home/rodos/Discovery_WorkSpace_Updated/rodos/Debug_STM32F4/librodos.a(stm32f4xx_gpio.o)
                0x08009870                GPIO_PinAFConfig
 .text.RCC_LSICmd
                0x08009918       0x20 /home/rodos/Discovery_WorkSpace_Updated/rodos/Debug_STM32F4/librodos.a(stm32f4xx_rcc.o)
                0x08009918                RCC_LSICmd
 .text.RCC_GetClocksFreq
                0x08009938      0x1cc /home/rodos/Discovery_WorkSpace_Updated/rodos/Debug_STM32F4/librodos.a(stm32f4xx_rcc.o)
                0x08009938                RCC_GetClocksFreq
 .text.RCC_AHB1PeriphClockCmd
                0x08009b04       0x54 /home/rodos/Discovery_WorkSpace_Updated/rodos/Debug_STM32F4/librodos.a(stm32f4xx_rcc.o)
                0x08009b04                RCC_AHB1PeriphClockCmd
 .text.RCC_APB1PeriphClockCmd
                0x08009b58       0x54 /home/rodos/Discovery_WorkSpace_Updated/rodos/Debug_STM32F4/librodos.a(stm32f4xx_rcc.o)
                0x08009b58                RCC_APB1PeriphClockCmd
 .text.RCC_APB2PeriphClockCmd
                0x08009bac       0x54 /home/rodos/Discovery_WorkSpace_Updated/rodos/Debug_STM32F4/librodos.a(stm32f4xx_rcc.o)
                0x08009bac                RCC_APB2PeriphClockCmd
 .text.RCC_AHB1PeriphResetCmd
                0x08009c00       0x54 /home/rodos/Discovery_WorkSpace_Updated/rodos/Debug_STM32F4/librodos.a(stm32f4xx_rcc.o)
                0x08009c00                RCC_AHB1PeriphResetCmd
 .text.RCC_APB1PeriphResetCmd
                0x08009c54       0x54 /home/rodos/Discovery_WorkSpace_Updated/rodos/Debug_STM32F4/librodos.a(stm32f4xx_rcc.o)
                0x08009c54                RCC_APB1PeriphResetCmd
 .text.RCC_APB2PeriphResetCmd
                0x08009ca8       0x54 /home/rodos/Discovery_WorkSpace_Updated/rodos/Debug_STM32F4/librodos.a(stm32f4xx_rcc.o)
                0x08009ca8                RCC_APB2PeriphResetCmd
 .text.RCC_GetFlagStatus
                0x08009cfc       0x90 /home/rodos/Discovery_WorkSpace_Updated/rodos/Debug_STM32F4/librodos.a(stm32f4xx_rcc.o)
                0x08009cfc                RCC_GetFlagStatus
 .text.SPI_Init
                0x08009d8c       0x88 /home/rodos/Discovery_WorkSpace_Updated/rodos/Debug_STM32F4/librodos.a(stm32f4xx_spi.o)
                0x08009d8c                SPI_Init
 .text.SPI_Cmd  0x08009e14       0x40 /home/rodos/Discovery_WorkSpace_Updated/rodos/Debug_STM32F4/librodos.a(stm32f4xx_spi.o)
                0x08009e14                SPI_Cmd
 .text.SPI_I2S_DMACmd
                0x08009e54       0x48 /home/rodos/Discovery_WorkSpace_Updated/rodos/Debug_STM32F4/librodos.a(stm32f4xx_spi.o)
                0x08009e54                SPI_I2S_DMACmd
 .text.SYSCFG_EXTILineConfig
                0x08009e9c       0xb0 /home/rodos/Discovery_WorkSpace_Updated/rodos/Debug_STM32F4/librodos.a(stm32f4xx_syscfg.o)
                0x08009e9c                SYSCFG_EXTILineConfig
 .text.USART_DeInit
                0x08009f4c      0x150 /home/rodos/Discovery_WorkSpace_Updated/rodos/Debug_STM32F4/librodos.a(stm32f4xx_usart.o)
                0x08009f4c                USART_DeInit
 .text.USART_Init
                0x0800a09c      0x1ac /home/rodos/Discovery_WorkSpace_Updated/rodos/Debug_STM32F4/librodos.a(stm32f4xx_usart.o)
                0x0800a09c                USART_Init
 .text.USART_StructInit
                0x0800a248       0x44 /home/rodos/Discovery_WorkSpace_Updated/rodos/Debug_STM32F4/librodos.a(stm32f4xx_usart.o)
                0x0800a248                USART_StructInit
 .text.USART_Cmd
                0x0800a28c       0x40 /home/rodos/Discovery_WorkSpace_Updated/rodos/Debug_STM32F4/librodos.a(stm32f4xx_usart.o)
                0x0800a28c                USART_Cmd
 .text.USART_ReceiveData
                0x0800a2cc       0x24 /home/rodos/Discovery_WorkSpace_Updated/rodos/Debug_STM32F4/librodos.a(stm32f4xx_usart.o)
                0x0800a2cc                USART_ReceiveData
 .text.USART_DMACmd
                0x0800a2f0       0x48 /home/rodos/Discovery_WorkSpace_Updated/rodos/Debug_STM32F4/librodos.a(stm32f4xx_usart.o)
                0x0800a2f0                USART_DMACmd
 .text.USART_ITConfig
                0x0800a338       0xa4 /home/rodos/Discovery_WorkSpace_Updated/rodos/Debug_STM32F4/librodos.a(stm32f4xx_usart.o)
                0x0800a338                USART_ITConfig
 .text.USART_GetFlagStatus
                0x0800a3dc       0x40 /home/rodos/Discovery_WorkSpace_Updated/rodos/Debug_STM32F4/librodos.a(stm32f4xx_usart.o)
                0x0800a3dc                USART_GetFlagStatus
 .text.USART_GetITStatus
                0x0800a41c       0xc4 /home/rodos/Discovery_WorkSpace_Updated/rodos/Debug_STM32F4/librodos.a(stm32f4xx_usart.o)
                0x0800a41c                USART_GetITStatus
 .text.NVIC_SetPriority
                0x0800a4e0       0x5c /home/rodos/Discovery_WorkSpace_Updated/rodos/Debug_STM32F4/librodos.a(hw_specific.o)
 .text._ZN5RODOS6hwInitEv
                0x0800a53c       0x98 /home/rodos/Discovery_WorkSpace_Updated/rodos/Debug_STM32F4/librodos.a(hw_specific.o)
                0x0800a53c                RODOS::hwInit()
 .text._ZN5RODOS19hwDisableInterruptsEv
                0x0800a5d4        0xc /home/rodos/Discovery_WorkSpace_Updated/rodos/Debug_STM32F4/librodos.a(hw_specific.o)
                0x0800a5d4                RODOS::hwDisableInterrupts()
 .text._ZN5RODOS18hwEnableInterruptsEv
                0x0800a5e0        0xc /home/rodos/Discovery_WorkSpace_Updated/rodos/Debug_STM32F4/librodos.a(hw_specific.o)
                0x0800a5e0                RODOS::hwEnableInterrupts()
 .text._ZN5RODOS13hwInitContextEPlPv
                0x0800a5ec       0x74 /home/rodos/Discovery_WorkSpace_Updated/rodos/Debug_STM32F4/librodos.a(hw_specific.o)
                0x0800a5ec                RODOS::hwInitContext(long*, void*)
 .text._ZN5RODOS15startIdleThreadEv
                0x0800a660       0x14 /home/rodos/Discovery_WorkSpace_Updated/rodos/Debug_STM32F4/librodos.a(hw_specific.o)
                0x0800a660                RODOS::startIdleThread()
 .text.SVC_Handler
                0x0800a674       0x14 /home/rodos/Discovery_WorkSpace_Updated/rodos/Debug_STM32F4/librodos.a(hw_specific.o)
                0x0800a674                SVC_Handler
 .text.PendSV_Handler
                0x0800a688       0x38 /home/rodos/Discovery_WorkSpace_Updated/rodos/Debug_STM32F4/librodos.a(hw_specific.o)
                0x0800a688                PendSV_Handler
 .text.__asmSwitchToContext
                0x0800a6c0       0x20 /home/rodos/Discovery_WorkSpace_Updated/rodos/Debug_STM32F4/librodos.a(hw_specific.o)
                0x0800a6c0                __asmSwitchToContext
 .text.__asmSaveContextAndCallScheduler
                0x0800a6e0       0x24 /home/rodos/Discovery_WorkSpace_Updated/rodos/Debug_STM32F4/librodos.a(hw_specific.o)
                0x0800a6e0                __asmSaveContextAndCallScheduler
 .text.TIM5_ISR4LSI
                0x0800a704       0xc4 /home/rodos/Discovery_WorkSpace_Updated/rodos/Debug_STM32F4/librodos.a(hw_specific.o)
                0x0800a704                TIM5_ISR4LSI
 .text.TIM5_ISR_USER
                0x0800a7c8        0xc /home/rodos/Discovery_WorkSpace_Updated/rodos/Debug_STM32F4/librodos.a(hw_specific.o)
                0x0800a7c8                TIM5_ISR_USER
 .text.TIM5_IRQHandler
                0x0800a7d4       0x20 /home/rodos/Discovery_WorkSpace_Updated/rodos/Debug_STM32F4/librodos.a(hw_specific.o)
                0x0800a7d4                TIM5_IRQHandler
 .text._ZN5RODOSL15GetLSIFrequencyEv
                0x0800a7f4      0x1a0 /home/rodos/Discovery_WorkSpace_Updated/rodos/Debug_STM32F4/librodos.a(hw_specific.o)
 .text._Z41__static_initialization_and_destruction_0ii
                0x0800a994       0x48 /home/rodos/Discovery_WorkSpace_Updated/rodos/Debug_STM32F4/librodos.a(hw_specific.o)
 .text._GLOBAL__sub_I_contextT
                0x0800a9dc       0x14 /home/rodos/Discovery_WorkSpace_Updated/rodos/Debug_STM32F4/librodos.a(hw_specific.o)
 .text.NVIC_EnableIRQ
                0x0800a9f0       0x38 /home/rodos/Discovery_WorkSpace_Updated/rodos/Debug_STM32F4/librodos.a(hw_timer.o)
 .text.NVIC_ClearPendingIRQ
                0x0800aa28       0x3c /home/rodos/Discovery_WorkSpace_Updated/rodos/Debug_STM32F4/librodos.a(hw_timer.o)
 .text.NVIC_SetPriority
                0x0800aa64       0x5c /home/rodos/Discovery_WorkSpace_Updated/rodos/Debug_STM32F4/librodos.a(hw_timer.o)
 .text.SysTick_Handler
                0x0800aac0       0x74 /home/rodos/Discovery_WorkSpace_Updated/rodos/Debug_STM32F4/librodos.a(hw_timer.o)
                0x0800aac0                SysTick_Handler
 .text.SysTick_Config_New
                0x0800ab34       0x54 /home/rodos/Discovery_WorkSpace_Updated/rodos/Debug_STM32F4/librodos.a(hw_timer.o)
 .text.SysTick_Enable
                0x0800ab88       0x20 /home/rodos/Discovery_WorkSpace_Updated/rodos/Debug_STM32F4/librodos.a(hw_timer.o)
 .text.SysTick_Disable
                0x0800aba8       0x20 /home/rodos/Discovery_WorkSpace_Updated/rodos/Debug_STM32F4/librodos.a(hw_timer.o)
 .text._ZN5RODOS5Timer4initEv
                0x0800abc8       0x58 /home/rodos/Discovery_WorkSpace_Updated/rodos/Debug_STM32F4/librodos.a(hw_timer.o)
                0x0800abc8                RODOS::Timer::init()
 .text._ZN5RODOS5Timer5startEv
                0x0800ac20       0x5c /home/rodos/Discovery_WorkSpace_Updated/rodos/Debug_STM32F4/librodos.a(hw_timer.o)
                0x0800ac20                RODOS::Timer::start()
 .text._ZN5RODOS5Timer4stopEv
                0x0800ac7c        0xc /home/rodos/Discovery_WorkSpace_Updated/rodos/Debug_STM32F4/librodos.a(hw_timer.o)
                0x0800ac7c                RODOS::Timer::stop()
 .text._ZN5RODOS5Timer11setIntervalEx
                0x0800ac88       0x24 /home/rodos/Discovery_WorkSpace_Updated/rodos/Debug_STM32F4/librodos.a(hw_timer.o)
                0x0800ac88                RODOS::Timer::setInterval(long long)
 .text.TIM1_TRG_COM_TIM11_IRQHandler
                0x0800acac       0x48 /home/rodos/Discovery_WorkSpace_Updated/rodos/Debug_STM32F4/librodos.a(hw_timer.o)
                0x0800acac                TIM1_TRG_COM_TIM11_IRQHandler
 .text._ZN5RODOS9TIMx_initEv
                0x0800acf4       0xec /home/rodos/Discovery_WorkSpace_Updated/rodos/Debug_STM32F4/librodos.a(hw_timer.o)
                0x0800acf4                RODOS::TIMx_init()
 .text._ZN5RODOS16hwGetNanosecondsEv
                0x0800ade0       0xe0 /home/rodos/Discovery_WorkSpace_Updated/rodos/Debug_STM32F4/librodos.a(hw_timer.o)
                0x0800ade0                RODOS::hwGetNanoseconds()
 .text._ZN5RODOS10hwInitTimeEv
                0x0800aec0       0x20 /home/rodos/Discovery_WorkSpace_Updated/rodos/Debug_STM32F4/librodos.a(hw_timer.o)
                0x0800aec0                RODOS::hwInitTime()
 .text.NMI_Handler
                0x0800aee0        0x8 /home/rodos/Discovery_WorkSpace_Updated/rodos/Debug_STM32F4/librodos.a(stm32xxx_it.o)
                0x0800aee0                NMI_Handler
 .text.HardFault_Handler
                0x0800aee8       0x24 /home/rodos/Discovery_WorkSpace_Updated/rodos/Debug_STM32F4/librodos.a(stm32xxx_it.o)
                0x0800aee8                HardFault_Handler
 .text.MemManage_Handler
                0x0800af0c        0x8 /home/rodos/Discovery_WorkSpace_Updated/rodos/Debug_STM32F4/librodos.a(stm32xxx_it.o)
                0x0800af0c                MemManage_Handler
 .text.BusFault_Handler
                0x0800af14        0x8 /home/rodos/Discovery_WorkSpace_Updated/rodos/Debug_STM32F4/librodos.a(stm32xxx_it.o)
                0x0800af14                BusFault_Handler
 .text.UsageFault_Handler
                0x0800af1c        0x8 /home/rodos/Discovery_WorkSpace_Updated/rodos/Debug_STM32F4/librodos.a(stm32xxx_it.o)
                0x0800af1c                UsageFault_Handler
 .text.WWDG_IRQHandlerFunc
                0x0800af24        0x8 /home/rodos/Discovery_WorkSpace_Updated/rodos/Debug_STM32F4/librodos.a(stm32xxx_it.o)
                0x0800af24                WWDG_IRQHandlerFunc
 .text._sbrk    0x0800af2c       0x9c /home/rodos/Discovery_WorkSpace_Updated/rodos/Debug_STM32F4/librodos.a(syscalls.o)
                0x0800af2c                _sbrk
 .text._sbrk_r  0x0800afc8       0x20 /home/rodos/Discovery_WorkSpace_Updated/rodos/Debug_STM32F4/librodos.a(syscalls.o)
                0x0800afc8                _sbrk_r
 .text.putchar  0x0800afe8       0x90 /home/rodos/Discovery_WorkSpace_Updated/rodos/Debug_STM32F4/librodos.a(syscalls.o)
                0x0800afe8                putchar
 .text._ZN5RODOS18sp_partition_yieldEv
                0x0800b078        0xc /home/rodos/Discovery_WorkSpace_Updated/rodos/Debug_STM32F4/librodos.a(syscalls.o)
                0x0800b078                RODOS::sp_partition_yield()
 .text._ZN5RODOS6FFLUSHEv
                0x0800b084        0xc /home/rodos/Discovery_WorkSpace_Updated/rodos/Debug_STM32F4/librodos.a(syscalls.o)
                0x0800b084                RODOS::FFLUSH()
 .text.SystemInit
                0x0800b090       0xc8 /home/rodos/Discovery_WorkSpace_Updated/rodos/Debug_STM32F4/librodos.a(system_stm32f4xx.o)
                0x0800b090                SystemInit
 .text.SystemCoreClockUpdate
                0x0800b158      0x170 /home/rodos/Discovery_WorkSpace_Updated/rodos/Debug_STM32F4/librodos.a(system_stm32f4xx.o)
                0x0800b158                SystemCoreClockUpdate
 .text.SetSysClock
                0x0800b2c8      0x2fc /home/rodos/Discovery_WorkSpace_Updated/rodos/Debug_STM32F4/librodos.a(system_stm32f4xx.o)
 .text.schedulerWrapper
                0x0800b5c4       0x24 /home/rodos/Discovery_WorkSpace_Updated/rodos/Debug_STM32F4/librodos.a(scheduler.o)
                0x0800b5c4                schedulerWrapper
 .text._ZN5RODOS9Scheduler4idleEv
                0x0800b5e8       0x54 /home/rodos/Discovery_WorkSpace_Updated/rodos/Debug_STM32F4/librodos.a(scheduler.o)
                0x0800b5e8                RODOS::Scheduler::idle()
 .text._ZN5RODOS9Scheduler8scheduleEv
                0x0800b63c       0xac /home/rodos/Discovery_WorkSpace_Updated/rodos/Debug_STM32F4/librodos.a(scheduler.o)
                0x0800b63c                RODOS::Scheduler::schedule()
 .text._ZN5RODOS9Scheduler18isSchedulerRunningEv
                0x0800b6e8       0x20 /home/rodos/Discovery_WorkSpace_Updated/rodos/Debug_STM32F4/librodos.a(scheduler.o)
                0x0800b6e8                RODOS::Scheduler::isSchedulerRunning()
 .text._Z41__static_initialization_and_destruction_0ii
                0x0800b708       0x38 /home/rodos/Discovery_WorkSpace_Updated/rodos/Debug_STM32F4/librodos.a(scheduler.o)
 .text._GLOBAL__sub_I___schedulerStack__
                0x0800b740       0x14 /home/rodos/Discovery_WorkSpace_Updated/rodos/Debug_STM32F4/librodos.a(scheduler.o)
 .text._ZN5RODOS9SemaphoreC2Ev
                0x0800b754       0x38 /home/rodos/Discovery_WorkSpace_Updated/rodos/Debug_STM32F4/librodos.a(semaphore.o)
                0x0800b754                RODOS::Semaphore::Semaphore()
                0x0800b754                RODOS::Semaphore::Semaphore()
 .text._ZN5RODOS9Semaphore5enterEv
                0x0800b78c       0xe0 /home/rodos/Discovery_WorkSpace_Updated/rodos/Debug_STM32F4/librodos.a(semaphore.o)
                0x0800b78c                RODOS::Semaphore::enter()
 .text._ZN5RODOS9Semaphore5leaveEv
                0x0800b86c       0xbc /home/rodos/Discovery_WorkSpace_Updated/rodos/Debug_STM32F4/librodos.a(semaphore.o)
                0x0800b86c                RODOS::Semaphore::leave()
 .text._ZNK5RODOS11ListElement7getNameEv
                0x0800b928       0x18 /home/rodos/Discovery_WorkSpace_Updated/rodos/Debug_STM32F4/librodos.a(thread_on_hw.o)
                0x0800b928                RODOS::ListElement::getName() const
 .text._ZN5RODOS6ThreadC2EPKcll
                0x0800b940       0xf4 /home/rodos/Discovery_WorkSpace_Updated/rodos/Debug_STM32F4/librodos.a(thread_on_hw.o)
                0x0800b940                RODOS::Thread::Thread(char const*, long, long)
                0x0800b940                RODOS::Thread::Thread(char const*, long, long)
 .text._ZN5RODOS6ThreadD2Ev
                0x0800ba34       0x64 /home/rodos/Discovery_WorkSpace_Updated/rodos/Debug_STM32F4/librodos.a(thread_on_hw.o)
                0x0800ba34                RODOS::Thread::~Thread()
                0x0800ba34                RODOS::Thread::~Thread()
 .text._ZN5RODOS6ThreadD0Ev
                0x0800ba98       0x20 /home/rodos/Discovery_WorkSpace_Updated/rodos/Debug_STM32F4/librodos.a(thread_on_hw.o)
                0x0800ba98                RODOS::Thread::~Thread()
 .text._ZN5RODOS6Thread6createEv
                0x0800bab8       0x14 /home/rodos/Discovery_WorkSpace_Updated/rodos/Debug_STM32F4/librodos.a(thread_on_hw.o)
                0x0800bab8                RODOS::Thread::create()
 .text._ZN5RODOS6Thread5yieldEv
                0x0800bacc       0x78 /home/rodos/Discovery_WorkSpace_Updated/rodos/Debug_STM32F4/librodos.a(thread_on_hw.o)
                0x0800bacc                RODOS::Thread::yield()
 .text._ZN5RODOS6Thread8activateEv
                0x0800bb44       0x64 /home/rodos/Discovery_WorkSpace_Updated/rodos/Debug_STM32F4/librodos.a(thread_on_hw.o)
                0x0800bb44                RODOS::Thread::activate()
 .text._ZNK5RODOS6Thread11getPriorityEv
                0x0800bba8       0x18 /home/rodos/Discovery_WorkSpace_Updated/rodos/Debug_STM32F4/librodos.a(thread_on_hw.o)
                0x0800bba8                RODOS::Thread::getPriority() const
 .text._ZN5RODOS6Thread11setPriorityEl
                0x0800bbc0       0x1c /home/rodos/Discovery_WorkSpace_Updated/rodos/Debug_STM32F4/librodos.a(thread_on_hw.o)
                0x0800bbc0                RODOS::Thread::setPriority(long)
 .text._ZN5RODOS6Thread16getCurrentThreadEv
                0x0800bbdc       0x18 /home/rodos/Discovery_WorkSpace_Updated/rodos/Debug_STM32F4/librodos.a(thread_on_hw.o)
                0x0800bbdc                RODOS::Thread::getCurrentThread()
 .text._ZN5RODOS6Thread6resumeEv
                0x0800bbf4       0x3c /home/rodos/Discovery_WorkSpace_Updated/rodos/Debug_STM32F4/librodos.a(thread_on_hw.o)
                0x0800bbf4                RODOS::Thread::resume()
 .text._ZN5RODOS6Thread18suspendCallerUntilExPv
                0x0800bc30       0x8c /home/rodos/Discovery_WorkSpace_Updated/rodos/Debug_STM32F4/librodos.a(thread_on_hw.o)
                0x0800bc30                RODOS::Thread::suspendCallerUntil(long long, void*)
 .text._ZN5RODOS6Thread17initializeThreadsEv
                0x0800bcbc      0x118 /home/rodos/Discovery_WorkSpace_Updated/rodos/Debug_STM32F4/librodos.a(thread_on_hw.o)
                0x0800bcbc                RODOS::Thread::initializeThreads()
 .text._ZN5RODOS20threadStartupWrapperEPNS_6ThreadE
                0x0800bdd4       0x44 /home/rodos/Discovery_WorkSpace_Updated/rodos/Debug_STM32F4/librodos.a(thread_on_hw.o)
                0x0800bdd4                RODOS::threadStartupWrapper(RODOS::Thread*)
 .text._ZN5RODOS10IdleThreadC2Ev
                0x0800be18       0x38 /home/rodos/Discovery_WorkSpace_Updated/rodos/Debug_STM32F4/librodos.a(thread_on_hw.o)
                0x0800be18                RODOS::IdleThread::IdleThread()
                0x0800be18                RODOS::IdleThread::IdleThread()
 .text._ZN5RODOS10IdleThread3runEv
                0x0800be50       0x44 /home/rodos/Discovery_WorkSpace_Updated/rodos/Debug_STM32F4/librodos.a(thread_on_hw.o)
                0x0800be50                RODOS::IdleThread::run()
 .text._ZN5RODOS10IdleThread4initEv
                0x0800be94       0x1c /home/rodos/Discovery_WorkSpace_Updated/rodos/Debug_STM32F4/librodos.a(thread_on_hw.o)
                0x0800be94                RODOS::IdleThread::init()
 .text._ZN5RODOS6Thread13findNextToRunEx
                0x0800beb0      0x1f8 /home/rodos/Discovery_WorkSpace_Updated/rodos/Debug_STM32F4/librodos.a(thread_on_hw.o)
                0x0800beb0                RODOS::Thread::findNextToRun(long long)
 .text._ZN5RODOS6Thread18findNextWaitingForEPv
                0x0800c0a8       0xf4 /home/rodos/Discovery_WorkSpace_Updated/rodos/Debug_STM32F4/librodos.a(thread_on_hw.o)
                0x0800c0a8                RODOS::Thread::findNextWaitingFor(void*)
 .text._ZN5RODOS10IdleThreadD2Ev
                0x0800c19c       0x38 /home/rodos/Discovery_WorkSpace_Updated/rodos/Debug_STM32F4/librodos.a(thread_on_hw.o)
                0x0800c19c                RODOS::IdleThread::~IdleThread()
                0x0800c19c                RODOS::IdleThread::~IdleThread()
 .text._ZN5RODOS10IdleThreadD0Ev
                0x0800c1d4       0x20 /home/rodos/Discovery_WorkSpace_Updated/rodos/Debug_STM32F4/librodos.a(thread_on_hw.o)
                0x0800c1d4                RODOS::IdleThread::~IdleThread()
 .text._Z41__static_initialization_and_destruction_0ii
                0x0800c1f4       0x4c /home/rodos/Discovery_WorkSpace_Updated/rodos/Debug_STM32F4/librodos.a(thread_on_hw.o)
 .text._GLOBAL__sub_I__ZN5RODOS6ThreadC2EPKcll
                0x0800c240       0x14 /home/rodos/Discovery_WorkSpace_Updated/rodos/Debug_STM32F4/librodos.a(thread_on_hw.o)
 .text._ZN5RODOS11Application4initEv
                0x0800c254       0x14 /home/rodos/Discovery_WorkSpace_Updated/rodos/Debug_STM32F4/librodos.a(application.o)
                0x0800c254                RODOS::Application::init()
 .text._ZN5RODOS11ApplicationC2EPKcl
                0x0800c268       0x4c /home/rodos/Discovery_WorkSpace_Updated/rodos/Debug_STM32F4/librodos.a(application.o)
                0x0800c268                RODOS::Application::Application(char const*, long)
                0x0800c268                RODOS::Application::Application(char const*, long)
 .text._ZN5RODOS11ApplicationD2Ev
                0x0800c2b4       0x48 /home/rodos/Discovery_WorkSpace_Updated/rodos/Debug_STM32F4/librodos.a(application.o)