Archive member included because of file (symbol)

/home/rodos/Discovery_WorkSpace_Updated/rodos/Debug_STM32F4/librodos.a(debug.o)
                              ./Task.o (RODOS::ERROR(char const*))
/home/rodos/Discovery_WorkSpace_Updated/rodos/Debug_STM32F4/librodos.a(genericIO.o)
                              ./Task.o (RODOS::GenericIOInterface::suspendUntilDataReady(long long))
/home/rodos/Discovery_WorkSpace_Updated/rodos/Debug_STM32F4/librodos.a(listelement.o)
                              ./Task.o (RODOS::ListElement::~ListElement())
/home/rodos/Discovery_WorkSpace_Updated/rodos/Debug_STM32F4/librodos.a(printfverbosity.o)
                              /home/rodos/Discovery_WorkSpace_Updated/rodos/Debug_STM32F4/librodos.a(debug.o) (printfVerbosity)
/home/rodos/Discovery_WorkSpace_Updated/rodos/Debug_STM32F4/librodos.a(string_pico.o)
                              ./Task.o (RODOS::strlen(char const*))
/home/rodos/Discovery_WorkSpace_Updated/rodos/Debug_STM32F4/librodos.a(subscriber.o)
                              ./Task.o (vtable for RODOS::Subscriber)
/home/rodos/Discovery_WorkSpace_Updated/rodos/Debug_STM32F4/librodos.a(timemodel.o)
                              ./Task.o (RODOS::TimeModel::getNanoseconds())
/home/rodos/Discovery_WorkSpace_Updated/rodos/Debug_STM32F4/librodos.a(topic.o)
                              ./Task.o (RODOS::TopicInterface::TopicInterface(long, long, char const*))
/home/rodos/Discovery_WorkSpace_Updated/rodos/Debug_STM32F4/librodos.a(yprintf.o)
                              /home/rodos/Discovery_WorkSpace_Updated/rodos/Debug_STM32F4/librodos.a(debug.o) (RODOS::Yprintf::vaprintf(char const*))
/home/rodos/Discovery_WorkSpace_Updated/rodos/Debug_STM32F4/librodos.a(call_constructors.o)
                              ./Task.o (__dso_handle)
/home/rodos/Discovery_WorkSpace_Updated/rodos/Debug_STM32F4/librodos.a(startup_stm32f4xx.o)
                              (Reset_Handler)
/home/rodos/Discovery_WorkSpace_Updated/rodos/Debug_STM32F4/librodos.a(hal_gpio.o)
                              ./Task.o (RODOS::HAL_GPIO::HAL_GPIO(RODOS::GPIO_PIN))
/home/rodos/Discovery_WorkSpace_Updated/rodos/Debug_STM32F4/librodos.a(hal_i2c.o)
                              ./Task.o (RODOS::HAL_I2C::HAL_I2C(RODOS::I2C_IDX))
/home/rodos/Discovery_WorkSpace_Updated/rodos/Debug_STM32F4/librodos.a(hal_uart.o)
                              ./Task.o (RODOS::HAL_UART::HAL_UART(RODOS::UART_IDX))
/home/rodos/Discovery_WorkSpace_Updated/rodos/Debug_STM32F4/librodos.a(stm32f4xx_dma.o)
                              /home/rodos/Discovery_WorkSpace_Updated/rodos/Debug_STM32F4/librodos.a(hal_uart.o) (DMA_Init)
/home/rodos/Discovery_WorkSpace_Updated/rodos/Debug_STM32F4/librodos.a(stm32f4xx_gpio.o)
                              /home/rodos/Discovery_WorkSpace_Updated/rodos/Debug_STM32F4/librodos.a(hal_gpio.o) (GPIO_Init)
/home/rodos/Discovery_WorkSpace_Updated/rodos/Debug_STM32F4/librodos.a(stm32f4xx_i2c.o)
                              /home/rodos/Discovery_WorkSpace_Updated/rodos/Debug_STM32F4/librodos.a(hal_i2c.o) (I2C_DeInit)
/home/rodos/Discovery_WorkSpace_Updated/rodos/Debug_STM32F4/librodos.a(stm32f4xx_rcc.o)
                              /home/rodos/Discovery_WorkSpace_Updated/rodos/Debug_STM32F4/librodos.a(stm32f4xx_i2c.o) (RCC_GetClocksFreq)
/home/rodos/Discovery_WorkSpace_Updated/rodos/Debug_STM32F4/librodos.a(stm32f4xx_syscfg.o)
                              /home/rodos/Discovery_WorkSpace_Updated/rodos/Debug_STM32F4/librodos.a(hal_gpio.o) (SYSCFG_EXTILineConfig)
/home/rodos/Discovery_WorkSpace_Updated/rodos/Debug_STM32F4/librodos.a(stm32f4xx_usart.o)
                              /home/rodos/Discovery_WorkSpace_Updated/rodos/Debug_STM32F4/librodos.a(hal_uart.o) (USART_DeInit)
/home/rodos/Discovery_WorkSpace_Updated/rodos/Debug_STM32F4/librodos.a(hw_specific.o)
                              /home/rodos/Discovery_WorkSpace_Updated/rodos/Debug_STM32F4/librodos.a(listelement.o) (RODOS::taskRunning)
/home/rodos/Discovery_WorkSpace_Updated/rodos/Debug_STM32F4/librodos.a(hw_timer.o)
                              /home/rodos/Discovery_WorkSpace_Updated/rodos/Debug_STM32F4/librodos.a(hw_specific.o) (RODOS::TIMx_init())
/home/rodos/Discovery_WorkSpace_Updated/rodos/Debug_STM32F4/librodos.a(stm32xxx_it.o)
                              /home/rodos/Discovery_WorkSpace_Updated/rodos/Debug_STM32F4/librodos.a(startup_stm32f4xx.o) (WWDG_IRQHandlerFunc)
/home/rodos/Discovery_WorkSpace_Updated/rodos/Debug_STM32F4/librodos.a(syscalls.o)
                              /home/rodos/Discovery_WorkSpace_Updated/rodos/Debug_STM32F4/librodos.a(debug.o) (putchar)
/home/rodos/Discovery_WorkSpace_Updated/rodos/Debug_STM32F4/librodos.a(system_stm32f4xx.o)
                              /home/rodos/Discovery_WorkSpace_Updated/rodos/Debug_STM32F4/librodos.a(hw_timer.o) (SystemCoreClock)
/home/rodos/Discovery_WorkSpace_Updated/rodos/Debug_STM32F4/librodos.a(scheduler.o)
[...]
Memory Configuration

Name             Origin             Length             Attributes
FLASH            0x08000000         0x00100000         xr
RAM              0x20000000         0x00020000         xrw
CCMRAM           0x10000000         0x00010000         xrw
MEMORY_B1        0x60000000         0x00000000         xr
*default*        0x00000000         0xffffffff

Linker script and memory map

LOAD ./.metadata/.plugins/org.eclipse.cdt.make.core/specs.o
LOAD ./Task.o
LOAD /home/rodos/Discovery_WorkSpace_Updated/rodos/Debug_STM32F4/librodos.a
LOAD /home/rodos/Discovery_WorkSpace_Updated/support_libs/Debug_STM32F4/libsupport.a
LOAD /opt/gcc-arm-none-eabi-4_7-2013q3/bin/../lib/gcc/arm-none-eabi/4.7.4/../../../../arm-none-eabi/lib/armv7e-m/softfp/libm.a
                0x20020000                _estack = 0x20020000
                0x00001000                _Min_Heap_Size = 0x1000
                0x00000400                _Min_Stack_Size = 0x400

.isr_vector     0x08000000      0x18c
                0x08000000                . = ALIGN (0x4)
                0x08000000                _image_address = .
 *(.isr_vector)
 .isr_vector    0x08000000      0x18c /home/rodos/Discovery_WorkSpace_Updated/rodos/Debug_STM32F4/librodos.a(startup_stm32f4xx.o)
                0x08000000                g_pfnVectors
                0x0800018c                . = ALIGN (0x4)

.text           0x08000190    0x15cd0
                0x08000190                . = ALIGN (0x4)
 *(.text)
 .text          0x08000190      0x370 /opt/gcc-arm-none-eabi-4_7-2013q3/bin/../lib/gcc/arm-none-eabi/4.7.4/armv7e-m/softfp/libgcc.a(_arm_addsubdf3.o)
                0x08000190                __aeabi_drsub
                0x08000198                __aeabi_dsub
                0x08000198                __subdf3
                0x0800019c                __adddf3
                0x0800019c                __aeabi_dadd
                0x08000414                __aeabi_ui2d
                0x08000414                __floatunsidf
                0x08000434                __floatsidf
                0x08000434                __aeabi_i2d
                0x08000458                __extendsfdf2
                0x08000458                __aeabi_f2d
                0x08000494                __aeabi_ul2d
                0x08000494                __floatundidf
                0x080004a4                __floatdidf
                0x080004a4                __aeabi_l2d
 .text          0x08000500      0x424 /opt/gcc-arm-none-eabi-4_7-2013q3/bin/../lib/gcc/arm-none-eabi/4.7.4/armv7e-m/softfp/libgcc.a(_arm_muldivdf3.o)
                0x08000500                __aeabi_dmul
                0x08000500                __muldf3
                0x08000754                __aeabi_ddiv
                0x08000754                __divdf3
 .text          0x08000924      0x110 /opt/gcc-arm-none-eabi-4_7-2013q3/bin/../lib/gcc/arm-none-eabi/4.7.4/armv7e-m/softfp/libgcc.a(_arm_cmpdf2.o)
                0x08000924                __gtdf2
                0x08000924                __gedf2
                0x0800092c                __ltdf2
                0x0800092c                __ledf2
                0x08000934                __cmpdf2
                0x08000934                __eqdf2
                0x08000934                __nedf2
                0x080009b0                __aeabi_cdrcmple
                0x080009c0                __aeabi_cdcmple
                0x080009c0                __aeabi_cdcmpeq
                0x080009d0                __aeabi_dcmpeq
                0x080009e4                __aeabi_dcmplt
                0x080009f8                __aeabi_dcmple
                0x08000a0c                __aeabi_dcmpge
                0x08000a20                __aeabi_dcmpgt
 .text          0x08000a34       0x50 /opt/gcc-arm-none-eabi-4_7-2013q3/bin/../lib/gcc/arm-none-eabi/4.7.4/armv7e-m/softfp/libgcc.a(_arm_fixdfsi.o)
                0x08000a34                __fixdfsi
                0x08000a34                __aeabi_d2iz
 .text          0x08000a84       0x40 /opt/gcc-arm-none-eabi-4_7-2013q3/bin/../lib/gcc/arm-none-eabi/4.7.4/armv7e-m/softfp/libgcc.a(_arm_fixunsdfsi.o)
                0x08000a84                __fixunsdfsi
                0x08000a84                __aeabi_d2uiz
 .text          0x08000ac4       0xa0 /opt/gcc-arm-none-eabi-4_7-2013q3/bin/../lib/gcc/arm-none-eabi/4.7.4/armv7e-m/softfp/libgcc.a(_arm_truncdfsf2.o)
                0x08000ac4                __aeabi_d2f
                0x08000ac4                __truncdfsf2
 .text          0x08000b64       0x38 /opt/gcc-arm-none-eabi-4_7-2013q3/bin/../lib/gcc/arm-none-eabi/4.7.4/armv7e-m/softfp/libgcc.a(_aeabi_ldivmod.o)
                0x08000b64                __aeabi_ldivmod
 .text          0x08000b9c       0x2c /opt/gcc-arm-none-eabi-4_7-2013q3/bin/../lib/gcc/arm-none-eabi/4.7.4/armv7e-m/softfp/libgcc.a(_aeabi_uldivmod.o)
                0x08000b9c                __aeabi_uldivmod
 .text          0x08000bc8       0x34 /opt/gcc-arm-none-eabi-4_7-2013q3/bin/../lib/gcc/arm-none-eabi/4.7.4/armv7e-m/softfp/libgcc.a(_fixdfdi.o)
                0x08000bc8                __aeabi_d2lz
                0x08000bc8                __fixdfdi
 .text          0x08000bfc       0x44 /opt/gcc-arm-none-eabi-4_7-2013q3/bin/../lib/gcc/arm-none-eabi/4.7.4/armv7e-m/softfp/libgcc.a(_fixunsdfdi.o)
                0x08000bfc                __aeabi_d2ulz
                0x08000bfc                __fixunsdfdi
 .text          0x08000c40       0x58 /opt/gcc-arm-none-eabi-4_7-2013q3/bin/../lib/gcc/arm-none-eabi/4.7.4/armv7e-m/softfp/libgcc.a(bpabi.o)
                0x08000c40                __gnu_ldivmod_helper
                0x08000c6c                __gnu_uldivmod_helper
 .text          0x08000c98        0x4 /opt/gcc-arm-none-eabi-4_7-2013q3/bin/../lib/gcc/arm-none-eabi/4.7.4/armv7e-m/softfp/libgcc.a(_dvmd_tls.o)
                0x08000c98                __aeabi_ldiv0
                0x08000c98                __aeabi_idiv0
 .text          0x08000c9c      0x2bc /opt/gcc-arm-none-eabi-4_7-2013q3/bin/../lib/gcc/arm-none-eabi/4.7.4/armv7e-m/softfp/libgcc.a(_divdi3.o)
                0x08000c9c                __divdi3
 .text          0x08000f58      0x288 /opt/gcc-arm-none-eabi-4_7-2013q3/bin/../lib/gcc/arm-none-eabi/4.7.4/armv7e-m/softfp/libgcc.a(_udivdi3.o)
                0x08000f58                __udivdi3
 *(.text*)
 .text._ZN5RODOS6Thread4initEv
                0x080011e0       0x14 ./Task.o
                0x080011e0                RODOS::Thread::init()
 .text._ZN5RODOS14TopicInterfaceD2Ev
                0x080011f4       0x48 ./Task.o
                0x080011f4                RODOS::TopicInterface::~TopicInterface()
                0x080011f4                RODOS::TopicInterface::~TopicInterface()
 .text._ZN5RODOS14TopicInterfaceD0Ev
                0x0800123c       0x20 ./Task.o
                0x0800123c                RODOS::TopicInterface::~TopicInterface()
 .text._ZN5RODOS10SubscriberD2Ev
                0x0800125c       0x48 ./Task.o
                0x0800125c                RODOS::Subscriber::~Subscriber()
                0x0800125c                RODOS::Subscriber::~Subscriber()
 .text._ZN5RODOS10SubscriberD0Ev
                0x080012a4       0x20 ./Task.o
                0x080012a4                RODOS::Subscriber::~Subscriber()
 .text._ZN5RODOS6PutterD2Ev
                0x080012c4       0x30 ./Task.o
                0x080012c4                RODOS::Putter::~Putter()
                0x080012c4                RODOS::Putter::~Putter()
 .text._ZN5RODOS6PutterD0Ev
                0x080012f4       0x20 ./Task.o
                0x080012f4                RODOS::Putter::~Putter()
 .text._ZN5RODOS6Putter10putGenericEljPKvRKNS_10NetMsgInfoE
                0x08001314       0x28 ./Task.o
                0x08001314                RODOS::Putter::putGeneric(long, unsigned int, void const*, RODOS::NetMsgInfo const&)
 .text._ZL9ToggleLEDRN5RODOS8HAL_GPIOEm
                0x0800133c       0x70 ./Task.o
 .text._ZL6initAGRN5RODOS7HAL_I2CE
                0x080013ac       0x58 ./Task.o
 .text._ZL5initMRN5RODOS7HAL_I2CE
                0x08001404       0x74 ./Task.o
 .text._ZL9writeUARTRN5RODOS8HAL_UARTEPKc
                0x08001478       0x58 ./Task.o
 .text._ZL16readSensor2BytesRshh
                0x080014d0       0x58 ./Task.o
 .text._ZL16readSensor6BytesRA3_shh
                0x08001528       0x80 ./Task.o
 .text._ZL9calibrateRA3_xhhtm
                0x080015a8       0xf0 ./Task.o
 .text._ZL12calibrateAccRA3_s
                0x08001698      0x270 ./Task.o
 .text._ZL13calibrateGyroRA3_s
                0x08001908      0x248 ./Task.o
 .text._ZL12calibrateMagRA3_A2_s
                0x08001b50      0x240 ./Task.o
 .text._ZL10calcRP_AccRfS_fff
                0x08001d90       0xa8 ./Task.o
 .text._ZL7calcYawf
                0x08001e38       0x78 ./Task.o
 .text._ZN5RODOS18SubscriberReceiverI7CommandED2Ev
                0x08001eb0       0x38 ./Task.o
                0x08001eb0                RODOS::SubscriberReceiver<Command>::~SubscriberReceiver()
                0x08001eb0                RODOS::SubscriberReceiver<Command>::~SubscriberReceiver()
 .text._ZN5RODOS18SubscriberReceiverI7CommandED0Ev
                0x08001ee8       0x20 ./Task.o
                0x08001ee8                RODOS::SubscriberReceiver<Command>::~SubscriberReceiver()
 .text._ZN16SignalProcessingC2Ev
                0x08001f08       0x70 ./Task.o
                0x08001f08                SignalProcessing::SignalProcessing()
                0x08001f08                SignalProcessing::SignalProcessing()
 .text._ZN16SignalProcessing12isCalibratedEv
                0x08001f78       0x1c ./Task.o
                0x08001f78                SignalProcessing::isCalibrated()
 .text._ZN16SignalProcessing4initEv
                0x08001f94      0x124 ./Task.o
                0x08001f94                SignalProcessing::init()
 .text._ZN16SignalProcessing3putER7Command
                0x080020b8       0x3c ./Task.o
                0x080020b8                SignalProcessing::put(Command&)
                0x080020ec                non-virtual thunk to SignalProcessing::put(Command&)
 *fill*         0x080020f4        0x4 00
 .text._ZN16SignalProcessing3runEv
                0x080020f8      0x810 ./Task.o
                0x080020f8                SignalProcessing::run()
 .text._ZN9telemetryC2Ev
                0x08002908       0x70 ./Task.o
                0x08002908                telemetry::telemetry()
                0x08002908                telemetry::telemetry()
 .text._ZN9telemetry3putER7Command
                0x08002978       0x74 ./Task.o
                0x08002978                telemetry::put(Command&)
                0x080029e4                non-virtual thunk to telemetry::put(Command&)
 *fill*         0x080029ec        0x4 00
 .text._ZN9telemetry3runEv
                0x080029f0      0x488 ./Task.o
                0x080029f0                telemetry::run()
 .text._ZN5RODOS18SubscriberReceiverI11TelecommandED2Ev
                0x08002e78       0x38 ./Task.o
                0x08002e78                RODOS::SubscriberReceiver<Telecommand>::~SubscriberReceiver()
                0x08002e78                RODOS::SubscriberReceiver<Telecommand>::~SubscriberReceiver()
 .text._ZN5RODOS18SubscriberReceiverI11TelecommandED0Ev
                0x08002eb0       0x20 ./Task.o
                0x08002eb0                RODOS::SubscriberReceiver<Telecommand>::~SubscriberReceiver()
 .text._ZN11telecommandC2Ev
                0x08002ed0       0x5c ./Task.o
                0x08002ed0                telecommand::telecommand()
                0x08002ed0                telecommand::telecommand()
 .text._ZN11telecommand3putER11Telecommand
                0x08002f2c      0x1c4 ./Task.o
                0x08002f2c                telecommand::put(Telecommand&)
                0x080030e8                non-virtual thunk to telecommand::put(Telecommand&)
 .text._ZN11telecommand3runEv
                0x080030f0       0x40 ./Task.o
                0x080030f0                telecommand::run()
 .text._ZN9TCDecoder5getIdEPKc
                0x08003130       0x20 ./Task.o
                0x08003130                TCDecoder::getId(char const*)
 .text._ZN9TCDecoder7getDataEPci
                0x08003150       0xe8 ./Task.o
                0x08003150                TCDecoder::getData(char*, int)
 .text._ZN9TCDecoder8validateEPc
                0x08003238       0x7c ./Task.o
                0x08003238                TCDecoder::validate(char*)
 .text._ZN11uartWatcherC2EPN5RODOS8HAL_UARTE
                0x080032b4       0x40 ./Task.o
                0x080032b4                uartWatcher::uartWatcher(RODOS::HAL_UART*)
                0x080032b4                uartWatcher::uartWatcher(RODOS::HAL_UART*)
 .text._ZN11uartWatcher4initEv
                0x080032f4       0x44 ./Task.o
                0x080032f4                uartWatcher::init()
 .text._ZN11uartWatcher3runEv
                0x08003338      0x290 ./Task.o
                0x08003338                uartWatcher::run()
 .text._ZN5RODOS5TopicI11TelecommandEC2ElPKc
                0x080035c8       0x34 ./Task.o
                0x080035c8                RODOS::Topic<Telecommand>::Topic(long, char const*)
                0x080035c8                RODOS::Topic<Telecommand>::Topic(long, char const*)
 .text._ZN5RODOS5TopicI7CommandEC2ElPKc
                0x080035fc       0x34 ./Task.o
                0x080035fc                RODOS::Topic<Command>::Topic(long, char const*)
                0x080035fc                RODOS::Topic<Command>::Topic(long, char const*)
 .text._ZN5RODOS6PutterC2Ev
                0x08003630       0x20 ./Task.o
                0x08003630                RODOS::Putter::Putter()
                0x08003630                RODOS::Putter::Putter()
 .text._ZN5RODOS10CommBufferI4DataEC2Ev
                0x08003650       0x68 ./Task.o
                0x08003650                RODOS::CommBuffer<Data>::CommBuffer()
                0x08003650                RODOS::CommBuffer<Data>::CommBuffer()
 .text._ZN5RODOS10CommBufferIfEC2Ev
                0x080036b8       0x68 ./Task.o
                0x080036b8                RODOS::CommBuffer<float>::CommBuffer()
                0x080036b8                RODOS::CommBuffer<float>::CommBuffer()
 .text._ZN5RODOS18SubscriberReceiverI7CommandEC2ERNS_14TopicInterfaceEPKc
                0x08003720       0x38 ./Task.o
                0x08003720                RODOS::SubscriberReceiver<Command>::SubscriberReceiver(RODOS::TopicInterface&, char const*)
                0x08003720                RODOS::SubscriberReceiver<Command>::SubscriberReceiver(RODOS::TopicInterface&, char const*)
 .text._ZN5RODOS10CommBufferI4DataE3putERS1_
                0x08003758       0x70 ./Task.o
                0x08003758                RODOS::CommBuffer<Data>::put(Data&)
 .text._ZN5RODOS10CommBufferIfE3putERf
                0x080037c8       0x6c ./Task.o
                0x080037c8                RODOS::CommBuffer<float>::put(float&)
 .text._ZN5RODOS10CommBufferI4DataE3getERS1_
                0x08003834       0x54 ./Task.o
                0x08003834                RODOS::CommBuffer<Data>::get(Data&)
 .text._ZN5RODOS10CommBufferIfE3getERf
                0x08003888       0x4c ./Task.o
                0x08003888                RODOS::CommBuffer<float>::get(float&)
 .text._ZN5RODOS18SubscriberReceiverI11TelecommandEC2ERNS_14TopicInterfaceEPKc
                0x080038d4       0x38 ./Task.o
                0x080038d4                RODOS::SubscriberReceiver<Telecommand>::SubscriberReceiver(RODOS::TopicInterface&, char const*)
                0x080038d4                RODOS::SubscriberReceiver<Telecommand>::SubscriberReceiver(RODOS::TopicInterface&, char const*)
 .text._ZN5RODOS5TopicI7CommandE7publishERS1_b
                0x0800390c       0x2c ./Task.o
                0x0800390c                RODOS::Topic<Command>::publish(Command&, bool)
 .text._ZN5RODOS5TopicI11TelecommandE7publishERS1_b
                0x08003938       0x2c ./Task.o
                0x08003938                RODOS::Topic<Telecommand>::publish(Telecommand&, bool)
 .text._ZN11uartWatcherD2Ev
                0x08003964       0x38 ./Task.o
                0x08003964                uartWatcher::~uartWatcher()
                0x08003964                uartWatcher::~uartWatcher()
 .text._ZN11uartWatcherD0Ev
                0x0800399c       0x20 ./Task.o
                0x0800399c                uartWatcher::~uartWatcher()
 .text._ZN11telecommandD2Ev
                0x080039bc       0x50 ./Task.o
                0x080039bc                telecommand::~telecommand()
                0x080039bc                telecommand::~telecommand()
 .text._ZN11telecommandD1Ev
                0x08003a0c        0x8 ./Task.o
                0x08003a0c                non-virtual thunk to telecommand::~telecommand()
 .text._ZN11telecommandD0Ev
                0x08003a14       0x28 ./Task.o
                0x08003a14                telecommand::~telecommand()
                0x08003a34                non-virtual thunk to telecommand::~telecommand()
 .text._ZN9telemetryD2Ev
                0x08003a3c       0x50 ./Task.o
                0x08003a3c                telemetry::~telemetry()
                0x08003a3c                telemetry::~telemetry()
 .text._ZN9telemetryD1Ev
                0x08003a8c        0x8 ./Task.o
                0x08003a8c                non-virtual thunk to telemetry::~telemetry()
 .text._ZN9telemetryD0Ev
                0x08003a94       0x28 ./Task.o
                0x08003a94                telemetry::~telemetry()
                0x08003ab4                non-virtual thunk to telemetry::~telemetry()
 .text._ZN16SignalProcessingD2Ev
                0x08003abc       0x50 ./Task.o
                0x08003abc                SignalProcessing::~SignalProcessing()
                0x08003abc                SignalProcessing::~SignalProcessing()
 .text._ZN16SignalProcessingD1Ev
                0x08003b0c        0x8 ./Task.o
                0x08003b0c                non-virtual thunk to SignalProcessing::~SignalProcessing()
 .text._ZN16SignalProcessingD0Ev
                0x08003b14       0x28 ./Task.o
                0x08003b14                SignalProcessing::~SignalProcessing()
                0x08003b34                non-virtual thunk to SignalProcessing::~SignalProcessing()
 .text._ZN5RODOS10CommBufferIfED2Ev
                0x08003b3c       0x38 ./Task.o
                0x08003b3c                RODOS::CommBuffer<float>::~CommBuffer()
                0x08003b3c                RODOS::CommBuffer<float>::~CommBuffer()
 .text._ZN5RODOS10CommBufferIfED0Ev
                0x08003b74       0x20 ./Task.o
                0x08003b74                RODOS::CommBuffer<float>::~CommBuffer()
 .text._ZN5RODOS10CommBufferI4DataED2Ev
                0x08003b94       0x38 ./Task.o
                0x08003b94                RODOS::CommBuffer<Data>::~CommBuffer()
                0x08003b94                RODOS::CommBuffer<Data>::~CommBuffer()
 .text._ZN5RODOS10CommBufferI4DataED0Ev
                0x08003bcc       0x20 ./Task.o
                0x08003bcc                RODOS::CommBuffer<Data>::~CommBuffer()
 .text._Z41__static_initialization_and_destruction_0ii
                0x08003bec      0x244 ./Task.o
 .text._ZN5RODOS18SubscriberReceiverI11TelecommandE3putEllPKvRKNS_10NetMsgInfoE
                0x08003e30       0x30 ./Task.o
                0x08003e30                RODOS::SubscriberReceiver<Telecommand>::put(long, long, void const*, RODOS::NetMsgInfo const&)
 .text._ZN5RODOS18SubscriberReceiverI11TelecommandE3putERS1_RKNS_10NetMsgInfoE
                0x08003e60       0x24 ./Task.o
                0x08003e60                RODOS::SubscriberReceiver<Telecommand>::put(Telecommand&, RODOS::NetMsgInfo const&)
 .text._ZN5RODOS18SubscriberReceiverI11TelecommandE3putERS1_
                0x08003e84       0x24 ./Task.o
                0x08003e84                RODOS::SubscriberReceiver<Telecommand>::put(Telecommand&)
 .text._ZN5RODOS18SubscriberReceiverI7CommandE3putEllPKvRKNS_10NetMsgInfoE
                0x08003ea8       0x30 ./Task.o
                0x08003ea8                RODOS::SubscriberReceiver<Command>::put(long, long, void const*, RODOS::NetMsgInfo const&)
 .text._ZN5RODOS18SubscriberReceiverI7CommandE3putERS1_RKNS_10NetMsgInfoE
                0x08003ed8       0x24 ./Task.o
                0x08003ed8                RODOS::SubscriberReceiver<Command>::put(Command&, RODOS::NetMsgInfo const&)
 .text._ZN5RODOS18SubscriberReceiverI7CommandE3putERS1_
                0x08003efc       0x24 ./Task.o
                0x08003efc                RODOS::SubscriberReceiver<Command>::put(Command&)
 .text._ZN5RODOS10CommBufferIfE10putGenericEljPKvRKNS_10NetMsgInfoE
                0x08003f20       0x3c ./Task.o
                0x08003f20                RODOS::CommBuffer<float>::putGeneric(long, unsigned int, void const*, RODOS::NetMsgInfo const&)
 .text._ZN5RODOS10CommBufferI4DataE10putGenericEljPKvRKNS_10NetMsgInfoE
                0x08003f5c       0x3c ./Task.o
                0x08003f5c                RODOS::CommBuffer<Data>::putGeneric(long, unsigned int, void const*, RODOS::NetMsgInfo const&)
 .text._ZN5RODOS5TopicI7CommandED2Ev
                0x08003f98       0x44 ./Task.o
                0x08003f98                RODOS::Topic<Command>::~Topic()
                0x08003f98                RODOS::Topic<Command>::~Topic()
 .text._ZN5RODOS5TopicI7CommandED0Ev
                0x08003fdc       0x20 ./Task.o
                0x08003fdc                RODOS::Topic<Command>::~Topic()
 .text._ZN5RODOS5TopicI11TelecommandED2Ev
                0x08003ffc       0x44 ./Task.o
                0x08003ffc                RODOS::Topic<Telecommand>::~Topic()
                0x08003ffc                RODOS::Topic<Telecommand>::~Topic()
 .text._ZN5RODOS5TopicI11TelecommandED0Ev
                0x08004040       0x20 ./Task.o
                0x08004040                RODOS::Topic<Telecommand>::~Topic()
 .text._GLOBAL__sub_I_button
                0x08004060       0x14 ./Task.o
 .text._ZN5RODOS7YprintfD2Ev
                0x08004074       0x30 /home/rodos/Discovery_WorkSpace_Updated/rodos/Debug_STM32F4/librodos.a(debug.o)
                0x08004074                RODOS::Yprintf::~Yprintf()
                0x08004074                RODOS::Yprintf::~Yprintf()
 .text._ZN5RODOS7YprintfD0Ev
                0x080040a4       0x20 /home/rodos/Discovery_WorkSpace_Updated/rodos/Debug_STM32F4/librodos.a(debug.o)
                0x080040a4                RODOS::Yprintf::~Yprintf()
 .text._ZN5RODOS7Yprintf5yputcEc
                0x080040c4       0x20 /home/rodos/Discovery_WorkSpace_Updated/rodos/Debug_STM32F4/librodos.a(debug.o)
                0x080040c4                RODOS::Yprintf::yputc(char)
 .text._ZN5RODOS7YprintfC2Ev
                0x080040e4       0x20 /home/rodos/Discovery_WorkSpace_Updated/rodos/Debug_STM32F4/librodos.a(debug.o)
                0x080040e4                RODOS::Yprintf::Yprintf()
                0x080040e4                RODOS::Yprintf::Yprintf()
 .text._ZN5RODOS6PRINTFEPKcz
                0x08004104       0xa4 /home/rodos/Discovery_WorkSpace_Updated/rodos/Debug_STM32F4/librodos.a(debug.o)
                0x08004104                RODOS::PRINTF(char const*, ...)
 .text._ZN5RODOS5ERROREPKc
                0x080041a8       0x44 /home/rodos/Discovery_WorkSpace_Updated/rodos/Debug_STM32F4/librodos.a(debug.o)
                0x080041a8                RODOS::ERROR(char const*)
 .text._Z41__static_initialization_and_destruction_0ii
                0x080041ec       0x30 /home/rodos/Discovery_WorkSpace_Updated/rodos/Debug_STM32F4/librodos.a(debug.o)
 .text._GLOBAL__sub_I__ZN5RODOS12errorCounterE
                0x0800421c       0x14 /home/rodos/Discovery_WorkSpace_Updated/rodos/Debug_STM32F4/librodos.a(debug.o)
 .text._ZN5RODOS18GenericIOInterface4initEz
                0x08004230       0x14 /home/rodos/Discovery_WorkSpace_Updated/rodos/Debug_STM32F4/librodos.a(genericIO.o)
                0x08004230                RODOS::GenericIOInterface::init(...)
 .text._ZN5RODOS18GenericIOInterface5resetEv
                0x08004244       0x14 /home/rodos/Discovery_WorkSpace_Updated/rodos/Debug_STM32F4/librodos.a(genericIO.o)
                0x08004244                RODOS::GenericIOInterface::reset()
 .text._ZN5RODOS18GenericIOInterface6configEz
                0x08004258       0x14 /home/rodos/Discovery_WorkSpace_Updated/rodos/Debug_STM32F4/librodos.a(genericIO.o)
                0x08004258                RODOS::GenericIOInterface::config(...)
 .text._ZN5RODOS18GenericIOInterface6statusEz
                0x0800426c       0x14 /home/rodos/Discovery_WorkSpace_Updated/rodos/Debug_STM32F4/librodos.a(genericIO.o)
                0x0800426c                RODOS::GenericIOInterface::status(...)
 .text._ZN5RODOS18GenericIOInterface14isReadFinishedEv
                0x08004280       0x18 /home/rodos/Discovery_WorkSpace_Updated/rodos/Debug_STM32F4/librodos.a(genericIO.o)
                0x08004280                RODOS::GenericIOInterface::isReadFinished()
 .text._ZN5RODOS18GenericIOInterface11isDataReadyEv
                0x08004298       0x18 /home/rodos/Discovery_WorkSpace_Updated/rodos/Debug_STM32F4/librodos.a(genericIO.o)
                0x08004298                RODOS::GenericIOInterface::isDataReady()
 .text._ZN5RODOS18GenericIOInterface5writeEz
                0x080042b0       0x14 /home/rodos/Discovery_WorkSpace_Updated/rodos/Debug_STM32F4/librodos.a(genericIO.o)
                0x080042b0                RODOS::GenericIOInterface::write(...)
 .text._ZN5RODOS18GenericIOInterface4readEz
                0x080042c4       0x14 /home/rodos/Discovery_WorkSpace_Updated/rodos/Debug_STM32F4/librodos.a(genericIO.o)
                0x080042c4                RODOS::GenericIOInterface::read(...)
 .text._ZN5RODOS18GenericIOInterface9writeReadEz
                0x080042d8       0x14 /home/rodos/Discovery_WorkSpace_Updated/rodos/Debug_STM32F4/librodos.a(genericIO.o)
                0x080042d8                RODOS::GenericIOInterface::writeRead(...)
 .text._ZN5RODOS18GenericIOInterfaceC2Ev
                0x080042ec       0x40 /home/rodos/Discovery_WorkSpace_Updated/rodos/Debug_STM32F4/librodos.a(genericIO.o)
                0x080042ec                RODOS::GenericIOInterface::GenericIOInterface()
                0x080042ec                RODOS::GenericIOInterface::GenericIOInterface()
 .text._ZN5RODOS18GenericIOInterface25suspendUntilWriteFinishedEx
                0x0800432c       0x50 /home/rodos/Discovery_WorkSpace_Updated/rodos/Debug_STM32F4/librodos.a(genericIO.o)
                0x0800432c                RODOS::GenericIOInterface::suspendUntilWriteFinished(long long)
 .text._ZN5RODOS18GenericIOInterface21suspendUntilDataReadyEx
                0x0800437c       0x50 /home/rodos/Discovery_WorkSpace_Updated/rodos/Debug_STM32F4/librodos.a(genericIO.o)
                0x0800437c                RODOS::GenericIOInterface::suspendUntilDataReady(long long)
 .text._ZN5RODOS18GenericIOInterface19upCallWriteFinishedEv
                0x080043cc       0x44 /home/rodos/Discovery_WorkSpace_Updated/rodos/Debug_STM32F4/librodos.a(genericIO.o)
                0x080043cc                RODOS::GenericIOInterface::upCallWriteFinished()
 .text._ZN5RODOS18GenericIOInterface18upCallReadFinishedEv
                0x08004410       0x48 /home/rodos/Discovery_WorkSpace_Updated/rodos/Debug_STM32F4/librodos.a(genericIO.o)
                0x08004410                RODOS::GenericIOInterface::upCallReadFinished()
 .text._ZN5RODOS18GenericIOInterface15upCallDataReadyEv
                0x08004458       0x48 /home/rodos/Discovery_WorkSpace_Updated/rodos/Debug_STM32F4/librodos.a(genericIO.o)
                0x08004458                RODOS::GenericIOInterface::upCallDataReady()
 .text._ZN5RODOS11ListElementC2ERPS0_PKcPv
                0x080044a0       0x4c /home/rodos/Discovery_WorkSpace_Updated/rodos/Debug_STM32F4/librodos.a(listelement.o)
                0x080044a0                RODOS::ListElement::ListElement(RODOS::ListElement*&, char const*, void*)
                0x080044a0                RODOS::ListElement::ListElement(RODOS::ListElement*&, char const*, void*)
 .text._ZN5RODOS11ListElement6appendERPS0_
                0x080044ec       0x58 /home/rodos/Discovery_WorkSpace_Updated/rodos/Debug_STM32F4/librodos.a(listelement.o)
                0x080044ec                RODOS::ListElement::append(RODOS::ListElement*&)
 .text._ZN5RODOS11ListElementD2Ev
                0x08004544       0x20 /home/rodos/Discovery_WorkSpace_Updated/rodos/Debug_STM32F4/librodos.a(listelement.o)
                0x08004544                RODOS::ListElement::~ListElement()
                0x08004544                RODOS::ListElement::~ListElement()
 .text._ZN5RODOS6strlenEPKc
                0x08004564       0x4c /home/rodos/Discovery_WorkSpace_Updated/rodos/Debug_STM32F4/librodos.a(string_pico.o)
                0x08004564                RODOS::strlen(char const*)
 .text._ZdlPv   0x080045b0       0x14 /home/rodos/Discovery_WorkSpace_Updated/rodos/Debug_STM32F4/librodos.a(string_pico.o)
                0x080045b0                operator delete(void*)
 .text._ZN5RODOS10SubscriberC2ERNS_14TopicInterfaceEPKc
                0x080045c4       0x74 /home/rodos/Discovery_WorkSpace_Updated/rodos/Debug_STM32F4/librodos.a(subscriber.o)
                0x080045c4                RODOS::Subscriber::Subscriber(RODOS::TopicInterface&, char const*)
                0x080045c4                RODOS::Subscriber::Subscriber(RODOS::TopicInterface&, char const*)
 .text._ZN5RODOS10Subscriber3putEllPKvl
                0x08004638       0x24 /home/rodos/Discovery_WorkSpace_Updated/rodos/Debug_STM32F4/librodos.a(subscriber.o)
                0x08004638                RODOS::Subscriber::put(long, long, void const*, long)
 .text._ZN5RODOS10Subscriber3putEllPKvRKNS_10NetMsgInfoE
                0x0800465c       0xc0 /home/rodos/Discovery_WorkSpace_Updated/rodos/Debug_STM32F4/librodos.a(subscriber.o)
                0x0800465c                RODOS::Subscriber::put(long, long, void const*, RODOS::NetMsgInfo const&)
 .text._ZN5RODOS10Subscriber16putFromInterruptElPKvi
                0x0800471c       0x40 /home/rodos/Discovery_WorkSpace_Updated/rodos/Debug_STM32F4/librodos.a(subscriber.o)
                0x0800471c                RODOS::Subscriber::putFromInterrupt(long, void const*, int)
 .text._ZN5RODOS9TimeModelC2Ev
                0x0800475c       0x48 /home/rodos/Discovery_WorkSpace_Updated/rodos/Debug_STM32F4/librodos.a(timemodel.o)
                0x0800475c                RODOS::TimeModel::TimeModel()
                0x0800475c                RODOS::TimeModel::TimeModel()
 .text._ZN5RODOS9TimeModel14getNanosecondsEv
                0x080047a4       0x14 /home/rodos/Discovery_WorkSpace_Updated/rodos/Debug_STM32F4/librodos.a(timemodel.o)
                0x080047a4                RODOS::TimeModel::getNanoseconds()
 .text._ZN5RODOS9TimeModel15computeNextBeatExxx
                0x080047b8       0x98 /home/rodos/Discovery_WorkSpace_Updated/rodos/Debug_STM32F4/librodos.a(timemodel.o)
                0x080047b8                RODOS::TimeModel::computeNextBeat(long long, long long, long long)
 .text._Z41__static_initialization_and_destruction_0ii
                0x08004850       0x30 /home/rodos/Discovery_WorkSpace_Updated/rodos/Debug_STM32F4/librodos.a(timemodel.o)
 .text._GLOBAL__sub_I__ZN5RODOS7sysTimeE
                0x08004880       0x14 /home/rodos/Discovery_WorkSpace_Updated/rodos/Debug_STM32F4/librodos.a(timemodel.o)
 .text._ZNK5RODOS11ListElement7getNextEv
                0x08004894       0x18 /home/rodos/Discovery_WorkSpace_Updated/rodos/Debug_STM32F4/librodos.a(topic.o)
                0x08004894                RODOS::ListElement::getNext() const
 .text._ZN5RODOS14TopicInterfaceC2EllPKc
                0x080048ac      0x110 /home/rodos/Discovery_WorkSpace_Updated/rodos/Debug_STM32F4/librodos.a(topic.o)
                0x080048ac                RODOS::TopicInterface::TopicInterface(long, long, char const*)
                0x080048ac                RODOS::TopicInterface::TopicInterface(long, long, char const*)
 .text._ZN5RODOS14TopicInterface7publishEPvbPNS_10NetMsgInfoE
                0x080049bc       0x30 /home/rodos/Discovery_WorkSpace_Updated/rodos/Debug_STM32F4/librodos.a(topic.o)
                0x080049bc                RODOS::TopicInterface::publish(void*, bool, RODOS::NetMsgInfo*)
 .text._ZN5RODOS14TopicInterface14publishMsgPartEPvjbPNS_10NetMsgInfoE
                0x080049ec      0x178 /home/rodos/Discovery_WorkSpace_Updated/rodos/Debug_STM32F4/librodos.a(topic.o)
                0x080049ec                RODOS::TopicInterface::publishMsgPart(void*, unsigned int, bool, RODOS::NetMsgInfo*)
 .text._ZN5RODOS5TopicINS_13GenericMsgRefEED2Ev
                0x08004b64       0x44 /home/rodos/Discovery_WorkSpace_Updated/rodos/Debug_STM32F4/librodos.a(topic.o)
                0x08004b64                RODOS::Topic<RODOS::GenericMsgRef>::~Topic()
                0x08004b64                RODOS::Topic<RODOS::GenericMsgRef>::~Topic()
 .text._ZN5RODOS5TopicINS_13GenericMsgRefEED0Ev
                0x08004ba8       0x20 /home/rodos/Discovery_WorkSpace_Updated/rodos/Debug_STM32F4/librodos.a(topic.o)
                0x08004ba8                RODOS::Topic<RODOS::GenericMsgRef>::~Topic()
 .text._ZN5RODOS5TopicINS_13GenericMsgRefEEC2ElPKc
                0x08004bc8       0x34 /home/rodos/Discovery_WorkSpace_Updated/rodos/Debug_STM32F4/librodos.a(topic.o)
                0x08004bc8                RODOS::Topic<RODOS::GenericMsgRef>::Topic(long, char const*)
                0x08004bc8                RODOS::Topic<RODOS::GenericMsgRef>::Topic(long, char const*)
 .text._ZN5RODOS5TopicINS_14NetworkMessageEEC2ElPKc
                0x08004bfc       0x34 /home/rodos/Discovery_WorkSpace_Updated/rodos/Debug_STM32F4/librodos.a(topic.o)
                0x08004bfc                RODOS::Topic<RODOS::NetworkMessage>::Topic(long, char const*)
                0x08004bfc                RODOS::Topic<RODOS::NetworkMessage>::Topic(long, char const*)
 .text._ZN5RODOS5TopicIPvEC2ElPKc
                0x08004c30       0x34 /home/rodos/Discovery_WorkSpace_Updated/rodos/Debug_STM32F4/librodos.a(topic.o)
                0x08004c30                RODOS::Topic<void*>::Topic(long, char const*)
                0x08004c30                RODOS::Topic<void*>::Topic(long, char const*)
 .text._Z41__static_initialization_and_destruction_0ii
                0x08004c64      0x194 /home/rodos/Discovery_WorkSpace_Updated/rodos/Debug_STM32F4/librodos.a(topic.o)
 .text._ZN5RODOS5TopicIPvED2Ev
                0x08004df8       0x44 /home/rodos/Discovery_WorkSpace_Updated/rodos/Debug_STM32F4/librodos.a(topic.o)
                0x08004df8                RODOS::Topic<void*>::~Topic()
                0x08004df8                RODOS::Topic<void*>::~Topic()
 .text._ZN5RODOS5TopicIPvED0Ev
                0x08004e3c       0x20 /home/rodos/Discovery_WorkSpace_Updated/rodos/Debug_STM32F4/librodos.a(topic.o)
                0x08004e3c                RODOS::Topic<void*>::~Topic()
 .text._ZN5RODOS5TopicINS_14NetworkMessageEED2Ev
                0x08004e5c       0x44 /home/rodos/Discovery_WorkSpace_Updated/rodos/Debug_STM32F4/librodos.a(topic.o)
                0x08004e5c                RODOS::Topic<RODOS::NetworkMessage>::~Topic()
                0x08004e5c                RODOS::Topic<RODOS::NetworkMessage>::~Topic()
 .text._ZN5RODOS5TopicINS_14NetworkMessageEED0Ev
                0x08004ea0       0x20 /home/rodos/Discovery_WorkSpace_Updated/rodos/Debug_STM32F4/librodos.a(topic.o)
                0x08004ea0                RODOS::Topic<RODOS::NetworkMessage>::~Topic()
 .text._GLOBAL__sub_I__ZN5RODOS14TopicInterfaceC2EllPKc
                0x08004ec0       0x14 /home/rodos/Discovery_WorkSpace_Updated/rodos/Debug_STM32F4/librodos.a(topic.o)
 .text._ZN5RODOS7Yprintf8vaprintfEPKc
                0x08004ed4      0x584 /home/rodos/Discovery_WorkSpace_Updated/rodos/Debug_STM32F4/librodos.a(yprintf.o)
                0x08004ed4                RODOS::Yprintf::vaprintf(char const*)
 .text._ZN5RODOS7xprintfEPKcz
                0x08005458       0x44 /home/rodos/Discovery_WorkSpace_Updated/rodos/Debug_STM32F4/librodos.a(yprintf.o)
                0x08005458                RODOS::xprintf(char const*, ...)
 .text.call_constructors
                0x0800549c       0x50 /home/rodos/Discovery_WorkSpace_Updated/rodos/Debug_STM32F4/librodos.a(call_constructors.o)
                0x0800549c                call_constructors
 .text.__cxa_atexit
                0x080054ec       0x1c /home/rodos/Discovery_WorkSpace_Updated/rodos/Debug_STM32F4/librodos.a(call_constructors.o)
                0x080054ec                __cxa_atexit
 .text.__cxa_pure_virtual
                0x08005508        0x8 /home/rodos/Discovery_WorkSpace_Updated/rodos/Debug_STM32F4/librodos.a(call_constructors.o)
                0x08005508                __cxa_pure_virtual
 .text.Reset_Handler
                0x08005510       0x6c /home/rodos/Discovery_WorkSpace_Updated/rodos/Debug_STM32F4/librodos.a(startup_stm32f4xx.o)
                0x08005510                Reset_Handler
 .text.Default_Handler
                0x0800557c        0x8 /home/rodos/Discovery_WorkSpace_Updated/rodos/Debug_STM32F4/librodos.a(startup_stm32f4xx.o)
                0x0800557c                RTC_Alarm_IRQHandler
                0x0800557c                HASH_RNG_IRQHandler
                0x0800557c                TIM8_CC_IRQHandler
                0x0800557c                DebugMon_Handler
                0x0800557c                TIM1_CC_IRQHandler
                0x0800557c                PVD_IRQHandler
                0x0800557c                SDIO_IRQHandler
                0x0800557c                TAMP_STAMP_IRQHandler
                0x0800557c                CAN2_RX1_IRQHandler
                0x0800557c                TIM8_TRG_COM_TIM14_IRQHandler
                0x0800557c                TIM1_UP_TIM10_IRQHandler
                0x0800557c                TIM8_UP_TIM13_IRQHandler
                0x0800557c                I2C3_ER_IRQHandler
                0x0800557c                I2C2_EV_IRQHandler
                0x0800557c                DMA1_Stream2_IRQHandler
                0x0800557c                CAN1_RX0_IRQHandler
                0x0800557c                FPU_IRQHandler
                0x0800557c                OTG_HS_WKUP_IRQHandler
                0x0800557c                CAN2_SCE_IRQHandler
                0x0800557c                DMA2_Stream2_IRQHandler
                0x0800557c                SPI1_IRQHandler
                0x0800557c                TIM6_DAC_IRQHandler
                0x0800557c                TIM1_BRK_TIM9_IRQHandler
                0x0800557c                DCMI_IRQHandler
                0x0800557c                CAN2_RX0_IRQHandler
                0x0800557c                DMA2_Stream3_IRQHandler
                0x0800557c                CRYP_IRQHandler
                0x0800557c                CAN1_RX1_IRQHandler
                0x0800557c                DMA2_Stream0_IRQHandler
                0x0800557c                TIM4_IRQHandler
                0x0800557c                I2C1_EV_IRQHandler
                0x0800557c                TIM3_IRQHandler
                0x0800557c                RCC_IRQHandler
                0x0800557c                TIM8_BRK_TIM12_IRQHandler
                0x0800557c                Default_Handler
                0x0800557c                ADC_IRQHandler
                0x0800557c                DMA1_Stream7_IRQHandler
                0x0800557c                TIM7_IRQHandler
                0x0800557c                CAN2_TX_IRQHandler
                0x0800557c                I2C3_EV_IRQHandler
                0x0800557c                RTC_WKUP_IRQHandler
                0x0800557c                ETH_WKUP_IRQHandler
                0x0800557c                SPI2_IRQHandler
                0x0800557c                OTG_HS_EP1_IN_IRQHandler
                0x0800557c                DMA1_Stream0_IRQHandler
                0x0800557c                CAN1_TX_IRQHandler
                0x0800557c                FSMC_IRQHandler
                0x0800557c                ETH_IRQHandler
                0x0800557c                OTG_HS_EP1_OUT_IRQHandler
                0x0800557c                WWDG_IRQHandler
                0x0800557c                TIM2_IRQHandler
                0x0800557c                OTG_FS_WKUP_IRQHandler
                0x0800557c                OTG_HS_IRQHandler
                0x0800557c                I2C2_ER_IRQHandler
                0x0800557c                DMA2_Stream1_IRQHandler
                0x0800557c                CAN1_SCE_IRQHandler
                0x0800557c                FLASH_IRQHandler
                0x0800557c                DMA2_Stream4_IRQHandler
                0x0800557c                OTG_FS_IRQHandler
                0x0800557c                SPI3_IRQHandler
                0x0800557c                DMA1_Stream4_IRQHandler
                0x0800557c                I2C1_ER_IRQHandler
                0x0800557c                DMA2_Stream6_IRQHandler
 .text._ZnwjPv  0x08005584       0x18 /home/rodos/Discovery_WorkSpace_Updated/rodos/Debug_STM32F4/librodos.a(hal_gpio.o)
                0x08005584                operator new(unsigned int, void*)
 .text._ZN5RODOS8HAL_GPIO15isWriteFinishedEv
                0x0800559c       0x18 /home/rodos/Discovery_WorkSpace_Updated/rodos/Debug_STM32F4/librodos.a(hal_gpio.o)
                0x0800559c                RODOS::HAL_GPIO::isWriteFinished()
 .text._ZN5RODOS8HAL_GPIO14isReadFinishedEv
                0x080055b4       0x18 /home/rodos/Discovery_WorkSpace_Updated/rodos/Debug_STM32F4/librodos.a(hal_gpio.o)
                0x080055b4                RODOS::HAL_GPIO::isReadFinished()
 .text.NVIC_EnableIRQ
                0x080055cc       0x38 /home/rodos/Discovery_WorkSpace_Updated/rodos/Debug_STM32F4/librodos.a(hal_gpio.o)
 .text.NVIC_ClearPendingIRQ
                0x08005604       0x3c /home/rodos/Discovery_WorkSpace_Updated/rodos/Debug_STM32F4/librodos.a(hal_gpio.o)
 .text._ZN5RODOS17initEXTInterruptsEv
                0x08005640       0x6c /home/rodos/Discovery_WorkSpace_Updated/rodos/Debug_STM32F4/librodos.a(hal_gpio.o)
                0x08005640                RODOS::initEXTInterrupts()
 .text._ZN5RODOS11HW_HAL_GPIOC2ENS_8GPIO_PINEhb
                0x080056ac       0x78 /home/rodos/Discovery_WorkSpace_Updated/rodos/Debug_STM32F4/librodos.a(hal_gpio.o)
                0x080056ac                RODOS::HW_HAL_GPIO::HW_HAL_GPIO(RODOS::GPIO_PIN, unsigned char, bool)
                0x080056ac                RODOS::HW_HAL_GPIO::HW_HAL_GPIO(RODOS::GPIO_PIN, unsigned char, bool)
 .text._ZN5RODOS11HW_HAL_GPIO10setPinMaskEv
                0x08005724       0x74 /home/rodos/Discovery_WorkSpace_Updated/rodos/Debug_STM32F4/librodos.a(hal_gpio.o)
                0x08005724                RODOS::HW_HAL_GPIO::setPinMask()
 .text._ZN5RODOS11HW_HAL_GPIO13EXTIRQHandlerEv
                0x08005798       0x64 /home/rodos/Discovery_WorkSpace_Updated/rodos/Debug_STM32F4/librodos.a(hal_gpio.o)
                0x08005798                RODOS::HW_HAL_GPIO::EXTIRQHandler()
 .text._ZN5RODOS11HW_HAL_GPIO17getGPIO_PinSourceEm
                0x080057fc       0x40 /home/rodos/Discovery_WorkSpace_Updated/rodos/Debug_STM32F4/librodos.a(hal_gpio.o)
                0x080057fc                RODOS::HW_HAL_GPIO::getGPIO_PinSource(unsigned long)
 .text._ZN5RODOS11HW_HAL_GPIO23getRCC_APB1Periph_GPIOxEP12GPIO_TypeDef
                0x0800583c      0x10c /home/rodos/Discovery_WorkSpace_Updated/rodos/Debug_STM32F4/librodos.a(hal_gpio.o)
                0x0800583c                RODOS::HW_HAL_GPIO::getRCC_APB1Periph_GPIOx(GPIO_TypeDef*)
 .text._ZN5RODOS11HW_HAL_GPIO12getSTM32PortENS_8GPIO_PINE
                0x08005948       0xbc /home/rodos/Discovery_WorkSpace_Updated/rodos/Debug_STM32F4/librodos.a(hal_gpio.o)
                0x08005948                RODOS::HW_HAL_GPIO::getSTM32Port(RODOS::GPIO_PIN)
 .text._ZN5RODOS11HW_HAL_GPIO11getSTM32PinENS_8GPIO_PINE
                0x08005a04       0x28 /home/rodos/Discovery_WorkSpace_Updated/rodos/Debug_STM32F4/librodos.a(hal_gpio.o)
                0x08005a04                RODOS::HW_HAL_GPIO::getSTM32Pin(RODOS::GPIO_PIN)
 .text._ZN5RODOS11HW_HAL_GPIO14configureAFPinENS_8GPIO_PINEh
                0x08005a2c       0xa8 /home/rodos/Discovery_WorkSpace_Updated/rodos/Debug_STM32F4/librodos.a(hal_gpio.o)
                0x08005a2c                RODOS::HW_HAL_GPIO::configureAFPin(RODOS::GPIO_PIN, unsigned char)
 .text._ZN5RODOS11HW_HAL_GPIO8resetPinENS_8GPIO_PINE
                0x08005ad4       0x64 /home/rodos/Discovery_WorkSpace_Updated/rodos/Debug_STM32F4/librodos.a(hal_gpio.o)
                0x08005ad4                RODOS::HW_HAL_GPIO::resetPin(RODOS::GPIO_PIN)
 .text._ZN5RODOS8HAL_GPIOC2ENS_8GPIO_PINE
                0x08005b38       0x74 /home/rodos/Discovery_WorkSpace_Updated/rodos/Debug_STM32F4/librodos.a(hal_gpio.o)
                0x08005b38                RODOS::HAL_GPIO::HAL_GPIO(RODOS::GPIO_PIN)
                0x08005b38                RODOS::HAL_GPIO::HAL_GPIO(RODOS::GPIO_PIN)
 .text._ZN5RODOS8HAL_GPIO4initEbmm
                0x08005bac       0x9c /home/rodos/Discovery_WorkSpace_Updated/rodos/Debug_STM32F4/librodos.a(hal_gpio.o)
                0x08005bac                RODOS::HAL_GPIO::init(bool, unsigned long, unsigned long)
 .text._ZN5RODOS8HAL_GPIO6configENS_13GPIO_CFG_TYPEEm
                0x08005c48      0x17c /home/rodos/Discovery_WorkSpace_Updated/rodos/Debug_STM32F4/librodos.a(hal_gpio.o)
                0x08005c48                RODOS::HAL_GPIO::config(RODOS::GPIO_CFG_TYPE, unsigned long)
 .text._ZN5RODOS8HAL_GPIO5resetEv
                0x08005dc4       0x28 /home/rodos/Discovery_WorkSpace_Updated/rodos/Debug_STM32F4/librodos.a(hal_gpio.o)
                0x08005dc4                RODOS::HAL_GPIO::reset()
 .text._ZN5RODOS8HAL_GPIO7setPinsEm
                0x08005dec       0xb0 /home/rodos/Discovery_WorkSpace_Updated/rodos/Debug_STM32F4/librodos.a(hal_gpio.o)
                0x08005dec                RODOS::HAL_GPIO::setPins(unsigned long)
 .text._ZN5RODOS8HAL_GPIO8readPinsEv
                0x08005e9c       0x78 /home/rodos/Discovery_WorkSpace_Updated/rodos/Debug_STM32F4/librodos.a(hal_gpio.o)
                0x08005e9c                RODOS::HAL_GPIO::readPins()
 .text._ZN5RODOS8HAL_GPIO11isDataReadyEv
                0x08005f14       0x1c /home/rodos/Discovery_WorkSpace_Updated/rodos/Debug_STM32F4/librodos.a(hal_gpio.o)
                0x08005f14                RODOS::HAL_GPIO::isDataReady()
 .text._ZN5RODOS8HAL_GPIO15interruptEnableEb
                0x08005f30      0x200 /home/rodos/Discovery_WorkSpace_Updated/rodos/Debug_STM32F4/librodos.a(hal_gpio.o)
                0x08005f30                RODOS::HAL_GPIO::interruptEnable(bool)
 .text.EXTI0_IRQHandler
                0x08006130       0x2c /home/rodos/Discovery_WorkSpace_Updated/rodos/Debug_STM32F4/librodos.a(hal_gpio.o)
                0x08006130                EXTI0_IRQHandler
 .text.EXTI1_IRQHandler
                0x0800615c       0x2c /home/rodos/Discovery_WorkSpace_Updated/rodos/Debug_STM32F4/librodos.a(hal_gpio.o)
                0x0800615c                EXTI1_IRQHandler
 .text.EXTI2_IRQHandler
                0x08006188       0x2c /home/rodos/Discovery_WorkSpace_Updated/rodos/Debug_STM32F4/librodos.a(hal_gpio.o)
                0x08006188                EXTI2_IRQHandler
 .text.EXTI3_IRQHandler
                0x080061b4       0x2c /home/rodos/Discovery_WorkSpace_Updated/rodos/Debug_STM32F4/librodos.a(hal_gpio.o)
                0x080061b4                EXTI3_IRQHandler
 .text.EXTI4_IRQHandler
                0x080061e0       0x2c /home/rodos/Discovery_WorkSpace_Updated/rodos/Debug_STM32F4/librodos.a(hal_gpio.o)
                0x080061e0                EXTI4_IRQHandler
 .text.EXTI9_5_IRQHandler
                0x0800620c       0x78 /home/rodos/Discovery_WorkSpace_Updated/rodos/Debug_STM32F4/librodos.a(hal_gpio.o)
                0x0800620c                EXTI9_5_IRQHandler
 .text.EXTI15_10_IRQHandler
                0x08006284       0x78 /home/rodos/Discovery_WorkSpace_Updated/rodos/Debug_STM32F4/librodos.a(hal_gpio.o)
                0x08006284                EXTI15_10_IRQHandler
 .text._ZN5RODOS10HW_HAL_I2CC2ENS_7I2C_IDXE
                0x080062fc       0x20 /home/rodos/Discovery_WorkSpace_Updated/rodos/Debug_STM32F4/librodos.a(hal_i2c.o)
                0x080062fc                RODOS::HW_HAL_I2C::HW_HAL_I2C(RODOS::I2C_IDX)
                0x080062fc                RODOS::HW_HAL_I2C::HW_HAL_I2C(RODOS::I2C_IDX)
 .text._ZN5RODOS10HW_HAL_I2CC2Ev
                0x0800631c       0x18 /home/rodos/Discovery_WorkSpace_Updated/rodos/Debug_STM32F4/librodos.a(hal_i2c.o)
                0x0800631c                RODOS::HW_HAL_I2C::HW_HAL_I2C()
                0x0800631c                RODOS::HW_HAL_I2C::HW_HAL_I2C()
 .text._ZN5RODOS7HAL_I2CC2ENS_7I2C_IDXE
                0x08006334       0xe8 /home/rodos/Discovery_WorkSpace_Updated/rodos/Debug_STM32F4/librodos.a(hal_i2c.o)
                0x08006334                RODOS::HAL_I2C::HAL_I2C(RODOS::I2C_IDX)
                0x08006334                RODOS::HAL_I2C::HAL_I2C(RODOS::I2C_IDX)
 .text._ZN5RODOS7HAL_I2C4initEm
                0x0800641c      0x130 /home/rodos/Discovery_WorkSpace_Updated/rodos/Debug_STM32F4/librodos.a(hal_i2c.o)
                0x0800641c                RODOS::HAL_I2C::init(unsigned long)
 .text._ZN5RODOS7HAL_I2C5resetEv
                0x0800654c      0x18c /home/rodos/Discovery_WorkSpace_Updated/rodos/Debug_STM32F4/librodos.a(hal_i2c.o)
                0x0800654c                RODOS::HAL_I2C::reset()
 .text._ZN5RODOS7HAL_I2C15isWriteFinishedEv
                0x080066d8       0x18 /home/rodos/Discovery_WorkSpace_Updated/rodos/Debug_STM32F4/librodos.a(hal_i2c.o)
                0x080066d8                RODOS::HAL_I2C::isWriteFinished()
 .text._ZN5RODOS7HAL_I2C14isReadFinishedEv
                0x080066f0       0x18 /home/rodos/Discovery_WorkSpace_Updated/rodos/Debug_STM32F4/librodos.a(hal_i2c.o)
                0x080066f0                RODOS::HAL_I2C::isReadFinished()
 .text._ZN5RODOS7HAL_I2C5writeEhPKhm
                0x08006708       0x70 /home/rodos/Discovery_WorkSpace_Updated/rodos/Debug_STM32F4/librodos.a(hal_i2c.o)
                0x08006708                RODOS::HAL_I2C::write(unsigned char, unsigned char const*, unsigned long)
 .text._ZN5RODOS7HAL_I2C9writeReadEhPKhmPhm
                0x08006778      0x138 /home/rodos/Discovery_WorkSpace_Updated/rodos/Debug_STM32F4/librodos.a(hal_i2c.o)
                0x08006778                RODOS::HAL_I2C::writeRead(unsigned char, unsigned char const*, unsigned long, unsigned char*, unsigned long)
 .text._ZN5RODOS10HW_HAL_I2C15mstrWriteNoStopEhPKhm
                0x080068b0      0x154 /home/rodos/Discovery_WorkSpace_Updated/rodos/Debug_STM32F4/librodos.a(hal_i2c.o)
                0x080068b0                RODOS::HW_HAL_I2C::mstrWriteNoStop(unsigned char, unsigned char const*, unsigned long)
 .text._ZN5RODOS10HW_HAL_I2C9mstrWriteEhPKhm
                0x08006a04       0x54 /home/rodos/Discovery_WorkSpace_Updated/rodos/Debug_STM32F4/librodos.a(hal_i2c.o)
                0x08006a04                RODOS::HW_HAL_I2C::mstrWrite(unsigned char, unsigned char const*, unsigned long)
 .text._ZN5RODOS10HW_HAL_I2C5startEv
                0x08006a58       0xdc /home/rodos/Discovery_WorkSpace_Updated/rodos/Debug_STM32F4/librodos.a(hal_i2c.o)
                0x08006a58                RODOS::HW_HAL_I2C::start()
 .text._ZN5RODOS10HW_HAL_I2C4stopEv
                0x08006b34       0x7c /home/rodos/Discovery_WorkSpace_Updated/rodos/Debug_STM32F4/librodos.a(hal_i2c.o)
                0x08006b34                RODOS::HW_HAL_I2C::stop()
 .text._ZN5RODOS10HW_HAL_I2C8sendAddrEhh
                0x08006bb0       0xac /home/rodos/Discovery_WorkSpace_Updated/rodos/Debug_STM32F4/librodos.a(hal_i2c.o)
                0x08006bb0                RODOS::HW_HAL_I2C::sendAddr(unsigned char, unsigned char)
 .text._ZN5RODOS10HW_HAL_I2C15mstrReadNoStartEhPhm
                0x08006c5c      0x5f0 /home/rodos/Discovery_WorkSpace_Updated/rodos/Debug_STM32F4/librodos.a(hal_i2c.o)
                0x08006c5c                RODOS::HW_HAL_I2C::mstrReadNoStart(unsigned char, unsigned char*, unsigned long)
 .text._ZN5RODOS10HW_HAL_I2C11initMembersEPNS_7HAL_I2CENS_7I2C_IDXENS_8GPIO_PINES4_
                0x0800724c      0x11c /home/rodos/Discovery_WorkSpace_Updated/rodos/Debug_STM32F4/librodos.a(hal_i2c.o)
                0x0800724c                RODOS::HW_HAL_I2C::initMembers(RODOS::HAL_I2C*, RODOS::I2C_IDX, RODOS::GPIO_PIN, RODOS::GPIO_PIN)
 .text._Z41__static_initialization_and_destruction_0ii
                0x08007368       0x50 /home/rodos/Discovery_WorkSpace_Updated/rodos/Debug_STM32F4/librodos.a(hal_i2c.o)
 .text._GLOBAL__sub_I__ZN5RODOS16I2C_contextArrayE
                0x080073b8       0x14 /home/rodos/Discovery_WorkSpace_Updated/rodos/Debug_STM32F4/librodos.a(hal_i2c.o)
 .text.NVIC_EnableIRQ
                0x080073cc       0x38 /home/rodos/Discovery_WorkSpace_Updated/rodos/Debug_STM32F4/librodos.a(hal_uart.o)
 .text.NVIC_DisableIRQ
                0x08007404       0x3c /home/rodos/Discovery_WorkSpace_Updated/rodos/Debug_STM32F4/librodos.a(hal_uart.o)
 .text.NVIC_ClearPendingIRQ
                0x08007440       0x3c /home/rodos/Discovery_WorkSpace_Updated/rodos/Debug_STM32F4/librodos.a(hal_uart.o)
 .text._ZN5RODOS14ReceiveTriggerC2Ev
                0x0800747c       0x38 /home/rodos/Discovery_WorkSpace_Updated/rodos/Debug_STM32F4/librodos.a(hal_uart.o)
                0x0800747c                RODOS::ReceiveTrigger::ReceiveTrigger()
                0x0800747c                RODOS::ReceiveTrigger::ReceiveTrigger()
 .text._ZN5RODOS11HW_HAL_UARTC2Ev
                0x080074b4       0x2c /home/rodos/Discovery_WorkSpace_Updated/rodos/Debug_STM32F4/librodos.a(hal_uart.o)
                0x080074b4                RODOS::HW_HAL_UART::HW_HAL_UART()
                0x080074b4                RODOS::HW_HAL_UART::HW_HAL_UART()
 .text._ZN5RODOS14ReceiveTrigger3runEv
                0x080074e0       0xe0 /home/rodos/Discovery_WorkSpace_Updated/rodos/Debug_STM32F4/librodos.a(hal_uart.o)
                0x080074e0                RODOS::ReceiveTrigger::run()
 .text._ZN5RODOS8HAL_UARTC2ENS_8UART_IDXENS_8GPIO_PINES2_S2_S2_
                0x080075c0       0x8c /home/rodos/Discovery_WorkSpace_Updated/rodos/Debug_STM32F4/librodos.a(hal_uart.o)
                0x080075c0                RODOS::HAL_UART::HAL_UART(RODOS::UART_IDX, RODOS::GPIO_PIN, RODOS::GPIO_PIN, RODOS::GPIO_PIN, RODOS::GPIO_PIN)
                0x080075c0                RODOS::HAL_UART::HAL_UART(RODOS::UART_IDX, RODOS::GPIO_PIN, RODOS::GPIO_PIN, RODOS::GPIO_PIN, RODOS::GPIO_PIN)
 .text._ZN5RODOS8HAL_UARTC2ENS_8UART_IDXE
                0x0800764c      0x1dc /home/rodos/Discovery_WorkSpace_Updated/rodos/Debug_STM32F4/librodos.a(hal_uart.o)
                0x0800764c                RODOS::HAL_UART::HAL_UART(RODOS::UART_IDX)
                0x0800764c                RODOS::HAL_UART::HAL_UART(RODOS::UART_IDX)
 .text.USART1_IRQHandler
                0x08007828       0x18 /home/rodos/Discovery_WorkSpace_Updated/rodos/Debug_STM32F4/librodos.a(hal_uart.o)
                0x08007828                USART1_IRQHandler
 .text.USART2_IRQHandler
                0x08007840       0x18 /home/rodos/Discovery_WorkSpace_Updated/rodos/Debug_STM32F4/librodos.a(hal_uart.o)
                0x08007840                USART2_IRQHandler
 .text.USART3_IRQHandler
                0x08007858       0x18 /home/rodos/Discovery_WorkSpace_Updated/rodos/Debug_STM32F4/librodos.a(hal_uart.o)
                0x08007858                USART3_IRQHandler
 .text.UART4_IRQHandler
                0x08007870       0x18 /home/rodos/Discovery_WorkSpace_Updated/rodos/Debug_STM32F4/librodos.a(hal_uart.o)
                0x08007870                UART4_IRQHandler
 .text.UART5_IRQHandler
                0x08007888       0x18 /home/rodos/Discovery_WorkSpace_Updated/rodos/Debug_STM32F4/librodos.a(hal_uart.o)
                0x08007888                UART5_IRQHandler
 .text.USART6_IRQHandler
                0x080078a0       0x18 /home/rodos/Discovery_WorkSpace_Updated/rodos/Debug_STM32F4/librodos.a(hal_uart.o)
                0x080078a0                USART6_IRQHandler
 .text.DMA2_Stream7_IRQHandler
                0x080078b8       0x5c /home/rodos/Discovery_WorkSpace_Updated/rodos/Debug_STM32F4/librodos.a(hal_uart.o)
                0x080078b8                DMA2_Stream7_IRQHandler
 .text.DMA1_Stream6_IRQHandler
                0x08007914       0x5c /home/rodos/Discovery_WorkSpace_Updated/rodos/Debug_STM32F4/librodos.a(hal_uart.o)
                0x08007914                DMA1_Stream6_IRQHandler
 .text.DMA1_Stream3_IRQHandler
                0x08007970       0x5c /home/rodos/Discovery_WorkSpace_Updated/rodos/Debug_STM32F4/librodos.a(hal_uart.o)
                0x08007970                DMA1_Stream3_IRQHandler
 .text.DMA2_Stream5_IRQHandler
                0x080079cc       0x5c /home/rodos/Discovery_WorkSpace_Updated/rodos/Debug_STM32F4/librodos.a(hal_uart.o)
                0x080079cc                DMA2_Stream5_IRQHandler
 .text.DMA1_Stream5_IRQHandler
                0x08007a28       0x5c /home/rodos/Discovery_WorkSpace_Updated/rodos/Debug_STM32F4/librodos.a(hal_uart.o)
                0x08007a28                DMA1_Stream5_IRQHandler
 .text.DMA1_Stream1_IRQHandler
                0x08007a84       0x5c /home/rodos/Discovery_WorkSpace_Updated/rodos/Debug_STM32F4/librodos.a(hal_uart.o)
                0x08007a84                DMA1_Stream1_IRQHandler
 .text._ZN5RODOS8HAL_UART4initEj
                0x08007ae0       0x3c /home/rodos/Discovery_WorkSpace_Updated/rodos/Debug_STM32F4/librodos.a(hal_uart.o)
                0x08007ae0                RODOS::HAL_UART::init(unsigned int)
 .text._ZN5RODOS8HAL_UART6configENS_19UART_PARAMETER_TYPEEi
                0x08007b1c      0x1e8 /home/rodos/Discovery_WorkSpace_Updated/rodos/Debug_STM32F4/librodos.a(hal_uart.o)
                0x08007b1c                RODOS::HAL_UART::config(RODOS::UART_PARAMETER_TYPE, int)
 .text._ZN5RODOS8HAL_UART5resetEv
                0x08007d04       0xcc /home/rodos/Discovery_WorkSpace_Updated/rodos/Debug_STM32F4/librodos.a(hal_uart.o)
                0x08007d04                RODOS::HAL_UART::reset()
 .text._ZN5RODOS8HAL_UART4readEPci
                0x08007dd0       0xf8 /home/rodos/Discovery_WorkSpace_Updated/rodos/Debug_STM32F4/librodos.a(hal_uart.o)
                0x08007dd0                RODOS::HAL_UART::read(char*, int)
 .text._ZN5RODOS8HAL_UART5writeEPKci
                0x08007ec8      0x10c /home/rodos/Discovery_WorkSpace_Updated/rodos/Debug_STM32F4/librodos.a(hal_uart.o)
                0x08007ec8                RODOS::HAL_UART::write(char const*, int)
 .text._ZN5RODOS8HAL_UART13getcharNoWaitEv
                0x08007fd4       0x90 /home/rodos/Discovery_WorkSpace_Updated/rodos/Debug_STM32F4/librodos.a(hal_uart.o)
                0x08007fd4                RODOS::HAL_UART::getcharNoWait()
 .text._ZN5RODOS8HAL_UART13putcharNoWaitEc
                0x08008064       0xb0 /home/rodos/Discovery_WorkSpace_Updated/rodos/Debug_STM32F4/librodos.a(hal_uart.o)
                0x08008064                RODOS::HAL_UART::putcharNoWait(char)
 .text._ZN5RODOS8HAL_UART6statusENS_16UART_STATUS_TYPEE
                0x08008114       0x68 /home/rodos/Discovery_WorkSpace_Updated/rodos/Debug_STM32F4/librodos.a(hal_uart.o)
                0x08008114                RODOS::HAL_UART::status(RODOS::UART_STATUS_TYPE)
 .text._ZN5RODOS8HAL_UART15isWriteFinishedEv
                0x0800817c       0x60 /home/rodos/Discovery_WorkSpace_Updated/rodos/Debug_STM32F4/librodos.a(hal_uart.o)
                0x0800817c                RODOS::HAL_UART::isWriteFinished()
 .text._ZN5RODOS8HAL_UART11isDataReadyEv
                0x080081dc       0x44 /home/rodos/Discovery_WorkSpace_Updated/rodos/Debug_STM32F4/librodos.a(hal_uart.o)
                0x080081dc                RODOS::HAL_UART::isDataReady()
 .text._ZN5RODOS11HW_HAL_UART11initMembersEPNS_8HAL_UARTENS_8UART_IDXENS_8GPIO_PINES4_S4_S4_
                0x08008220       0x74 /home/rodos/Discovery_WorkSpace_Updated/rodos/Debug_STM32F4/librodos.a(hal_uart.o)
                0x08008220                RODOS::HW_HAL_UART::initMembers(RODOS::HAL_UART*, RODOS::UART_IDX, RODOS::GPIO_PIN, RODOS::GPIO_PIN, RODOS::GPIO_PIN, RODOS::GPIO_PIN)
 .text._ZN5RODOS11HW_HAL_UART12DMAConfigureEv
                0x08008294      0x1e8 /home/rodos/Discovery_WorkSpace_Updated/rodos/Debug_STM32F4/librodos.a(hal_uart.o)
                0x08008294                RODOS::HW_HAL_UART::DMAConfigure()
 .text._ZN5RODOS11HW_HAL_UART16DMAStartTransferEPvi
                0x0800847c       0x60 /home/rodos/Discovery_WorkSpace_Updated/rodos/Debug_STM32F4/librodos.a(hal_uart.o)
                0x0800847c                RODOS::HW_HAL_UART::DMAStartTransfer(void*, int)
 .text._ZN5RODOS11HW_HAL_UART15DMAStartReceiveEPvi
                0x080084dc       0x78 /home/rodos/Discovery_WorkSpace_Updated/rodos/Debug_STM32F4/librodos.a(hal_uart.o)
                0x080084dc                RODOS::HW_HAL_UART::DMAStartReceive(void*, int)
 .text._ZN5RODOS11HW_HAL_UART26DMATransmitFinishedHandlerEv
                0x08008554       0x94 /home/rodos/Discovery_WorkSpace_Updated/rodos/Debug_STM32F4/librodos.a(hal_uart.o)
                0x08008554                RODOS::HW_HAL_UART::DMATransmitFinishedHandler()
 .text._ZN5RODOS11HW_HAL_UART25DMAReceiveFinishedHandlerEv
                0x080085e8       0x78 /home/rodos/Discovery_WorkSpace_Updated/rodos/Debug_STM32F4/librodos.a(hal_uart.o)
                0x080085e8                RODOS::HW_HAL_UART::DMAReceiveFinishedHandler()
 .text._ZN5RODOS11HW_HAL_UART16SendTxBufWithDMAEv
                0x08008660       0x48 /home/rodos/Discovery_WorkSpace_Updated/rodos/Debug_STM32F4/librodos.a(hal_uart.o)
                0x08008660                RODOS::HW_HAL_UART::SendTxBufWithDMA()
 .text._ZN5RODOS11HW_HAL_UART22RceiveIntoRxBufWithDMAEv
                0x080086a8       0x70 /home/rodos/Discovery_WorkSpace_Updated/rodos/Debug_STM32F4/librodos.a(hal_uart.o)
                0x080086a8                RODOS::HW_HAL_UART::RceiveIntoRxBufWithDMA()
 .text._ZN5RODOS14EnableDMAClockEv
                0x08008718       0x40 /home/rodos/Discovery_WorkSpace_Updated/rodos/Debug_STM32F4/librodos.a(hal_uart.o)
                0x08008718                RODOS::EnableDMAClock()
 .text._ZN5RODOS11HW_HAL_UART14UARTIRQHandlerEv
                0x08008758      0x1a8 /home/rodos/Discovery_WorkSpace_Updated/rodos/Debug_STM32F4/librodos.a(hal_uart.o)
                0x08008758                RODOS::HW_HAL_UART::UARTIRQHandler()
 .text._ZN5RODOS11HW_HAL_UART23getRCC_APBxPeriph_UARTxEv
                0x08008900       0x7c /home/rodos/Discovery_WorkSpace_Updated/rodos/Debug_STM32F4/librodos.a(hal_uart.o)
                0x08008900                RODOS::HW_HAL_UART::getRCC_APBxPeriph_UARTx()
 .text._ZN5RODOS11HW_HAL_UART16getGPIO_AF_UARTxEv
                0x0800897c       0x7c /home/rodos/Discovery_WorkSpace_Updated/rodos/Debug_STM32F4/librodos.a(hal_uart.o)
                0x0800897c                RODOS::HW_HAL_UART::getGPIO_AF_UARTx()
 .text._ZN5RODOS11HW_HAL_UART13getUARTx_IRQnEv
                0x080089f8       0x6c /home/rodos/Discovery_WorkSpace_Updated/rodos/Debug_STM32F4/librodos.a(hal_uart.o)
                0x080089f8                RODOS::HW_HAL_UART::getUARTx_IRQn()
 .text._ZN5RODOS11HW_HAL_UART8getUARTxEv
                0x08008a64       0x9c /home/rodos/Discovery_WorkSpace_Updated/rodos/Debug_STM32F4/librodos.a(hal_uart.o)
                0x08008a64                RODOS::HW_HAL_UART::getUARTx()
 .text._ZN5RODOS11HW_HAL_UART4initEj
                0x08008b00      0x100 /home/rodos/Discovery_WorkSpace_Updated/rodos/Debug_STM32F4/librodos.a(hal_uart.o)
                0x08008b00                RODOS::HW_HAL_UART::init(unsigned int)
 .text._ZN5RODOS4FifoIhLi256EED2Ev
                0x08008c00       0x38 /home/rodos/Discovery_WorkSpace_Updated/rodos/Debug_STM32F4/librodos.a(hal_uart.o)
                0x08008c00                RODOS::Fifo<unsigned char, 256>::~Fifo()
                0x08008c00                RODOS::Fifo<unsigned char, 256>::~Fifo()
 .text._ZN5RODOS4FifoIhLi256EED0Ev
                0x08008c38       0x20 /home/rodos/Discovery_WorkSpace_Updated/rodos/Debug_STM32F4/librodos.a(hal_uart.o)
                0x08008c38                RODOS::Fifo<unsigned char, 256>::~Fifo()
 .text._ZN5RODOS9BlockFifoIhLi256EEC2Ev
                0x08008c58       0x28 /home/rodos/Discovery_WorkSpace_Updated/rodos/Debug_STM32F4/librodos.a(hal_uart.o)
                0x08008c58                RODOS::BlockFifo<unsigned char, 256>::BlockFifo()
                0x08008c58                RODOS::BlockFifo<unsigned char, 256>::BlockFifo()
 .text._ZN5RODOS9BlockFifoIhLi256EE15getBufferToReadERi
                0x08008c80       0x64 /home/rodos/Discovery_WorkSpace_Updated/rodos/Debug_STM32F4/librodos.a(hal_uart.o)
                0x08008c80                RODOS::BlockFifo<unsigned char, 256>::getBufferToRead(int&)
 .text._ZN5RODOS9BlockFifoIhLi256EE13readConcludedEi
                0x08008ce4       0x2c /home/rodos/Discovery_WorkSpace_Updated/rodos/Debug_STM32F4/librodos.a(hal_uart.o)
                0x08008ce4                RODOS::BlockFifo<unsigned char, 256>::readConcluded(int)
 .text._ZN5RODOS9BlockFifoIhLi256EE16getBufferToWriteERi
                0x08008d10       0x8c /home/rodos/Discovery_WorkSpace_Updated/rodos/Debug_STM32F4/librodos.a(hal_uart.o)
                0x08008d10                RODOS::BlockFifo<unsigned char, 256>::getBufferToWrite(int&)
 .text._ZN5RODOS9BlockFifoIhLi256EE14writeConcludedEi
                0x08008d9c       0x2c /home/rodos/Discovery_WorkSpace_Updated/rodos/Debug_STM32F4/librodos.a(hal_uart.o)
                0x08008d9c                RODOS::BlockFifo<unsigned char, 256>::writeConcluded(int)
 .text._ZN5RODOS4FifoIhLi256EE3getERh
                0x08008dc8       0x60 /home/rodos/Discovery_WorkSpace_Updated/rodos/Debug_STM32F4/librodos.a(hal_uart.o)
                0x08008dc8                RODOS::Fifo<unsigned char, 256>::get(unsigned char&)
 .text._ZN5RODOS4FifoIhLi256EE3putERKh
                0x08008e28       0x5c /home/rodos/Discovery_WorkSpace_Updated/rodos/Debug_STM32F4/librodos.a(hal_uart.o)
                0x08008e28                RODOS::Fifo<unsigned char, 256>::put(unsigned char const&)
 .text._ZN5RODOS4FifoIhLi256EE15getElementCountEv
                0x08008e84       0x40 /home/rodos/Discovery_WorkSpace_Updated/rodos/Debug_STM32F4/librodos.a(hal_uart.o)
                0x08008e84                RODOS::Fifo<unsigned char, 256>::getElementCount()
 .text._ZN5RODOS4FifoIhLi256EE7isEmptyEv
                0x08008ec4       0x2c /home/rodos/Discovery_WorkSpace_Updated/rodos/Debug_STM32F4/librodos.a(hal_uart.o)
                0x08008ec4                RODOS::Fifo<unsigned char, 256>::isEmpty()
 .text._ZN5RODOS4FifoIhLi256EEC2Ev
                0x08008ef0       0x3c /home/rodos/Discovery_WorkSpace_Updated/rodos/Debug_STM32F4/librodos.a(hal_uart.o)
                0x08008ef0                RODOS::Fifo<unsigned char, 256>::Fifo()
                0x08008ef0                RODOS::Fifo<unsigned char, 256>::Fifo()
 .text._ZN5RODOS9BlockFifoIhLi256EE14advanceIndexExEii
                0x08008f2c       0x3c /home/rodos/Discovery_WorkSpace_Updated/rodos/Debug_STM32F4/librodos.a(hal_uart.o)
                0x08008f2c                RODOS::BlockFifo<unsigned char, 256>::advanceIndexEx(int, int)
 .text._ZN5RODOS4FifoIhLi256EE12advanceIndexEi
                0x08008f68       0x28 /home/rodos/Discovery_WorkSpace_Updated/rodos/Debug_STM32F4/librodos.a(hal_uart.o)
                0x08008f68                RODOS::Fifo<unsigned char, 256>::advanceIndex(int)
 .text._ZN5RODOS9BlockFifoIhLi256EED2Ev
                0x08008f90       0x38 /home/rodos/Discovery_WorkSpace_Updated/rodos/Debug_STM32F4/librodos.a(hal_uart.o)
                0x08008f90                RODOS::BlockFifo<unsigned char, 256>::~BlockFifo()
                0x08008f90                RODOS::BlockFifo<unsigned char, 256>::~BlockFifo()
 .text._ZN5RODOS9BlockFifoIhLi256EED0Ev
                0x08008fc8       0x20 /home/rodos/Discovery_WorkSpace_Updated/rodos/Debug_STM32F4/librodos.a(hal_uart.o)
                0x08008fc8                RODOS::BlockFifo<unsigned char, 256>::~BlockFifo()
 .text._ZN5RODOS14ReceiveTriggerD2Ev
                0x08008fe8       0x38 /home/rodos/Discovery_WorkSpace_Updated/rodos/Debug_STM32F4/librodos.a(hal_uart.o)
                0x08008fe8                RODOS::ReceiveTrigger::~ReceiveTrigger()
                0x08008fe8                RODOS::ReceiveTrigger::~ReceiveTrigger()
 .text._ZN5RODOS14ReceiveTriggerD0Ev
                0x08009020       0x20 /home/rodos/Discovery_WorkSpace_Updated/rodos/Debug_STM32F4/librodos.a(hal_uart.o)
                0x08009020                RODOS::ReceiveTrigger::~ReceiveTrigger()
 .text._ZN5RODOS11HW_HAL_UARTD2Ev
                0x08009040       0x2c /home/rodos/Discovery_WorkSpace_Updated/rodos/Debug_STM32F4/librodos.a(hal_uart.o)
                0x08009040                RODOS::HW_HAL_UART::~HW_HAL_UART()
                0x08009040                RODOS::HW_HAL_UART::~HW_HAL_UART()
 .text.__tcf_0  0x0800906c       0x30 /home/rodos/Discovery_WorkSpace_Updated/rodos/Debug_STM32F4/librodos.a(hal_uart.o)
 .text._Z41__static_initialization_and_destruction_0ii
                0x0800909c       0x90 /home/rodos/Discovery_WorkSpace_Updated/rodos/Debug_STM32F4/librodos.a(hal_uart.o)
 .text._ZN5RODOS4FifoIhLi256EE10putGenericEljPKvRKNS_10NetMsgInfoE
                0x0800912c       0x3c /home/rodos/Discovery_WorkSpace_Updated/rodos/Debug_STM32F4/librodos.a(hal_uart.o)
                0x0800912c                RODOS::Fifo<unsigned char, 256>::putGeneric(long, unsigned int, void const*, RODOS::NetMsgInfo const&)
 .text._GLOBAL__sub_I__ZN5RODOS17UART_contextArrayE
                0x08009168       0x14 /home/rodos/Discovery_WorkSpace_Updated/rodos/Debug_STM32F4/librodos.a(hal_uart.o)
 .text.DMA_Init
                0x0800917c       0xb0 /home/rodos/Discovery_WorkSpace_Updated/rodos/Debug_STM32F4/librodos.a(stm32f4xx_dma.o)
                0x0800917c                DMA_Init
 .text.DMA_StructInit
                0x0800922c       0x8c /home/rodos/Discovery_WorkSpace_Updated/rodos/Debug_STM32F4/librodos.a(stm32f4xx_dma.o)
                0x0800922c                DMA_StructInit
 .text.DMA_Cmd  0x080092b8       0x38 /home/rodos/Discovery_WorkSpace_Updated/rodos/Debug_STM32F4/librodos.a(stm32f4xx_dma.o)
                0x080092b8                DMA_Cmd
 .text.DMA_GetCurrDataCounter
                0x080092f0       0x1c /home/rodos/Discovery_WorkSpace_Updated/rodos/Debug_STM32F4/librodos.a(stm32f4xx_dma.o)
                0x080092f0                DMA_GetCurrDataCounter
 .text.DMA_GetCmdStatus
                0x0800930c       0x38 /home/rodos/Discovery_WorkSpace_Updated/rodos/Debug_STM32F4/librodos.a(stm32f4xx_dma.o)
                0x0800930c                DMA_GetCmdStatus
 .text.DMA_ITConfig
                0x08009344       0x74 /home/rodos/Discovery_WorkSpace_Updated/rodos/Debug_STM32F4/librodos.a(stm32f4xx_dma.o)
                0x08009344                DMA_ITConfig
 .text.DMA_GetITStatus
                0x080093b8       0xc0 /home/rodos/Discovery_WorkSpace_Updated/rodos/Debug_STM32F4/librodos.a(stm32f4xx_dma.o)
                0x080093b8                DMA_GetITStatus
 .text.DMA_ClearITPendingBit
                0x08009478       0x60 /home/rodos/Discovery_WorkSpace_Updated/rodos/Debug_STM32F4/librodos.a(stm32f4xx_dma.o)
                0x08009478                DMA_ClearITPendingBit
 .text.GPIO_Init
                0x080094d8      0x144 /home/rodos/Discovery_WorkSpace_Updated/rodos/Debug_STM32F4/librodos.a(stm32f4xx_gpio.o)
                0x080094d8                GPIO_Init
 .text.GPIO_StructInit
                0x0800961c       0x3c /home/rodos/Discovery_WorkSpace_Updated/rodos/Debug_STM32F4/librodos.a(stm32f4xx_gpio.o)
                0x0800961c                GPIO_StructInit
 .text.GPIO_ReadInputData
                0x08009658       0x1c /home/rodos/Discovery_WorkSpace_Updated/rodos/Debug_STM32F4/librodos.a(stm32f4xx_gpio.o)
                0x08009658                GPIO_ReadInputData
 .text.GPIO_ReadOutputData
                0x08009674       0x1c /home/rodos/Discovery_WorkSpace_Updated/rodos/Debug_STM32F4/librodos.a(stm32f4xx_gpio.o)
                0x08009674                GPIO_ReadOutputData
 .text.GPIO_SetBits
                0x08009690       0x1c /home/rodos/Discovery_WorkSpace_Updated/rodos/Debug_STM32F4/librodos.a(stm32f4xx_gpio.o)
                0x08009690                GPIO_SetBits
 .text.GPIO_ResetBits
                0x080096ac       0x1c /home/rodos/Discovery_WorkSpace_Updated/rodos/Debug_STM32F4/librodos.a(stm32f4xx_gpio.o)
                0x080096ac                GPIO_ResetBits
 .text.GPIO_Write
                0x080096c8       0x1c /home/rodos/Discovery_WorkSpace_Updated/rodos/Debug_STM32F4/librodos.a(stm32f4xx_gpio.o)
                0x080096c8                GPIO_Write
 .text.GPIO_PinAFConfig
                0x080096e4       0xa8 /home/rodos/Discovery_WorkSpace_Updated/rodos/Debug_STM32F4/librodos.a(stm32f4xx_gpio.o)
                0x080096e4                GPIO_PinAFConfig
 .text.I2C_DeInit
                0x0800978c       0x88 /home/rodos/Discovery_WorkSpace_Updated/rodos/Debug_STM32F4/librodos.a(stm32f4xx_i2c.o)
                0x0800978c                I2C_DeInit
 .text.I2C_Init
                0x08009814      0x1ac /home/rodos/Discovery_WorkSpace_Updated/rodos/Debug_STM32F4/librodos.a(stm32f4xx_i2c.o)
                0x08009814                I2C_Init
 .text.I2C_Cmd  0x080099c0       0x40 /home/rodos/Discovery_WorkSpace_Updated/rodos/Debug_STM32F4/librodos.a(stm32f4xx_i2c.o)
                0x080099c0                I2C_Cmd
 .text.I2C_GenerateSTART
                0x08009a00       0x40 /home/rodos/Discovery_WorkSpace_Updated/rodos/Debug_STM32F4/librodos.a(stm32f4xx_i2c.o)
                0x08009a00                I2C_GenerateSTART
 .text.I2C_GenerateSTOP
                0x08009a40       0x40 /home/rodos/Discovery_WorkSpace_Updated/rodos/Debug_STM32F4/librodos.a(stm32f4xx_i2c.o)
                0x08009a40                I2C_GenerateSTOP
 .text.I2C_Send7bitAddress
                0x08009a80       0x3c /home/rodos/Discovery_WorkSpace_Updated/rodos/Debug_STM32F4/librodos.a(stm32f4xx_i2c.o)
                0x08009a80                I2C_Send7bitAddress
 .text.I2C_AcknowledgeConfig
                0x08009abc       0x40 /home/rodos/Discovery_WorkSpace_Updated/rodos/Debug_STM32F4/librodos.a(stm32f4xx_i2c.o)
                0x08009abc                I2C_AcknowledgeConfig
 .text.I2C_SendData
                0x08009afc       0x20 /home/rodos/Discovery_WorkSpace_Updated/rodos/Debug_STM32F4/librodos.a(stm32f4xx_i2c.o)
                0x08009afc                I2C_SendData
 .text.I2C_ReceiveData
                0x08009b1c       0x1c /home/rodos/Discovery_WorkSpace_Updated/rodos/Debug_STM32F4/librodos.a(stm32f4xx_i2c.o)
                0x08009b1c                I2C_ReceiveData
 .text.I2C_CheckEvent
                0x08009b38       0x70 /home/rodos/Discovery_WorkSpace_Updated/rodos/Debug_STM32F4/librodos.a(stm32f4xx_i2c.o)
                0x08009b38                I2C_CheckEvent
 .text.I2C_GetFlagStatus
                0x08009ba8       0x78 /home/rodos/Discovery_WorkSpace_Updated/rodos/Debug_STM32F4/librodos.a(stm32f4xx_i2c.o)
                0x08009ba8                I2C_GetFlagStatus
 .text.I2C_ClearFlag
                0x08009c20       0x30 /home/rodos/Discovery_WorkSpace_Updated/rodos/Debug_STM32F4/librodos.a(stm32f4xx_i2c.o)
                0x08009c20                I2C_ClearFlag
 .text.RCC_LSICmd
                0x08009c50       0x20 /home/rodos/Discovery_WorkSpace_Updated/rodos/Debug_STM32F4/librodos.a(stm32f4xx_rcc.o)
                0x08009c50                RCC_LSICmd
 .text.RCC_GetClocksFreq
                0x08009c70      0x1cc /home/rodos/Discovery_WorkSpace_Updated/rodos/Debug_STM32F4/librodos.a(stm32f4xx_rcc.o)
                0x08009c70                RCC_GetClocksFreq
 .text.RCC_AHB1PeriphClockCmd
                0x08009e3c       0x54 /home/rodos/Discovery_WorkSpace_Updated/rodos/Debug_STM32F4/librodos.a(stm32f4xx_rcc.o)
                0x08009e3c                RCC_AHB1PeriphClockCmd
 .text.RCC_APB1PeriphClockCmd
                0x08009e90       0x54 /home/rodos/Discovery_WorkSpace_Updated/rodos/Debug_STM32F4/librodos.a(stm32f4xx_rcc.o)
                0x08009e90                RCC_APB1PeriphClockCmd
 .text.RCC_APB2PeriphClockCmd
                0x08009ee4       0x54 /home/rodos/Discovery_WorkSpace_Updated/rodos/Debug_STM32F4/librodos.a(stm32f4xx_rcc.o)
                0x08009ee4                RCC_APB2PeriphClockCmd
 .text.RCC_AHB1PeriphResetCmd
                0x08009f38       0x54 /home/rodos/Discovery_WorkSpace_Updated/rodos/Debug_STM32F4/librodos.a(stm32f4xx_rcc.o)
                0x08009f38                RCC_AHB1PeriphResetCmd
 .text.RCC_APB1PeriphResetCmd
                0x08009f8c       0x54 /home/rodos/Discovery_WorkSpace_Updated/rodos/Debug_STM32F4/librodos.a(stm32f4xx_rcc.o)
                0x08009f8c                RCC_APB1PeriphResetCmd
 .text.RCC_APB2PeriphResetCmd
                0x08009fe0       0x54 /home/rodos/Discovery_WorkSpace_Updated/rodos/Debug_STM32F4/librodos.a(stm32f4xx_rcc.o)
                0x08009fe0                RCC_APB2PeriphResetCmd
 .text.RCC_GetFlagStatus
                0x0800a034       0x90 /home/rodos/Discovery_WorkSpace_Updated/rodos/Debug_STM32F4/librodos.a(stm32f4xx_rcc.o)
                0x0800a034                RCC_GetFlagStatus
 .text.SYSCFG_EXTILineConfig
                0x0800a0c4       0xb0 /home/rodos/Discovery_WorkSpace_Updated/rodos/Debug_STM32F4/librodos.a(stm32f4xx_syscfg.o)
                0x0800a0c4                SYSCFG_EXTILineConfig
 .text.USART_DeInit
                0x0800a174      0x150 /home/rodos/Discovery_WorkSpace_Updated/rodos/Debug_STM32F4/librodos.a(stm32f4xx_usart.o)
                0x0800a174                USART_DeInit
 .text.USART_Init
                0x0800a2c4      0x1ac /home/rodos/Discovery_WorkSpace_Updated/rodos/Debug_STM32F4/librodos.a(stm32f4xx_usart.o)
                0x0800a2c4                USART_Init
 .text.USART_StructInit
                0x0800a470       0x44 /home/rodos/Discovery_WorkSpace_Updated/rodos/Debug_STM32F4/librodos.a(stm32f4xx_usart.o)
                0x0800a470                USART_StructInit
 .text.USART_Cmd
                0x0800a4b4       0x40 /home/rodos/Discovery_WorkSpace_Updated/rodos/Debug_STM32F4/librodos.a(stm32f4xx_usart.o)
                0x0800a4b4                USART_Cmd
 .text.USART_ReceiveData
                0x0800a4f4       0x24 /home/rodos/Discovery_WorkSpace_Updated/rodos/Debug_STM32F4/librodos.a(stm32f4xx_usart.o)
                0x0800a4f4                USART_ReceiveData
 .text.USART_DMACmd
                0x0800a518       0x48 /home/rodos/Discovery_WorkSpace_Updated/rodos/Debug_STM32F4/librodos.a(stm32f4xx_usart.o)
                0x0800a518                USART_DMACmd
 .text.USART_ITConfig
                0x0800a560       0xa4 /home/rodos/Discovery_WorkSpace_Updated/rodos/Debug_STM32F4/librodos.a(stm32f4xx_usart.o)
                0x0800a560                USART_ITConfig
 .text.USART_GetFlagStatus
                0x0800a604       0x40 /home/rodos/Discovery_WorkSpace_Updated/rodos/Debug_STM32F4/librodos.a(stm32f4xx_usart.o)
                0x0800a604                USART_GetFlagStatus
 .text.USART_GetITStatus
                0x0800a644       0xc4 /home/rodos/Discovery_WorkSpace_Updated/rodos/Debug_STM32F4/librodos.a(stm32f4xx_usart.o)
                0x0800a644                USART_GetITStatus
 .text.NVIC_SetPriority
                0x0800a708       0x5c /home/rodos/Discovery_WorkSpace_Updated/rodos/Debug_STM32F4/librodos.a(hw_specific.o)
 .text._ZN5RODOS6hwInitEv
                0x0800a764       0x98 /home/rodos/Discovery_WorkSpace_Updated/rodos/Debug_STM32F4/librodos.a(hw_specific.o)
                0x0800a764                RODOS::hwInit()
 .text._ZN5RODOS19hwDisableInterruptsEv
                0x0800a7fc        0xc /home/rodos/Discovery_WorkSpace_Updated/rodos/Debug_STM32F4/librodos.a(hw_specific.o)
                0x0800a7fc                RODOS::hwDisableInterrupts()
 .text._ZN5RODOS18hwEnableInterruptsEv
                0x0800a808        0xc /home/rodos/Discovery_WorkSpace_Updated/rodos/Debug_STM32F4/librodos.a(hw_specific.o)
                0x0800a808                RODOS::hwEnableInterrupts()
 .text._ZN5RODOS13hwInitContextEPlPv
                0x0800a814       0x74 /home/rodos/Discovery_WorkSpace_Updated/rodos/Debug_STM32F4/librodos.a(hw_specific.o)
                0x0800a814                RODOS::hwInitContext(long*, void*)
 .text._ZN5RODOS15startIdleThreadEv
                0x0800a888       0x14 /home/rodos/Discovery_WorkSpace_Updated/rodos/Debug_STM32F4/librodos.a(hw_specific.o)
                0x0800a888                RODOS::startIdleThread()
 .text.SVC_Handler
                0x0800a89c       0x14 /home/rodos/Discovery_WorkSpace_Updated/rodos/Debug_STM32F4/librodos.a(hw_specific.o)
                0x0800a89c                SVC_Handler
 .text.PendSV_Handler
                0x0800a8b0       0x38 /home/rodos/Discovery_WorkSpace_Updated/rodos/Debug_STM32F4/librodos.a(hw_specific.o)
                0x0800a8b0                PendSV_Handler
 .text.__asmSwitchToContext
                0x0800a8e8       0x20 /home/rodos/Discovery_WorkSpace_Updated/rodos/Debug_STM32F4/librodos.a(hw_specific.o)
                0x0800a8e8                __asmSwitchToContext
 .text.__asmSaveContextAndCallScheduler
                0x0800a908       0x24 /home/rodos/Discovery_WorkSpace_Updated/rodos/Debug_STM32F4/librodos.a(hw_specific.o)
                0x0800a908                __asmSaveContextAndCallScheduler
 .text.TIM5_ISR4LSI
                0x0800a92c       0xc4 /home/rodos/Discovery_WorkSpace_Updated/rodos/Debug_STM32F4/librodos.a(hw_specific.o)
                0x0800a92c                TIM5_ISR4LSI
 .text.TIM5_ISR_USER
                0x0800a9f0        0xc /home/rodos/Discovery_WorkSpace_Updated/rodos/Debug_STM32F4/librodos.a(hw_specific.o)
                0x0800a9f0                TIM5_ISR_USER
 .text.TIM5_IRQHandler
                0x0800a9fc       0x20 /home/rodos/Discovery_WorkSpace_Updated/rodos/Debug_STM32F4/librodos.a(hw_specific.o)
                0x0800a9fc                TIM5_IRQHandler
 .text._ZN5RODOSL15GetLSIFrequencyEv
                0x0800aa1c      0x1a0 /home/rodos/Discovery_WorkSpace_Updated/rodos/Debug_STM32F4/librodos.a(hw_specific.o)
 .text._Z41__static_initialization_and_destruction_0ii
                0x0800abbc       0x48 /home/rodos/Discovery_WorkSpace_Updated/rodos/Debug_STM32F4/librodos.a(hw_specific.o)
 .text._GLOBAL__sub_I_contextT
                0x0800ac04       0x14 /home/rodos/Discovery_WorkSpace_Updated/rodos/Debug_STM32F4/librodos.a(hw_specific.o)
 .text.NVIC_EnableIRQ
                0x0800ac18       0x38 /home/rodos/Discovery_WorkSpace_Updated/rodos/Debug_STM32F4/librodos.a(hw_timer.o)
 .text.NVIC_ClearPendingIRQ
                0x0800ac50       0x3c /home/rodos/Discovery_WorkSpace_Updated/rodos/Debug_STM32F4/librodos.a(hw_timer.o)
 .text.NVIC_SetPriority
                0x0800ac8c       0x5c /home/rodos/Discovery_WorkSpace_Updated/rodos/Debug_STM32F4/librodos.a(hw_timer.o)
 .text.SysTick_Handler
                0x0800ace8       0x74 /home/rodos/Discovery_WorkSpace_Updated/rodos/Debug_STM32F4/librodos.a(hw_timer.o)
                0x0800ace8                SysTick_Handler
 .text.SysTick_Config_New
                0x0800ad5c       0x54 /home/rodos/Discovery_WorkSpace_Updated/rodos/Debug_STM32F4/librodos.a(hw_timer.o)
 .text.SysTick_Enable
                0x0800adb0       0x20 /home/rodos/Discovery_WorkSpace_Updated/rodos/Debug_STM32F4/librodos.a(hw_timer.o)
 .text.SysTick_Disable
                0x0800add0       0x20 /home/rodos/Discovery_WorkSpace_Updated/rodos/Debug_STM32F4/librodos.a(hw_timer.o)
 .text._ZN5RODOS5Timer4initEv
                0x0800adf0       0x58 /home/rodos/Discovery_WorkSpace_Updated/rodos/Debug_STM32F4/librodos.a(hw_timer.o)
                0x0800adf0                RODOS::Timer::init()
 .text._ZN5RODOS5Timer5startEv
                0x0800ae48       0x5c /home/rodos/Discovery_WorkSpace_Updated/rodos/Debug_STM32F4/librodos.a(hw_timer.o)
                0x0800ae48                RODOS::Timer::start()
 .text._ZN5RODOS5Timer4stopEv
                0x0800aea4        0xc /home/rodos/Discovery_WorkSpace_Updated/rodos/Debug_STM32F4/librodos.a(hw_timer.o)
                0x0800aea4                RODOS::Timer::stop()
 .text._ZN5RODOS5Timer11setIntervalEx
                0x0800aeb0       0x24 /home/rodos/Discovery_WorkSpace_Updated/rodos/Debug_STM32F4/librodos.a(hw_timer.o)
                0x0800aeb0                RODOS::Timer::setInterval(long long)
 .text.TIM1_TRG_COM_TIM11_IRQHandler
                0x0800aed4       0x48 /home/rodos/Discovery_WorkSpace_Updated/rodos/Debug_STM32F4/librodos.a(hw_timer.o)
                0x0800aed4                TIM1_TRG_COM_TIM11_IRQHandler
 .text._ZN5RODOS9TIMx_initEv
                0x0800af1c       0xec /home/rodos/Discovery_WorkSpace_Updated/rodos/Debug_STM32F4/librodos.a(hw_timer.o)
                0x0800af1c                RODOS::TIMx_init()
 .text._ZN5RODOS16hwGetNanosecondsEv
                0x0800b008       0xe0 /home/rodos/Discovery_WorkSpace_Updated/rodos/Debug_STM32F4/librodos.a(hw_timer.o)
                0x0800b008                RODOS::hwGetNanoseconds()
 .text._ZN5RODOS10hwInitTimeEv
                0x0800b0e8       0x20 /home/rodos/Discovery_WorkSpace_Updated/rodos/Debug_STM32F4/librodos.a(hw_timer.o)
                0x0800b0e8                RODOS::hwInitTime()
 .text.NMI_Handler
                0x0800b108        0x8 /home/rodos/Discovery_WorkSpace_Updated/rodos/Debug_STM32F4/librodos.a(stm32xxx_it.o)
                0x0800b108                NMI_Handler
 .text.HardFault_Handler
                0x0800b110       0x24 /home/rodos/Discovery_WorkSpace_Updated/rodos/Debug_STM32F4/librodos.a(stm32xxx_it.o)
                0x0800b110                HardFault_Handler
 .text.MemManage_Handler
                0x0800b134        0x8 /home/rodos/Discovery_WorkSpace_Updated/rodos/Debug_STM32F4/librodos.a(stm32xxx_it.o)
                0x0800b134                MemManage_Handler
 .text.BusFault_Handler
                0x0800b13c        0x8 /home/rodos/Discovery_WorkSpace_Updated/rodos/Debug_STM32F4/librodos.a(stm32xxx_it.o)
                0x0800b13c                BusFault_Handler
 .text.UsageFault_Handler
                0x0800b144        0x8 /home/rodos/Discovery_WorkSpace_Updated/rodos/Debug_STM32F4/librodos.a(stm32xxx_it.o)
                0x0800b144                UsageFault_Handler
 .text.WWDG_IRQHandlerFunc
                0x0800b14c        0x8 /home/rodos/Discovery_WorkSpace_Updated/rodos/Debug_STM32F4/librodos.a(stm32xxx_it.o)
                0x0800b14c                WWDG_IRQHandlerFunc
 .text._sbrk    0x0800b154       0x9c /home/rodos/Discovery_WorkSpace_Updated/rodos/Debug_STM32F4/librodos.a(syscalls.o)
                0x0800b154                _sbrk
 .text._sbrk_r  0x0800b1f0       0x20 /home/rodos/Discovery_WorkSpace_Updated/rodos/Debug_STM32F4/librodos.a(syscalls.o)
                0x0800b1f0                _sbrk_r
 .text.putchar  0x0800b210       0x90 /home/rodos/Discovery_WorkSpace_Updated/rodos/Debug_STM32F4/librodos.a(syscalls.o)
                0x0800b210                putchar
 .text._ZN5RODOS18sp_partition_yieldEv
                0x0800b2a0        0xc /home/rodos/Discovery_WorkSpace_Updated/rodos/Debug_STM32F4/librodos.a(syscalls.o)
                0x0800b2a0                RODOS::sp_partition_yield()
 .text._ZN5RODOS6FFLUSHEv
                0x0800b2ac        0xc /home/rodos/Discovery_WorkSpace_Updated/rodos/Debug_STM32F4/librodos.a(syscalls.o)
                0x0800b2ac                RODOS::FFLUSH()
 .text.SystemInit
                0x0800b2b8       0xc8 /home/rodos/Discovery_WorkSpace_Updated/rodos/Debug_STM32F4/librodos.a(system_stm32f4xx.o)
                0x0800b2b8                SystemInit
 .text.SystemCoreClockUpdate
                0x0800b380      0x170 /home/rodos/Discovery_WorkSpace_Updated/rodos/Debug_STM32F4/librodos.a(system_stm32f4xx.o)
                0x0800b380                SystemCoreClockUpdate
 .text.SetSysClock
                0x0800b4f0      0x2fc /home/rodos/Discovery_WorkSpace_Updated/rodos/Debug_STM32F4/librodos.a(system_stm32f4xx.o)
 .text.schedulerWrapper
                0x0800b7ec       0x24 /home/rodos/Discovery_WorkSpace_Updated/rodos/Debug_STM32F4/librodos.a(scheduler.o)
                0x0800b7ec                schedulerWrapper
 .text._ZN5RODOS9Scheduler4idleEv
                0x0800b810       0x54 /home/rodos/Discovery_WorkSpace_Updated/rodos/Debug_STM32F4/librodos.a(scheduler.o)
                0x0800b810                RODOS::Scheduler::idle()
 .text._ZN5RODOS9Scheduler8scheduleEv
                0x0800b864       0xac /home/rodos/Discovery_WorkSpace_Updated/rodos/Debug_STM32F4/librodos.a(scheduler.o)
                0x0800b864                RODOS::Scheduler::schedule()
 .text._ZN5RODOS9Scheduler18isSchedulerRunningEv
                0x0800b910       0x20 /home/rodos/Discovery_WorkSpace_Updated/rodos/Debug_STM32F4/librodos.a(scheduler.o)
                0x0800b910                RODOS::Scheduler::isSchedulerRunning()
 .text._Z41__static_initialization_and_destruction_0ii
                0x0800b930       0x38 /home/rodos/Discovery_WorkSpace_Updated/rodos/Debug_STM32F4/librodos.a(scheduler.o)
 .text._GLOBAL__sub_I___schedulerStack__
                0x0800b968       0x14 /home/rodos/Discovery_WorkSpace_Updated/rodos/Debug_STM32F4/librodos.a(scheduler.o)
 .text._ZN5RODOS9SemaphoreC2Ev
                0x0800b97c       0x38 /home/rodos/Discovery_WorkSpace_Updated/rodos/Debug_STM32F4/librodos.a(semaphore.o)
                0x0800b97c                RODOS::Semaphore::Semaphore()
                0x0800b97c                RODOS::Semaphore::Semaphore()
 .text._ZN5RODOS9Semaphore5enterEv
                0x0800b9b4       0xe0 /home/rodos/Discovery_WorkSpace_Updated/rodos/Debug_STM32F4/librodos.a(semaphore.o)
                0x0800b9b4                RODOS::Semaphore::enter()
 .text._ZN5RODOS9Semaphore5leaveEv
                0x0800ba94       0xbc /home/rodos/Discovery_WorkSpace_Updated/rodos/Debug_STM32F4/librodos.a(semaphore.o)
                0x0800ba94                RODOS::Semaphore::leave()
 .text._ZNK5RODOS11ListElement7getNameEv
                0x0800bb50       0x18 /home/rodos/Discovery_WorkSpace_Updated/rodos/Debug_STM32F4/librodos.a(thread_on_hw.o)
                0x0800bb50                RODOS::ListElement::getName() const
 .text._ZN5RODOS6ThreadC2EPKcll
                0x0800bb68       0xf4 /home/rodos/Discovery_WorkSpace_Updated/rodos/Debug_STM32F4/librodos.a(thread_on_hw.o)
                0x0800bb68                RODOS::Thread::Thread(char const*, long, long)
                0x0800bb68                RODOS::Thread::Thread(char const*, long, long)
 .text._ZN5RODOS6ThreadD2Ev
                0x0800bc5c       0x64 /home/rodos/Discovery_WorkSpace_Updated/rodos/Debug_STM32F4/librodos.a(thread_on_hw.o)
                0x0800bc5c                RODOS::Thread::~Thread()
                0x0800bc5c                RODOS::Thread::~Thread()
 .text._ZN5RODOS6ThreadD0Ev
                0x0800bcc0       0x20 /home/rodos/Discovery_WorkSpace_Updated/rodos/Debug_STM32F4/librodos.a(thread_on_hw.o)
                0x0800bcc0                RODOS::Thread::~Thread()
 .text._ZN5RODOS6Thread6createEv
                0x0800bce0       0x14 /home/rodos/Discovery_WorkSpace_Updated/rodos/Debug_STM32F4/librodos.a(thread_on_hw.o)
                0x0800bce0                RODOS::Thread::create()
 .text._ZN5RODOS6Thread5yieldEv
                0x0800bcf4       0x78 /home/rodos/Discovery_WorkSpace_Updated/rodos/Debug_STM32F4/librodos.a(thread_on_hw.o)
                0x0800bcf4                RODOS::Thread::yield()
 .text._ZN5RODOS6Thread8activateEv
                0x0800bd6c       0x64 /home/rodos/Discovery_WorkSpace_Updated/rodos/Debug_STM32F4/librodos.a(thread_on_hw.o)
                0x0800bd6c                RODOS::Thread::activate()
 .text._ZNK5RODOS6Thread11getPriorityEv
                0x0800bdd0       0x18 /home/rodos/Discovery_WorkSpace_Updated/rodos/Debug_STM32F4/librodos.a(thread_on_hw.o)
                0x0800bdd0                RODOS::Thread::getPriority() const
 .text._ZN5RODOS6Thread11setPriorityEl
                0x0800bde8       0x1c /home/rodos/Discovery_WorkSpace_Updated/rodos/Debug_STM32F4/librodos.a(thread_on_hw.o)
                0x0800bde8                RODOS::Thread::setPriority(long)
 .text._ZN5RODOS6Thread16getCurrentThreadEv
                0x0800be04       0x18 /home/rodos/Discovery_WorkSpace_Updated/rodos/Debug_STM32F4/librodos.a(thread_on_hw.o)
                0x0800be04                RODOS::Thread::getCurrentThread()
 .text._ZN5RODOS6Thread6resumeEv
                0x0800be1c       0x3c /home/rodos/Discovery_WorkSpace_Updated/rodos/Debug_STM32F4/librodos.a(thread_on_hw.o)
                0x0800be1c                RODOS::Thread::resume()
 .text._ZN5RODOS6Thread18suspendCallerUntilExPv
                0x0800be58       0x8c /home/rodos/Discovery_WorkSpace_Updated/rodos/Debug_STM32F4/librodos.a(thread_on_hw.o)
                0x0800be58                RODOS::Thread::suspendCallerUntil(long long, void*)
 .text._ZN5RODOS6Thread17initializeThreadsEv
                0x0800bee4      0x118 /home/rodos/Discovery_WorkSpace_Updated/rodos/Debug_STM32F4/librodos.a(thread_on_hw.o)
                0x0800bee4                RODOS::Thread::initializeThreads()
 .text._ZN5RODOS20threadStartupWrapperEPNS_6ThreadE
                0x0800bffc       0x44 /home/rodos/Discovery_WorkSpace_Updated/rodos/Debug_STM32F4/librodos.a(thread_on_hw.o)
                0x0800bffc                RODOS::threadStartupWrapper(RODOS::Thread*)
 .text._ZN5RODOS10IdleThreadC2Ev
                0x0800c040       0x38 /home/rodos/Discovery_WorkSpace_Updated/rodos/Debug_STM32F4/librodos.a(thread_on_hw.o)
                0x0800c040                RODOS::IdleThread::IdleThread()
                0x0800c040                RODOS::IdleThread::IdleThread()